******************************************************************************
                  TI ARM Linker Unix v18.1.4                   
******************************************************************************
>> Linked Fri Dec  7 16:57:45 2018

OUTPUT FILE NAME:   <Thermal and LCD.out>
ENTRY POINT SYMBOL: "_c_int00_noargs"  address: 000032e9


MEMORY CONFIGURATION

         name            origin    length      used     unused   attr    fill
----------------------  --------  ---------  --------  --------  ----  --------
  MAIN                  00000000   00040000  00003d90  0003c270  R  X
  INFO                  00200000   00004000  00000000  00004000  R  X
  SRAM_CODE             01000000   00010000  00000a3e  0000f5c2  RW X
  SRAM_DATA             20000000   00010000  00000a3e  0000f5c2  RW  


SEGMENT ALLOCATION MAP

run origin  load origin   length   init length attrs members
----------  ----------- ---------- ----------- ----- -------
00000000    00000000    00003d90   00003d90    r-x
  00000000    00000000    000000e4   000000e4    r-- .intvecs
  000000e4    000000e4    000036c4   000036c4    r-x .text
  000037a8    000037a8    000005b0   000005b0    r-- .const
  00003d58    00003d58    00000038   00000038    r-- .cinit
20000000    20000000    00000840   00000000    rw-
  20000000    20000000    00000800   00000000    rw- .sysmem
  20000800    20000800    0000002a   00000000    rw- .bss
  2000082c    2000082c    00000014   00000000    rw- .data
2000fe00    2000fe00    00000200   00000000    rw-
  2000fe00    2000fe00    00000200   00000000    rw- .stack


SECTION ALLOCATION MAP

 output                                  attributes/
section   page    origin      length       input sections
--------  ----  ----------  ----------   ----------------
.intvecs   0    00000000    000000e4     
                  00000000    000000e4     startup_msp432p401r_ccs.obj (.intvecs:retain)

.text      0    000000e4    000036c4     
                  000000e4    00000a5e     rtsv7M4_T_le_v4SPD16_eabi.lib : _printfi.c.obj (.text:__TI_printfi)
                  00000b42    0000047e     grlib.a : string.obj (.text:Graphics_drawString)
                  00000fc0    00000270     rtsv7M4_T_le_v4SPD16_eabi.lib : _printfi.c.obj (.text:_pconv_a)
                  00001230    000001d0                                   : _printfi.c.obj (.text:_pconv_g)
                  00001400    000001b6                                   : fd_add_t2.asm.obj (.text)
                  000015b6    00000002     Crystalfontz128x128_ST7735.obj (.text:Crystalfontz128x128_Flush)
                  000015b8    0000016c     main.obj (.text:main)
                  00001724    00000160     msp432p4xx_driverlib.lib : adc14.o (.text:_getIndexForMemRegister)
                  00001884    0000015c                              : pcm.o (.text:__PCM_setPowerModeAdvanced)
                  000019e0    0000013c     rtsv7M4_T_le_v4SPD16_eabi.lib : _printfi.c.obj (.text:_pconv_e)
                  00001b1c    00000136                                   : fd_div_t2.asm.obj (.text)
                  00001c52    00000002     startup_msp432p401r_ccs.obj (.text:Default_Handler)
                  00001c54    00000130     msp432p4xx_driverlib.lib : cs.o (.text:CS_initClockSignal)
                  00001d84    00000124     rtsv7M4_T_le_v4SPD16_eabi.lib : _printfi.c.obj (.text:fcvt)
                  00001ea8    00000110     Crystalfontz128x128_ST7735.obj (.text:Crystalfontz128x128_Init)
                  00001fb8    00000110     rtsv7M4_T_le_v4SPD16_eabi.lib : s_scalbn.c.obj (.text:scalbn)
                  000020c8    00000108     msp432p4xx_driverlib.lib : pcm.o (.text:__PCM_setCoreVoltageLevelAdvanced)
                  000021d0    00000104     Crystalfontz128x128_ST7735.obj (.text:Crystalfontz128x128_PixelDrawMultiple)
                  000022d4    000000fc     rtsv7M4_T_le_v4SPD16_eabi.lib : fd_mul_t2.asm.obj (.text)
                  000023d0    000000fa     grlib.a : string.obj (.text:Graphics_getStringWidth)
                  000024ca    00000002     rtsv7M4_T_le_v4SPD16_eabi.lib : div0.asm.obj (.text)
                  000024cc    000000c8     main.obj (.text:ADC14_IRQHandler)
                  00002594    000000b1     rtsv7M4_T_le_v4SPD16_eabi.lib : _printfi.c.obj (.text:_ltostr)
                  00002645    00000001     --HOLE-- [fill = 0]
                  00002646    000000b0     msp432p4xx_driverlib.lib : spi.o (.text:SPI_initMaster)
                  000026f6    0000009c     grlib.a : line.obj (.text:Graphics_drawLineH)
                  00002792    0000009c     rtsv7M4_T_le_v4SPD16_eabi.lib : memcpy_t2.asm.obj (.text)
                  0000282e    00000096                                   : ull_div_t2.asm.obj (.text)
                  000028c4    00000088     msp432p4xx_driverlib.lib : gpio.o (.text:GPIO_setAsPeripheralModuleFunctionOutputPin)
                  0000294c    00000086     rtsv7M4_T_le_v4SPD16_eabi.lib : fd_cmp_t2.asm.obj (.text:__aeabi_cdcmple)
                  000029d2    00000086                                   : fd_cmp_t2.asm.obj (.text:__aeabi_cdrcmple)
                  00002a58    00000084     Crystalfontz128x128_ST7735.obj (.text:Crystalfontz128x128_SetDrawFrame)
                  00002adc    0000007a     rtsv7M4_T_le_v4SPD16_eabi.lib : memset_t2.asm.obj (.text)
                  00002b56    0000006e                                   : _printfi.c.obj (.text:_mcpy)
                  00002bc4    00000068     system_msp432p401r.obj (.text:SystemInit)
                  00002c2c    00000068     rtsv7M4_T_le_v4SPD16_eabi.lib : copy_decompress_lzss.c.obj (.text:decompress:lzss:__TI_decompress_lzss)
                  00002c94    00000064                                   : s_frexp.c.obj (.text:frexp)
                  00002cf8    0000005e     msp432p4xx_driverlib.lib : pcm.o (.text:PCM_getCoreVoltageLevel)
                  00002d56    0000005a                              : pcm.o (.text:PCM_getPowerMode)
                  00002db0    00000056     Crystalfontz128x128_ST7735.obj (.text:Crystalfontz128x128_RectFill)
                  00002e06    00000056     rtsv7M4_T_le_v4SPD16_eabi.lib : _printfi.c.obj (.text:_pconv_f)
                  00002e5c    00000054                                   : ltoa.c.obj (.text:ltoa)
                  00002eb0    00000052     grlib.a : context.obj (.text:Graphics_initContext)
                  00002f02    00000052     rtsv7M4_T_le_v4SPD16_eabi.lib : _printfi.c.obj (.text:_ecpy)
                  00002f54    0000004c                                   : atoi.c.obj (.text:atoi)
                  00002fa0    00000048     msp432p4xx_driverlib.lib : flash.o (.text:FlashCtl_setWaitState)
                  00002fe8    00000048     grlib.a : string.obj (.text:Graphics_drawStringCentered)
                  00003030    00000048     rtsv7M4_T_le_v4SPD16_eabi.lib : fd_toi_t2.asm.obj (.text)
                  00003078    00000044                                   : autoinit.c.obj (.text:__TI_auto_init_nobinit_nopinit:__TI_auto_init_nobinit_nopinit)
                  000030bc    00000040     msp432p4xx_driverlib.lib : gpio.o (.text:GPIO_setAsOutputPin)
                  000030fc    00000040     grlib.a : string.obj (.text:Graphics_getNumberOfLeadingZeros)
                  0000313c    00000040     HAL_MSP_EXP432P401R_Crystalfontz128x128_ST7735.obj (.text:HAL_LCD_SpiInit)
                  0000317c    00000040     msp432p4xx_driverlib.lib : spi.o (.text:is_A_Module)
                  000031bc    00000040     rtsv7M4_T_le_v4SPD16_eabi.lib : sprintf.c.obj (.text:sprintf)
                  000031fc    0000003e                                   : _printfi.c.obj (.text:_fcpy)
                  0000323a    0000003c     Crystalfontz128x128_ST7735.obj (.text:Crystalfontz128x128_LineDrawV)
                  00003276    0000003a     Crystalfontz128x128_ST7735.obj (.text:Crystalfontz128x128_LineDrawH)
                  000032b0    00000038     msp432p4xx_driverlib.lib : adc14.o (.text:ADC14_getEnabledInterruptStatus)
                  000032e8    00000038     rtsv7M4_T_le_v4SPD16_eabi.lib : boot_cortex_m.c.obj (.text:_c_int00_noargs:_c_int00_noargs)
                  00003320    00000036     grlib.a : display.obj (.text:Graphics_drawHorizontalLineOnDisplay)
                  00003356    00000002     --HOLE-- [fill = 0]
                  00003358    00000034     msp432p4xx_driverlib.lib : cs.o (.text:CS_setDCOCenteredFrequency)
                  0000338c    00000034     Crystalfontz128x128_ST7735.obj (.text:Crystalfontz128x128_SetOrientation)
                  000033c0    00000030     msp432p4xx_driverlib.lib : adc14.o (.text:ADC14_clearInterruptFlag)
                  000033f0    00000030     HAL_MSP_EXP432P401R_Crystalfontz128x128_ST7735.obj (.text:HAL_LCD_PortInit)
                  00003420    0000002e     rtsv7M4_T_le_v4SPD16_eabi.lib : i_tofd_t2.asm.obj (.text)
                  0000344e    00000002     --HOLE-- [fill = 0]
                  00003450    0000002c     msp432p4xx_driverlib.lib : adc14.o (.text:ADC14_getInterruptStatus)
                  0000347c    0000002c     grlib.a : display.obj (.text:Graphics_drawPixelOnDisplay)
                  000034a8    0000002c     HAL_MSP_EXP432P401R_Crystalfontz128x128_ST7735.obj (.text:HAL_LCD_writeCommand)
                  000034d4    00000028     Crystalfontz128x128_ST7735.obj (.text:Crystalfontz128x128_PixelDraw)
                  000034fc    00000028     msp432p4xx_driverlib.lib : gpio.o (.text:GPIO_setOutputHighOnPin)
                  00003524    00000028                              : gpio.o (.text:GPIO_setOutputLowOnPin)
                  0000354c    00000020     Crystalfontz128x128_ST7735.obj (.text:Crystalfontz128x128_ClearScreen)
                  0000356c    0000001c     msp432p4xx_driverlib.lib : adc14.o (.text:ADC14_getResult)
                  00003588    0000001c                              : spi.o (.text:SPI_enableModule)
                  000035a4    0000001c     rtsv7M4_T_le_v4SPD16_eabi.lib : memccpy.c.obj (.text:memccpy)
                  000035c0    0000001a     grlib.a : display.obj (.text:Graphics_clearDisplayOnDisplay)
                  000035da    0000001a             : context.obj (.text:Graphics_setBackgroundColor)
                  000035f4    0000001a             : context.obj (.text:Graphics_setFont)
                  0000360e    00000002     --HOLE-- [fill = 0]
                  00003610    00000018     HAL_MSP_EXP432P401R_Crystalfontz128x128_ST7735.obj (.text:HAL_LCD_writeData)
                  00003628    00000018     rtsv7M4_T_le_v4SPD16_eabi.lib : sprintf.c.obj (.text:_outs)
                  00003640    00000016     Crystalfontz128x128_ST7735.obj (.text:Crystalfontz128x128_ColorTranslate)
                  00003656    00000016     msp432p4xx_driverlib.lib : spi.o (.text:EUSCI_A_SPI_enable)
                  0000366c    00000016                              : spi.o (.text:EUSCI_B_SPI_enable)
                  00003682    00000016     grlib.a : context.obj (.text:Graphics_setForegroundColor)
                  00003698    00000016             : display.obj (.text:Graphics_translateColorOnDisplay)
                  000036ae    00000016     rtsv7M4_T_le_v4SPD16_eabi.lib : strchr.c.obj (.text:strchr)
                  000036c4    00000014     msp432p4xx_driverlib.lib : pcm.o (.text:PCM_getPowerState)
                  000036d8    00000014     rtsv7M4_T_le_v4SPD16_eabi.lib : s_copysign.c.obj (.text:copysign)
                  000036ec    00000014                                   : strlen.c.obj (.text:strlen)
                  00003700    00000012     grlib.a : context.obj (.text:Graphics_clearDisplay)
                  00003712    00000012     rtsv7M4_T_le_v4SPD16_eabi.lib : copy_zero_init.c.obj (.text:decompress:ZI:__TI_zero_init_nomemset:__TI_zero_init_nomemset)
                  00003724    00000012                                   : wcslen.c.obj (.text:wcslen)
                  00003736    00000010     msp432p4xx_driverlib.lib : interrupt.o (.text:Interrupt_disableMaster)
                  00003746    00000010                              : pcm.o (.text:PCM_setCoreVoltageLevel)
                  00003756    00000010                              : pcm.o (.text:PCM_setPowerMode)
                  00003766    0000000e     rtsv7M4_T_le_v4SPD16_eabi.lib : copy_decompress_none.c.obj (.text:decompress:none:__TI_decompress_none)
                  00003774    0000000c     msp432p4xx_driverlib.lib : cpu.o (.text:CPU_cpsid)
                  00003780    0000000c     startup_msp432p401r_ccs.obj (.text:Reset_Handler)
                  0000378c    0000000a     rtsv7M4_T_le_v4SPD16_eabi.lib : sprintf.c.obj (.text:_outc)
                  00003796    00000002     --HOLE-- [fill = 0]
                  00003798    00000008                                   : errno.c.obj (.text:__aeabi_errno_addr)
                  000037a0    00000004                                   : pre_init.c.obj (.text:_system_pre_init)
                  000037a4    00000004                                   : exit.c.obj (.text:abort:abort)

.const     0    000037a8    000005b0     
                  000037a8    000002f8     grlib.a : fontfixed6x8.obj (.const:.string:g_pucFontFixed6x8Data)
                  00003aa0    00000101     rtsv7M4_T_le_v4SPD16_eabi.lib : ctype.c.obj (.const:.string:_ctypes_)
                  00003ba1    00000003     --HOLE-- [fill = 0]
                  00003ba4    000000c8     grlib.a : fontfixed6x8.obj (.const:g_sFontFixed6x8)
                  00003c6c    00000080     msp432p4xx_driverlib.lib : adc14.o (.const:_ctlRegs)
                  00003cec    00000030                              : gpio.o (.const:GPIO_PORT_TO_BASE)
                  00003d1c    00000020     Crystalfontz128x128_ST7735.obj (.const:g_sCrystalfontz128x128_funcs)
                  00003d3c    0000001c     HAL_MSP_EXP432P401R_Crystalfontz128x128_ST7735.obj (.const:$P$T0$1)

.cinit     0    00003d58    00000038     
                  00003d58    0000000d     (.cinit..data.load) [load image, compression = lzss]
                  00003d65    00000003     --HOLE-- [fill = 0]
                  00003d68    0000000c     (__TI_handler_table)
                  00003d74    00000004     --HOLE-- [fill = 0]
                  00003d78    00000008     (.cinit..bss.load) [load image, compression = zero_init]
                  00003d80    00000010     (__TI_cinit_table)

.init_array 
*          0    00000000    00000000     UNINITIALIZED

.binit     0    00000000    00000000     

.sysmem    0    20000000    00000800     UNINITIALIZED
                  20000000    00000008     rtsv7M4_T_le_v4SPD16_eabi.lib : memory.c.obj (.sysmem)
                  20000008    000007f8     --HOLE--

.bss       0    20000800    0000002a     UNINITIALIZED
                  20000800    0000001c     (.common:g_sContext)
                  2000081c    00000004     main.obj (.bss:resultsBuffer)
                  20000820    00000002     (.common:Lcd_ScreenHeigth)
                  20000822    00000002     (.common:Lcd_ScreenWidth)
                  20000824    00000002     (.common:Lcd_TouchTrim)
                  20000826    00000001     (.common:Lcd_FlagRead)
                  20000827    00000001     (.common:Lcd_FontSolid)
                  20000828    00000001     (.common:Lcd_Orientation)
                  20000829    00000001     (.common:Lcd_PenSolid)

.data      0    2000082c    00000014     UNINITIALIZED
                  2000082c    00000010     Crystalfontz128x128_ST7735.obj (.data:g_sCrystalfontz128x128)
                  2000083c    00000004     rtsv7M4_T_le_v4SPD16_eabi.lib : errno.c.obj (.data)

.stack     0    2000fe00    00000200     UNINITIALIZED
                  2000fe00    00000004     rtsv7M4_T_le_v4SPD16_eabi.lib : boot_cortex_m.c.obj (.stack)
                  2000fe04    000001fc     --HOLE--

MODULE SUMMARY

       Module                                               code    ro data   rw data
       ------                                               ----    -------   -------
    ./
       main.obj                                             564     0         64     
       system_msp432p401r.obj                               104     0         0      
    +--+----------------------------------------------------+-------+---------+---------+
       Total:                                               668     0         64     
                                                                                     
    ./LcdDriver/
       Crystalfontz128x128_ST7735.obj                       1016    32        52     
       HAL_MSP_EXP432P401R_Crystalfontz128x128_ST7735.obj   180     28        0      
    +--+----------------------------------------------------+-------+---------+---------+
       Total:                                               1196    60        52     
                                                                                     
    ./ccs/
       startup_msp432p401r_ccs.obj                          14      228       0      
    +--+----------------------------------------------------+-------+---------+---------+
       Total:                                               14      228       0      
                                                                                     
    /Applications/ti/ccsv8/tools/compiler/ti-cgt-arm_18.1.4.LTS/lib/rtsv7M4_T_le_v4SPD16_eabi.lib
       _printfi.c.obj                                       4867    0         0      
       fd_add_t2.asm.obj                                    438     0         0      
       fd_div_t2.asm.obj                                    310     0         0      
       s_scalbn.c.obj                                       272     0         0      
       fd_cmp_t2.asm.obj                                    268     0         0      
       ctype.c.obj                                          0       257       0      
       fd_mul_t2.asm.obj                                    252     0         0      
       memcpy_t2.asm.obj                                    156     0         0      
       ull_div_t2.asm.obj                                   150     0         0      
       memset_t2.asm.obj                                    122     0         0      
       copy_decompress_lzss.c.obj                           104     0         0      
       s_frexp.c.obj                                        100     0         0      
       sprintf.c.obj                                        98      0         0      
       ltoa.c.obj                                           84      0         0      
       atoi.c.obj                                           76      0         0      
       fd_toi_t2.asm.obj                                    72      0         0      
       autoinit.c.obj                                       68      0         0      
       boot_cortex_m.c.obj                                  56      0         0      
       i_tofd_t2.asm.obj                                    46      0         0      
       memccpy.c.obj                                        28      0         0      
       strchr.c.obj                                         22      0         0      
       s_copysign.c.obj                                     20      0         0      
       strlen.c.obj                                         20      0         0      
       copy_zero_init.c.obj                                 18      0         0      
       wcslen.c.obj                                         18      0         0      
       errno.c.obj                                          8       0         8      
       copy_decompress_none.c.obj                           14      0         0      
       exit.c.obj                                           4       0         0      
       pre_init.c.obj                                       4       0         0      
       div0.asm.obj                                         2       0         0      
    +--+----------------------------------------------------+-------+---------+---------+
       Total:                                               7697    257       8      
                                                                                     
    /Users/LuisDavidRuiz/ti/simplelink_msp432p4_sdk_2_30_00_14/source/ti/devices/msp432p4xx/driverlib/ccs/msp432p4xx_driverlib.lib
       pcm.o                                                848     0         0      
       adc14.o                                              528     128       0      
       cs.o                                                 356     0         0      
       gpio.o                                               280     48        0      
       spi.o                                                312     0         0      
       flash.o                                              72      0         0      
       interrupt.o                                          16      0         0      
       cpu.o                                                12      0         0      
    +--+----------------------------------------------------+-------+---------+---------+
       Total:                                               2424    176       0      
                                                                                     
    /Users/LuisDavidRuiz/ti/simplelink_msp432p4_sdk_2_30_00_14/source/ti/grlib/lib/ccs/m4f/grlib.a
       string.obj                                           1536    0         0      
       fontfixed6x8.obj                                     0       960       0      
       context.obj                                          174     0         0      
       line.obj                                             156     0         0      
       display.obj                                          146     0         0      
    +--+----------------------------------------------------+-------+---------+---------+
       Total:                                               2012    960       0      
                                                                                     
       Heap:                                                0       0         4096   
       Stack:                                               0       0         1024   
       Linker Generated:                                    0       49        0      
    +--+----------------------------------------------------+-------+---------+---------+
       Grand Total:                                         14011   1730      5244   


LINKER GENERATED COPY TABLES

__TI_cinit_table @ 00003d80 records: 2, size/record: 8, table size: 16
	.data: load addr=00003d58, load size=0000000d bytes, run addr=2000082c, run size=00000014 bytes, compression=lzss
	.bss: load addr=00003d78, load size=00000008 bytes, run addr=20000800, run size=0000002a bytes, compression=zero_init


LINKER GENERATED HANDLER TABLE

__TI_handler_table @ 00003d68 records: 3, size/record: 4, table size: 12
	index: 0, handler: __TI_decompress_lzss
	index: 1, handler: __TI_decompress_none
	index: 2, handler: __TI_zero_init


GLOBAL SYMBOLS: SORTED ALPHABETICALLY BY Name 

address   name                                       
-------   ----                                       
000024cd  ADC14_IRQHandler                           
000024cd  ADC14_IRQHandler                           
000033c1  ADC14_clearInterruptFlag                   
000032b1  ADC14_getEnabledInterruptStatus            
00003451  ADC14_getInterruptStatus                   
0000356d  ADC14_getResult                            
00001c53  AES256_IRQHandler                          
00001c53  BusFault_Handler                           
000037a5  C$$EXIT                                    
00001c53  COMP_E0_IRQHandler                         
00001c53  COMP_E1_IRQHandler                         
00003775  CPU_cpsid                                  
00001c53  CS_IRQHandler                              
00001c55  CS_initClockSignal                         
00003359  CS_setDCOCenteredFrequency                 
00001ea9  Crystalfontz128x128_Init                   
00002a59  Crystalfontz128x128_SetDrawFrame           
0000338d  Crystalfontz128x128_SetOrientation         
00001c53  DMA_ERR_IRQHandler                         
00001c53  DMA_INT0_IRQHandler                        
00001c53  DMA_INT1_IRQHandler                        
00001c53  DMA_INT2_IRQHandler                        
00001c53  DMA_INT3_IRQHandler                        
00001c53  DebugMon_Handler                           
00001c53  Default_Handler                            
00001c53  EUSCIA0_IRQHandler                         
00001c53  EUSCIA1_IRQHandler                         
00001c53  EUSCIA2_IRQHandler                         
00001c53  EUSCIA3_IRQHandler                         
00001c53  EUSCIB0_IRQHandler                         
00001c53  EUSCIB1_IRQHandler                         
00001c53  EUSCIB2_IRQHandler                         
00001c53  EUSCIB3_IRQHandler                         
00003657  EUSCI_A_SPI_enable                         
0000366d  EUSCI_B_SPI_enable                         
00001c53  FLCTL_IRQHandler                           
00001c53  FPU_IRQHandler                             
00002fa1  FlashCtl_setWaitState                      
000030bd  GPIO_setAsOutputPin                        
000028c5  GPIO_setAsPeripheralModuleFunctionOutputPin
000034fd  GPIO_setOutputHighOnPin                    
00003525  GPIO_setOutputLowOnPin                     
00003701  Graphics_clearDisplay                      
000035c1  Graphics_clearDisplayOnDisplay             
00003321  Graphics_drawHorizontalLineOnDisplay       
000026f7  Graphics_drawLineH                         
0000347d  Graphics_drawPixelOnDisplay                
00000b43  Graphics_drawString                        
00002fe9  Graphics_drawStringCentered                
000023d1  Graphics_getStringWidth                    
00002eb1  Graphics_initContext                       
000035db  Graphics_setBackgroundColor                
000035f5  Graphics_setFont                           
00003683  Graphics_setForegroundColor                
00003699  Graphics_translateColorOnDisplay           
000033f1  HAL_LCD_PortInit                           
0000313d  HAL_LCD_SpiInit                            
000034a9  HAL_LCD_writeCommand                       
00003611  HAL_LCD_writeData                          
00001c53  HardFault_Handler                          
00003737  Interrupt_disableMaster                    
20000826  Lcd_FlagRead                               
20000827  Lcd_FontSolid                              
20000828  Lcd_Orientation                            
20000829  Lcd_PenSolid                               
20000820  Lcd_ScreenHeigth                           
20000822  Lcd_ScreenWidth                            
20000824  Lcd_TouchTrim                              
00001c53  MemManage_Handler                          
00001c53  NMI_Handler                                
00001c53  PCM_IRQHandler                             
00002cf9  PCM_getCoreVoltageLevel                    
00002d57  PCM_getPowerMode                           
000036c5  PCM_getPowerState                          
00003747  PCM_setCoreVoltageLevel                    
00003757  PCM_setPowerMode                           
00001c53  PORT1_IRQHandler                           
00001c53  PORT2_IRQHandler                           
00001c53  PORT3_IRQHandler                           
00001c53  PORT4_IRQHandler                           
00001c53  PORT5_IRQHandler                           
00001c53  PORT6_IRQHandler                           
00001c53  PSS_IRQHandler                             
00001c53  PendSV_Handler                             
00001c53  RTC_C_IRQHandler                           
00003781  Reset_Handler                              
00003589  SPI_enableModule                           
00002647  SPI_initMaster                             
00001c53  SVC_Handler                                
00001c53  SysTick_Handler                            
00002bc5  SystemInit                                 
00001c53  T32_INT1_IRQHandler                        
00001c53  T32_INT2_IRQHandler                        
00001c53  T32_INTC_IRQHandler                        
00001c53  TA0_0_IRQHandler                           
00001c53  TA0_N_IRQHandler                           
00001c53  TA1_0_IRQHandler                           
00001c53  TA1_N_IRQHandler                           
00001c53  TA2_0_IRQHandler                           
00001c53  TA2_N_IRQHandler                           
00001c53  TA3_0_IRQHandler                           
00001c53  TA3_N_IRQHandler                           
00001c53  UsageFault_Handler                         
4000480c  WDTCTL_SYM                                 
00001c53  WDT_A_IRQHandler                           
20010000  __STACK_END                                
00000200  __STACK_SIZE                               
00000800  __SYSMEM_SIZE                              
00003d80  __TI_CINIT_Base                            
00003d90  __TI_CINIT_Limit                           
00003d68  __TI_Handler_Table_Base                    
00003d74  __TI_Handler_Table_Limit                   
00003079  __TI_auto_init_nobinit_nopinit             
00002c2d  __TI_decompress_lzss                       
00003767  __TI_decompress_none                       
ffffffff  __TI_pprof_out_hndl                        
000000e5  __TI_printfi                               
ffffffff  __TI_prof_data_size                        
ffffffff  __TI_prof_data_start                       
00000000  __TI_static_base__                         
00003713  __TI_zero_init_nomemset                    
0000294d  __aeabi_cdcmpeq                            
0000294d  __aeabi_cdcmple                            
000029d3  __aeabi_cdrcmple                           
00003031  __aeabi_d2iz                               
0000140b  __aeabi_dadd                               
00001b1d  __aeabi_ddiv                               
000022d5  __aeabi_dmul                               
00001401  __aeabi_dsub                               
00003799  __aeabi_errno_addr                         
00003421  __aeabi_i2d                                
000024cb  __aeabi_idiv0                              
000024cb  __aeabi_ldiv0                              
00002add  __aeabi_memclr                             
00002add  __aeabi_memclr4                            
00002add  __aeabi_memclr8                            
00002793  __aeabi_memcpy                             
00002793  __aeabi_memcpy4                            
00002793  __aeabi_memcpy8                            
00002adf  __aeabi_memset                             
00002adf  __aeabi_memset4                            
00002adf  __aeabi_memset8                            
0000282f  __aeabi_uldivmod                           
ffffffff  __binit__                                  
ffffffff  __c_args__                                 
UNDEFED   __mpu_init                                 
2000fe00  __stack                                    
000032e9  _c_int00_noargs                            
00003aa0  _ctypes_                                   
20000000  _sys_memory                                
UNDEFED   _system_post_cinit                         
000037a1  _system_pre_init                           
000037a5  abort                                      
00002f55  atoi                                       
ffffffff  binit                                      
000036d9  copysign                                   
000036d9  copysignl                                  
2000083c  errno                                      
00002c95  frexp                                      
00002c95  frexpl                                     
20000800  g_sContext                                 
2000082c  g_sCrystalfontz128x128                     
00003d1c  g_sCrystalfontz128x128_funcs               
00003ba4  g_sFontFixed6x8                            
00000000  interruptVectors                           
00001fb9  ldexp                                      
00001fb9  ldexpl                                     
00002e5d  ltoa                                       
000015b9  main                                       
000035a5  memccpy                                    
00002793  memcpy                                     
00002ae5  memset                                     
00001fb9  scalbn                                     
00001fb9  scalbnl                                    
000031bd  sprintf                                    
000036af  strchr                                     
000036ed  strlen                                     
00003725  wcslen                                     


GLOBAL SYMBOLS: SORTED BY Symbol Address 

address   name                                       
-------   ----                                       
00000000  __TI_static_base__                         
00000000  interruptVectors                           
000000e5  __TI_printfi                               
00000200  __STACK_SIZE                               
00000800  __SYSMEM_SIZE                              
00000b43  Graphics_drawString                        
00001401  __aeabi_dsub                               
0000140b  __aeabi_dadd                               
000015b9  main                                       
00001b1d  __aeabi_ddiv                               
00001c53  AES256_IRQHandler                          
00001c53  BusFault_Handler                           
00001c53  COMP_E0_IRQHandler                         
00001c53  COMP_E1_IRQHandler                         
00001c53  CS_IRQHandler                              
00001c53  DMA_ERR_IRQHandler                         
00001c53  DMA_INT0_IRQHandler                        
00001c53  DMA_INT1_IRQHandler                        
00001c53  DMA_INT2_IRQHandler                        
00001c53  DMA_INT3_IRQHandler                        
00001c53  DebugMon_Handler                           
00001c53  Default_Handler                            
00001c53  EUSCIA0_IRQHandler                         
00001c53  EUSCIA1_IRQHandler                         
00001c53  EUSCIA2_IRQHandler                         
00001c53  EUSCIA3_IRQHandler                         
00001c53  EUSCIB0_IRQHandler                         
00001c53  EUSCIB1_IRQHandler                         
00001c53  EUSCIB2_IRQHandler                         
00001c53  EUSCIB3_IRQHandler                         
00001c53  FLCTL_IRQHandler                           
00001c53  FPU_IRQHandler                             
00001c53  HardFault_Handler                          
00001c53  MemManage_Handler                          
00001c53  NMI_Handler                                
00001c53  PCM_IRQHandler                             
00001c53  PORT1_IRQHandler                           
00001c53  PORT2_IRQHandler                           
00001c53  PORT3_IRQHandler                           
00001c53  PORT4_IRQHandler                           
00001c53  PORT5_IRQHandler                           
00001c53  PORT6_IRQHandler                           
00001c53  PSS_IRQHandler                             
00001c53  PendSV_Handler                             
00001c53  RTC_C_IRQHandler                           
00001c53  SVC_Handler                                
00001c53  SysTick_Handler                            
00001c53  T32_INT1_IRQHandler                        
00001c53  T32_INT2_IRQHandler                        
00001c53  T32_INTC_IRQHandler                        
00001c53  TA0_0_IRQHandler                           
00001c53  TA0_N_IRQHandler                           
00001c53  TA1_0_IRQHandler                           
00001c53  TA1_N_IRQHandler                           
00001c53  TA2_0_IRQHandler                           
00001c53  TA2_N_IRQHandler                           
00001c53  TA3_0_IRQHandler                           
00001c53  TA3_N_IRQHandler                           
00001c53  UsageFault_Handler                         
00001c53  WDT_A_IRQHandler                           
00001c55  CS_initClockSignal                         
00001ea9  Crystalfontz128x128_Init                   
00001fb9  ldexp                                      
00001fb9  ldexpl                                     
00001fb9  scalbn                                     
00001fb9  scalbnl                                    
000022d5  __aeabi_dmul                               
000023d1  Graphics_getStringWidth                    
000024cb  __aeabi_idiv0                              
000024cb  __aeabi_ldiv0                              
000024cd  ADC14_IRQHandler                           
000024cd  ADC14_IRQHandler                           
00002647  SPI_initMaster                             
000026f7  Graphics_drawLineH                         
00002793  __aeabi_memcpy                             
00002793  __aeabi_memcpy4                            
00002793  __aeabi_memcpy8                            
00002793  memcpy                                     
0000282f  __aeabi_uldivmod                           
000028c5  GPIO_setAsPeripheralModuleFunctionOutputPin
0000294d  __aeabi_cdcmpeq                            
0000294d  __aeabi_cdcmple                            
000029d3  __aeabi_cdrcmple                           
00002a59  Crystalfontz128x128_SetDrawFrame           
00002add  __aeabi_memclr                             
00002add  __aeabi_memclr4                            
00002add  __aeabi_memclr8                            
00002adf  __aeabi_memset                             
00002adf  __aeabi_memset4                            
00002adf  __aeabi_memset8                            
00002ae5  memset                                     
00002bc5  SystemInit                                 
00002c2d  __TI_decompress_lzss                       
00002c95  frexp                                      
00002c95  frexpl                                     
00002cf9  PCM_getCoreVoltageLevel                    
00002d57  PCM_getPowerMode                           
00002e5d  ltoa                                       
00002eb1  Graphics_initContext                       
00002f55  atoi                                       
00002fa1  FlashCtl_setWaitState                      
00002fe9  Graphics_drawStringCentered                
00003031  __aeabi_d2iz                               
00003079  __TI_auto_init_nobinit_nopinit             
000030bd  GPIO_setAsOutputPin                        
0000313d  HAL_LCD_SpiInit                            
000031bd  sprintf                                    
000032b1  ADC14_getEnabledInterruptStatus            
000032e9  _c_int00_noargs                            
00003321  Graphics_drawHorizontalLineOnDisplay       
00003359  CS_setDCOCenteredFrequency                 
0000338d  Crystalfontz128x128_SetOrientation         
000033c1  ADC14_clearInterruptFlag                   
000033f1  HAL_LCD_PortInit                           
00003421  __aeabi_i2d                                
00003451  ADC14_getInterruptStatus                   
0000347d  Graphics_drawPixelOnDisplay                
000034a9  HAL_LCD_writeCommand                       
000034fd  GPIO_setOutputHighOnPin                    
00003525  GPIO_setOutputLowOnPin                     
0000356d  ADC14_getResult                            
00003589  SPI_enableModule                           
000035a5  memccpy                                    
000035c1  Graphics_clearDisplayOnDisplay             
000035db  Graphics_setBackgroundColor                
000035f5  Graphics_setFont                           
00003611  HAL_LCD_writeData                          
00003657  EUSCI_A_SPI_enable                         
0000366d  EUSCI_B_SPI_enable                         
00003683  Graphics_setForegroundColor                
00003699  Graphics_translateColorOnDisplay           
000036af  strchr                                     
000036c5  PCM_getPowerState                          
000036d9  copysign                                   
000036d9  copysignl                                  
000036ed  strlen                                     
00003701  Graphics_clearDisplay                      
00003713  __TI_zero_init_nomemset                    
00003725  wcslen                                     
00003737  Interrupt_disableMaster                    
00003747  PCM_setCoreVoltageLevel                    
00003757  PCM_setPowerMode                           
00003767  __TI_decompress_none                       
00003775  CPU_cpsid                                  
00003781  Reset_Handler                              
00003799  __aeabi_errno_addr                         
000037a1  _system_pre_init                           
000037a5  C$$EXIT                                    
000037a5  abort                                      
00003aa0  _ctypes_                                   
00003ba4  g_sFontFixed6x8                            
00003d1c  g_sCrystalfontz128x128_funcs               
00003d68  __TI_Handler_Table_Base                    
00003d74  __TI_Handler_Table_Limit                   
00003d80  __TI_CINIT_Base                            
00003d90  __TI_CINIT_Limit                           
20000000  _sys_memory                                
20000800  g_sContext                                 
20000820  Lcd_ScreenHeigth                           
20000822  Lcd_ScreenWidth                            
20000824  Lcd_TouchTrim                              
20000826  Lcd_FlagRead                               
20000827  Lcd_FontSolid                              
20000828  Lcd_Orientation                            
20000829  Lcd_PenSolid                               
2000082c  g_sCrystalfontz128x128                     
2000083c  errno                                      
2000fe00  __stack                                    
20010000  __STACK_END                                
4000480c  WDTCTL_SYM                                 
ffffffff  __TI_pprof_out_hndl                        
ffffffff  __TI_prof_data_size                        
ffffffff  __TI_prof_data_start                       
ffffffff  __binit__                                  
ffffffff  __c_args__                                 
ffffffff  binit                                      
UNDEFED   __mpu_init                                 
UNDEFED   _system_post_cinit                         

[178 symbols]
