<?xml version="1.0" encoding="ISO-8859-1" ?>
<link_info>
   <banner>TI ARM Linker PC v18.1.4.LTS</banner>
   <copyright>Copyright (c) 1996-2018 Texas Instruments Incorporated</copyright>
   <link_time>0x5c0876fc</link_time>
   <link_errors>0x0</link_errors>
   <output_file>Thermal and LCD.out</output_file>
   <entry_point>
      <name>_c_int00_noargs</name>
      <address>0x387d</address>
   </entry_point>
   <input_file_list>
      <input_file id="fl-2">
         <path>.\</path>
         <kind>object</kind>
         <file>main.obj</file>
         <name>main.obj</name>
      </input_file>
      <input_file id="fl-3">
         <path>.\</path>
         <kind>object</kind>
         <file>system_msp432p401r.obj</file>
         <name>system_msp432p401r.obj</name>
      </input_file>
      <input_file id="fl-4">
         <path>.\LcdDriver\</path>
         <kind>object</kind>
         <file>Crystalfontz128x128_ST7735.obj</file>
         <name>Crystalfontz128x128_ST7735.obj</name>
      </input_file>
      <input_file id="fl-5">
         <path>.\LcdDriver\</path>
         <kind>object</kind>
         <file>HAL_MSP_EXP432P401R_Crystalfontz128x128_ST7735.obj</file>
         <name>HAL_MSP_EXP432P401R_Crystalfontz128x128_ST7735.obj</name>
      </input_file>
      <input_file id="fl-6">
         <path>.\ccs\</path>
         <kind>object</kind>
         <file>startup_msp432p401r_ccs.obj</file>
         <name>startup_msp432p401r_ccs.obj</name>
      </input_file>
      <input_file id="fl-11">
         <kind>object</kind>
         <file>&lt;internal&gt;</file>
         <name>&lt;internal&gt;</name>
      </input_file>
      <input_file id="fl-12">
         <path>C:\ti\simplelink_msp432p4_sdk_2_20_00_12\source\ti\grlib\lib\ccs\m4f\</path>
         <kind>archive</kind>
         <file>grlib.a</file>
         <name>context.obj</name>
      </input_file>
      <input_file id="fl-13">
         <path>C:\ti\simplelink_msp432p4_sdk_2_20_00_12\source\ti\grlib\lib\ccs\m4f\</path>
         <kind>archive</kind>
         <file>grlib.a</file>
         <name>display.obj</name>
      </input_file>
      <input_file id="fl-14">
         <path>C:\ti\simplelink_msp432p4_sdk_2_20_00_12\source\ti\grlib\lib\ccs\m4f\</path>
         <kind>archive</kind>
         <file>grlib.a</file>
         <name>fontfixed6x8.obj</name>
      </input_file>
      <input_file id="fl-15">
         <path>C:\ti\simplelink_msp432p4_sdk_2_20_00_12\source\ti\grlib\lib\ccs\m4f\</path>
         <kind>archive</kind>
         <file>grlib.a</file>
         <name>string.obj</name>
      </input_file>
      <input_file id="fl-16">
         <path>C:\ti\simplelink_msp432p4_sdk_2_20_00_12\source\ti\grlib\lib\ccs\m4f\</path>
         <kind>archive</kind>
         <file>grlib.a</file>
         <name>line.obj</name>
      </input_file>
      <input_file id="fl-17">
         <path>C:\ti\simplelink_msp432p4_sdk_2_20_00_12\source\ti\devices\msp432p4xx\driverlib\ccs\</path>
         <kind>archive</kind>
         <file>msp432p4xx_driverlib.lib</file>
         <name>adc14.o</name>
      </input_file>
      <input_file id="fl-18">
         <path>C:\ti\simplelink_msp432p4_sdk_2_20_00_12\source\ti\devices\msp432p4xx\driverlib\ccs\</path>
         <kind>archive</kind>
         <file>msp432p4xx_driverlib.lib</file>
         <name>cs.o</name>
      </input_file>
      <input_file id="fl-19">
         <path>C:\ti\simplelink_msp432p4_sdk_2_20_00_12\source\ti\devices\msp432p4xx\driverlib\ccs\</path>
         <kind>archive</kind>
         <file>msp432p4xx_driverlib.lib</file>
         <name>flash.o</name>
      </input_file>
      <input_file id="fl-1a">
         <path>C:\ti\simplelink_msp432p4_sdk_2_20_00_12\source\ti\devices\msp432p4xx\driverlib\ccs\</path>
         <kind>archive</kind>
         <file>msp432p4xx_driverlib.lib</file>
         <name>gpio.o</name>
      </input_file>
      <input_file id="fl-1b">
         <path>C:\ti\simplelink_msp432p4_sdk_2_20_00_12\source\ti\devices\msp432p4xx\driverlib\ccs\</path>
         <kind>archive</kind>
         <file>msp432p4xx_driverlib.lib</file>
         <name>interrupt.o</name>
      </input_file>
      <input_file id="fl-1c">
         <path>C:\ti\simplelink_msp432p4_sdk_2_20_00_12\source\ti\devices\msp432p4xx\driverlib\ccs\</path>
         <kind>archive</kind>
         <file>msp432p4xx_driverlib.lib</file>
         <name>pcm.o</name>
      </input_file>
      <input_file id="fl-1d">
         <path>C:\ti\simplelink_msp432p4_sdk_2_20_00_12\source\ti\devices\msp432p4xx\driverlib\ccs\</path>
         <kind>archive</kind>
         <file>msp432p4xx_driverlib.lib</file>
         <name>rtc_c.o</name>
      </input_file>
      <input_file id="fl-1e">
         <path>C:\ti\simplelink_msp432p4_sdk_2_20_00_12\source\ti\devices\msp432p4xx\driverlib\ccs\</path>
         <kind>archive</kind>
         <file>msp432p4xx_driverlib.lib</file>
         <name>spi.o</name>
      </input_file>
      <input_file id="fl-1f">
         <path>C:\ti\simplelink_msp432p4_sdk_2_20_00_12\source\ti\devices\msp432p4xx\driverlib\ccs\</path>
         <kind>archive</kind>
         <file>msp432p4xx_driverlib.lib</file>
         <name>sysctl.o</name>
      </input_file>
      <input_file id="fl-20">
         <path>C:\ti\simplelink_msp432p4_sdk_2_20_00_12\source\ti\devices\msp432p4xx\driverlib\ccs\</path>
         <kind>archive</kind>
         <file>msp432p4xx_driverlib.lib</file>
         <name>sysctl_a.o</name>
      </input_file>
      <input_file id="fl-21">
         <path>C:\ti\simplelink_msp432p4_sdk_2_20_00_12\source\ti\devices\msp432p4xx\driverlib\ccs\</path>
         <kind>archive</kind>
         <file>msp432p4xx_driverlib.lib</file>
         <name>wdt_a.o</name>
      </input_file>
      <input_file id="fl-22">
         <path>C:\ti\simplelink_msp432p4_sdk_2_20_00_12\source\ti\devices\msp432p4xx\driverlib\ccs\</path>
         <kind>archive</kind>
         <file>msp432p4xx_driverlib.lib</file>
         <name>cpu.o</name>
      </input_file>
      <input_file id="fl-d8">
         <path>C:\ti\ccsv8\tools\compiler\ti-cgt-arm_18.1.4.LTS\lib\</path>
         <kind>archive</kind>
         <file>rtsv7M4_T_le_v4SPD16_eabi.lib</file>
         <name>copy_zero_init.c.obj</name>
      </input_file>
      <input_file id="fl-d9">
         <path>C:\ti\ccsv8\tools\compiler\ti-cgt-arm_18.1.4.LTS\lib\</path>
         <kind>archive</kind>
         <file>rtsv7M4_T_le_v4SPD16_eabi.lib</file>
         <name>copy_decompress_none.c.obj</name>
      </input_file>
      <input_file id="fl-da">
         <path>C:\ti\ccsv8\tools\compiler\ti-cgt-arm_18.1.4.LTS\lib\</path>
         <kind>archive</kind>
         <file>rtsv7M4_T_le_v4SPD16_eabi.lib</file>
         <name>copy_decompress_lzss.c.obj</name>
      </input_file>
      <input_file id="fl-db">
         <path>C:\ti\ccsv8\tools\compiler\ti-cgt-arm_18.1.4.LTS\lib\</path>
         <kind>archive</kind>
         <file>rtsv7M4_T_le_v4SPD16_eabi.lib</file>
         <name>boot_cortex_m.c.obj</name>
      </input_file>
      <input_file id="fl-dc">
         <path>C:\ti\ccsv8\tools\compiler\ti-cgt-arm_18.1.4.LTS\lib\</path>
         <kind>archive</kind>
         <file>rtsv7M4_T_le_v4SPD16_eabi.lib</file>
         <name>exit.c.obj</name>
      </input_file>
      <input_file id="fl-dd">
         <path>C:\ti\ccsv8\tools\compiler\ti-cgt-arm_18.1.4.LTS\lib\</path>
         <kind>archive</kind>
         <file>rtsv7M4_T_le_v4SPD16_eabi.lib</file>
         <name>_lock.c.obj</name>
      </input_file>
      <input_file id="fl-de">
         <path>C:\ti\ccsv8\tools\compiler\ti-cgt-arm_18.1.4.LTS\lib\</path>
         <kind>archive</kind>
         <file>rtsv7M4_T_le_v4SPD16_eabi.lib</file>
         <name>args_main.c.obj</name>
      </input_file>
      <input_file id="fl-df">
         <path>C:\ti\ccsv8\tools\compiler\ti-cgt-arm_18.1.4.LTS\lib\</path>
         <kind>archive</kind>
         <file>rtsv7M4_T_le_v4SPD16_eabi.lib</file>
         <name>sprintf.c.obj</name>
      </input_file>
      <input_file id="fl-e0">
         <path>C:\ti\ccsv8\tools\compiler\ti-cgt-arm_18.1.4.LTS\lib\</path>
         <kind>archive</kind>
         <file>rtsv7M4_T_le_v4SPD16_eabi.lib</file>
         <name>memcpy_t2.asm.obj</name>
      </input_file>
      <input_file id="fl-e1">
         <path>C:\ti\ccsv8\tools\compiler\ti-cgt-arm_18.1.4.LTS\lib\</path>
         <kind>archive</kind>
         <file>rtsv7M4_T_le_v4SPD16_eabi.lib</file>
         <name>memset_t2.asm.obj</name>
      </input_file>
      <input_file id="fl-e2">
         <path>C:\ti\ccsv8\tools\compiler\ti-cgt-arm_18.1.4.LTS\lib\</path>
         <kind>archive</kind>
         <file>rtsv7M4_T_le_v4SPD16_eabi.lib</file>
         <name>autoinit.c.obj</name>
      </input_file>
      <input_file id="fl-e3">
         <path>C:\ti\ccsv8\tools\compiler\ti-cgt-arm_18.1.4.LTS\lib\</path>
         <kind>archive</kind>
         <file>rtsv7M4_T_le_v4SPD16_eabi.lib</file>
         <name>pre_init.c.obj</name>
      </input_file>
      <input_file id="fl-e4">
         <path>C:\ti\ccsv8\tools\compiler\ti-cgt-arm_18.1.4.LTS\lib\</path>
         <kind>archive</kind>
         <file>rtsv7M4_T_le_v4SPD16_eabi.lib</file>
         <name>cpy_tbl.c.obj</name>
      </input_file>
      <input_file id="fl-e5">
         <path>C:\ti\ccsv8\tools\compiler\ti-cgt-arm_18.1.4.LTS\lib\</path>
         <kind>archive</kind>
         <file>rtsv7M4_T_le_v4SPD16_eabi.lib</file>
         <name>_printfi.c.obj</name>
      </input_file>
      <input_file id="fl-e6">
         <path>C:\ti\ccsv8\tools\compiler\ti-cgt-arm_18.1.4.LTS\lib\</path>
         <kind>archive</kind>
         <file>rtsv7M4_T_le_v4SPD16_eabi.lib</file>
         <name>atoi.c.obj</name>
      </input_file>
      <input_file id="fl-e7">
         <path>C:\ti\ccsv8\tools\compiler\ti-cgt-arm_18.1.4.LTS\lib\</path>
         <kind>archive</kind>
         <file>rtsv7M4_T_le_v4SPD16_eabi.lib</file>
         <name>ctype.c.obj</name>
      </input_file>
      <input_file id="fl-e8">
         <path>C:\ti\ccsv8\tools\compiler\ti-cgt-arm_18.1.4.LTS\lib\</path>
         <kind>archive</kind>
         <file>rtsv7M4_T_le_v4SPD16_eabi.lib</file>
         <name>ltoa.c.obj</name>
      </input_file>
      <input_file id="fl-e9">
         <path>C:\ti\ccsv8\tools\compiler\ti-cgt-arm_18.1.4.LTS\lib\</path>
         <kind>archive</kind>
         <file>rtsv7M4_T_le_v4SPD16_eabi.lib</file>
         <name>memccpy.c.obj</name>
      </input_file>
      <input_file id="fl-ea">
         <path>C:\ti\ccsv8\tools\compiler\ti-cgt-arm_18.1.4.LTS\lib\</path>
         <kind>archive</kind>
         <file>rtsv7M4_T_le_v4SPD16_eabi.lib</file>
         <name>strchr.c.obj</name>
      </input_file>
      <input_file id="fl-eb">
         <path>C:\ti\ccsv8\tools\compiler\ti-cgt-arm_18.1.4.LTS\lib\</path>
         <kind>archive</kind>
         <file>rtsv7M4_T_le_v4SPD16_eabi.lib</file>
         <name>strlen.c.obj</name>
      </input_file>
      <input_file id="fl-ec">
         <path>C:\ti\ccsv8\tools\compiler\ti-cgt-arm_18.1.4.LTS\lib\</path>
         <kind>archive</kind>
         <file>rtsv7M4_T_le_v4SPD16_eabi.lib</file>
         <name>wcslen.c.obj</name>
      </input_file>
      <input_file id="fl-ed">
         <path>C:\ti\ccsv8\tools\compiler\ti-cgt-arm_18.1.4.LTS\lib\</path>
         <kind>archive</kind>
         <file>rtsv7M4_T_le_v4SPD16_eabi.lib</file>
         <name>s_frexp.c.obj</name>
      </input_file>
      <input_file id="fl-ee">
         <path>C:\ti\ccsv8\tools\compiler\ti-cgt-arm_18.1.4.LTS\lib\</path>
         <kind>archive</kind>
         <file>rtsv7M4_T_le_v4SPD16_eabi.lib</file>
         <name>s_scalbn.c.obj</name>
      </input_file>
      <input_file id="fl-ef">
         <path>C:\ti\ccsv8\tools\compiler\ti-cgt-arm_18.1.4.LTS\lib\</path>
         <kind>archive</kind>
         <file>rtsv7M4_T_le_v4SPD16_eabi.lib</file>
         <name>fd_add_t2.asm.obj</name>
      </input_file>
      <input_file id="fl-f0">
         <path>C:\ti\ccsv8\tools\compiler\ti-cgt-arm_18.1.4.LTS\lib\</path>
         <kind>archive</kind>
         <file>rtsv7M4_T_le_v4SPD16_eabi.lib</file>
         <name>fd_cmp_t2.asm.obj</name>
      </input_file>
      <input_file id="fl-f1">
         <path>C:\ti\ccsv8\tools\compiler\ti-cgt-arm_18.1.4.LTS\lib\</path>
         <kind>archive</kind>
         <file>rtsv7M4_T_le_v4SPD16_eabi.lib</file>
         <name>fd_div_t2.asm.obj</name>
      </input_file>
      <input_file id="fl-f2">
         <path>C:\ti\ccsv8\tools\compiler\ti-cgt-arm_18.1.4.LTS\lib\</path>
         <kind>archive</kind>
         <file>rtsv7M4_T_le_v4SPD16_eabi.lib</file>
         <name>fd_mul_t2.asm.obj</name>
      </input_file>
      <input_file id="fl-f3">
         <path>C:\ti\ccsv8\tools\compiler\ti-cgt-arm_18.1.4.LTS\lib\</path>
         <kind>archive</kind>
         <file>rtsv7M4_T_le_v4SPD16_eabi.lib</file>
         <name>fd_toi_t2.asm.obj</name>
      </input_file>
      <input_file id="fl-f4">
         <path>C:\ti\ccsv8\tools\compiler\ti-cgt-arm_18.1.4.LTS\lib\</path>
         <kind>archive</kind>
         <file>rtsv7M4_T_le_v4SPD16_eabi.lib</file>
         <name>i_tofd_t2.asm.obj</name>
      </input_file>
      <input_file id="fl-f5">
         <path>C:\ti\ccsv8\tools\compiler\ti-cgt-arm_18.1.4.LTS\lib\</path>
         <kind>archive</kind>
         <file>rtsv7M4_T_le_v4SPD16_eabi.lib</file>
         <name>ull_div_t2.asm.obj</name>
      </input_file>
      <input_file id="fl-f6">
         <path>C:\ti\ccsv8\tools\compiler\ti-cgt-arm_18.1.4.LTS\lib\</path>
         <kind>archive</kind>
         <file>rtsv7M4_T_le_v4SPD16_eabi.lib</file>
         <name>errno.c.obj</name>
      </input_file>
      <input_file id="fl-f7">
         <path>C:\ti\ccsv8\tools\compiler\ti-cgt-arm_18.1.4.LTS\lib\</path>
         <kind>archive</kind>
         <file>rtsv7M4_T_le_v4SPD16_eabi.lib</file>
         <name>s_copysign.c.obj</name>
      </input_file>
      <input_file id="fl-f8">
         <path>C:\ti\ccsv8\tools\compiler\ti-cgt-arm_18.1.4.LTS\lib\</path>
         <kind>archive</kind>
         <file>rtsv7M4_T_le_v4SPD16_eabi.lib</file>
         <name>div0.asm.obj</name>
      </input_file>
   </input_file_list>
   <object_component_list>
      <object_component id="oc-23">
         <name>.intvecs:retain</name>
         <load_address>0x0</load_address>
         <run_address>0x0</run_address>
         <size>0xe4</size>
         <input_file_ref idref="fl-6"/>
      </object_component>
      <object_component id="oc-1f2">
         <name>.text:__TI_printfi</name>
         <load_address>0xe4</load_address>
         <run_address>0xe4</run_address>
         <size>0xa5e</size>
         <input_file_ref idref="fl-e5"/>
      </object_component>
      <object_component id="oc-211">
         <name>.text:Graphics_drawString</name>
         <load_address>0xb42</load_address>
         <run_address>0xb42</run_address>
         <size>0x47e</size>
         <input_file_ref idref="fl-15"/>
      </object_component>
      <object_component id="oc-336">
         <name>.text:_pconv_a</name>
         <load_address>0xfc0</load_address>
         <run_address>0xfc0</run_address>
         <size>0x270</size>
         <input_file_ref idref="fl-e5"/>
      </object_component>
      <object_component id="oc-2b7">
         <name>.text:Crystalfontz128x128_PixelDrawMultiple</name>
         <load_address>0x1230</load_address>
         <run_address>0x1230</run_address>
         <size>0x1d8</size>
         <input_file_ref idref="fl-4"/>
      </object_component>
      <object_component id="oc-324">
         <name>.text:_pconv_g</name>
         <load_address>0x1408</load_address>
         <run_address>0x1408</run_address>
         <size>0x1d0</size>
         <input_file_ref idref="fl-e5"/>
      </object_component>
      <object_component id="oc-42e">
         <name>.text</name>
         <load_address>0x15d8</load_address>
         <run_address>0x15d8</run_address>
         <size>0x1b6</size>
         <input_file_ref idref="fl-ef"/>
      </object_component>
      <object_component id="oc-6a">
         <name>.text:Default_Handler</name>
         <load_address>0x178e</load_address>
         <run_address>0x178e</run_address>
         <size>0x2</size>
         <input_file_ref idref="fl-6"/>
      </object_component>
      <object_component id="oc-1e8">
         <name>.text:_getIndexForMemRegister</name>
         <load_address>0x1790</load_address>
         <run_address>0x1790</run_address>
         <size>0x160</size>
         <input_file_ref idref="fl-17"/>
      </object_component>
      <object_component id="oc-48d">
         <name>.text:__PCM_setPowerModeAdvanced</name>
         <load_address>0x18f0</load_address>
         <run_address>0x18f0</run_address>
         <size>0x15c</size>
         <input_file_ref idref="fl-1c"/>
      </object_component>
      <object_component id="oc-330">
         <name>.text:_pconv_e</name>
         <load_address>0x1a4c</load_address>
         <run_address>0x1a4c</run_address>
         <size>0x13c</size>
         <input_file_ref idref="fl-e5"/>
      </object_component>
      <object_component id="oc-414">
         <name>.text</name>
         <load_address>0x1b88</load_address>
         <run_address>0x1b88</run_address>
         <size>0x136</size>
         <input_file_ref idref="fl-f1"/>
      </object_component>
      <object_component id="oc-4cc">
         <name>.text</name>
         <load_address>0x1cbe</load_address>
         <run_address>0x1cbe</run_address>
         <size>0x2</size>
         <input_file_ref idref="fl-f8"/>
      </object_component>
      <object_component id="oc-267">
         <name>.text:Crystalfontz128x128_SetDrawFrame</name>
         <load_address>0x1cc0</load_address>
         <run_address>0x1cc0</run_address>
         <size>0x134</size>
         <input_file_ref idref="fl-4"/>
      </object_component>
      <object_component id="oc-11a">
         <name>.text:CS_initClockSignal</name>
         <load_address>0x1df4</load_address>
         <run_address>0x1df4</run_address>
         <size>0x130</size>
         <input_file_ref idref="fl-18"/>
      </object_component>
      <object_component id="oc-120">
         <name>.text:Crystalfontz128x128_Init</name>
         <load_address>0x1f24</load_address>
         <run_address>0x1f24</run_address>
         <size>0x12c</size>
         <input_file_ref idref="fl-4"/>
      </object_component>
      <object_component id="oc-9c">
         <name>.text:main</name>
         <load_address>0x2050</load_address>
         <run_address>0x2050</run_address>
         <size>0x128</size>
         <input_file_ref idref="fl-2"/>
      </object_component>
      <object_component id="oc-440">
         <name>.text:fcvt</name>
         <load_address>0x2178</load_address>
         <run_address>0x2178</run_address>
         <size>0x124</size>
         <input_file_ref idref="fl-e5"/>
      </object_component>
      <object_component id="oc-454">
         <name>.text:scalbn</name>
         <load_address>0x229c</load_address>
         <run_address>0x229c</run_address>
         <size>0x110</size>
         <input_file_ref idref="fl-ee"/>
      </object_component>
      <object_component id="oc-239">
         <name>.text:__PCM_setCoreVoltageLevelAdvanced</name>
         <load_address>0x23ac</load_address>
         <run_address>0x23ac</run_address>
         <size>0x108</size>
         <input_file_ref idref="fl-1c"/>
      </object_component>
      <object_component id="oc-40f">
         <name>.text</name>
         <load_address>0x24b4</load_address>
         <run_address>0x24b4</run_address>
         <size>0xfc</size>
         <input_file_ref idref="fl-f2"/>
      </object_component>
      <object_component id="oc-20b">
         <name>.text:Graphics_getStringWidth</name>
         <load_address>0x25b0</load_address>
         <run_address>0x25b0</run_address>
         <size>0xfa</size>
         <input_file_ref idref="fl-15"/>
      </object_component>
      <object_component id="oc-70">
         <name>.text:ADC14_IRQHandler</name>
         <load_address>0x26ac</load_address>
         <run_address>0x26ac</run_address>
         <size>0xe0</size>
         <input_file_ref idref="fl-2"/>
      </object_component>
      <object_component id="oc-319">
         <name>.text:_ltostr</name>
         <load_address>0x278c</load_address>
         <run_address>0x278c</run_address>
         <size>0xb1</size>
         <input_file_ref idref="fl-e5"/>
      </object_component>
      <object_component id="oc-39b">
         <name>.text:SPI_initMaster</name>
         <load_address>0x283e</load_address>
         <run_address>0x283e</run_address>
         <size>0xb0</size>
         <input_file_ref idref="fl-1e"/>
      </object_component>
      <object_component id="oc-15c">
         <name>.text:ADC14_configureMultiSequenceMode</name>
         <load_address>0x28f0</load_address>
         <run_address>0x28f0</run_address>
         <size>0xa8</size>
         <input_file_ref idref="fl-17"/>
      </object_component>
      <object_component id="oc-162">
         <name>.text:ADC14_configureConversionMemory</name>
         <load_address>0x2998</load_address>
         <run_address>0x2998</run_address>
         <size>0xa4</size>
         <input_file_ref idref="fl-17"/>
      </object_component>
      <object_component id="oc-2c9">
         <name>.text:Crystalfontz128x128_RectFill</name>
         <load_address>0x2a3c</load_address>
         <run_address>0x2a3c</run_address>
         <size>0x9c</size>
         <input_file_ref idref="fl-4"/>
      </object_component>
      <object_component id="oc-365">
         <name>.text:Graphics_drawLineH</name>
         <load_address>0x2ad8</load_address>
         <run_address>0x2ad8</run_address>
         <size>0x9c</size>
         <input_file_ref idref="fl-16"/>
      </object_component>
      <object_component id="oc-34">
         <name>.text</name>
         <load_address>0x2b74</load_address>
         <run_address>0x2b74</run_address>
         <size>0x9c</size>
         <input_file_ref idref="fl-e0"/>
      </object_component>
      <object_component id="oc-408">
         <name>.text</name>
         <load_address>0x2c10</load_address>
         <run_address>0x2c10</run_address>
         <size>0x96</size>
         <input_file_ref idref="fl-f5"/>
      </object_component>
      <object_component id="oc-14a">
         <name>.text:GPIO_setAsPeripheralModuleFunctionInputPin</name>
         <load_address>0x2ca8</load_address>
         <run_address>0x2ca8</run_address>
         <size>0x88</size>
         <input_file_ref idref="fl-1a"/>
      </object_component>
      <object_component id="oc-38e">
         <name>.text:GPIO_setAsPeripheralModuleFunctionOutputPin</name>
         <load_address>0x2d30</load_address>
         <run_address>0x2d30</run_address>
         <size>0x88</size>
         <input_file_ref idref="fl-1a"/>
      </object_component>
      <object_component id="oc-31f">
         <name>.text:__aeabi_cdcmple</name>
         <load_address>0x2db8</load_address>
         <run_address>0x2db8</run_address>
         <size>0x86</size>
         <input_file_ref idref="fl-f0"/>
      </object_component>
      <object_component id="oc-419">
         <name>.text:__aeabi_cdrcmple</name>
         <load_address>0x2e3e</load_address>
         <run_address>0x2e3e</run_address>
         <size>0x86</size>
         <input_file_ref idref="fl-f0"/>
      </object_component>
      <object_component id="oc-16e">
         <name>.text:Interrupt_enableInterrupt</name>
         <load_address>0x2ec4</load_address>
         <run_address>0x2ec4</run_address>
         <size>0x80</size>
         <input_file_ref idref="fl-1b"/>
      </object_component>
      <object_component id="oc-90">
         <name>.text</name>
         <load_address>0x2f44</load_address>
         <run_address>0x2f44</run_address>
         <size>0x7a</size>
         <input_file_ref idref="fl-e1"/>
      </object_component>
      <object_component id="oc-ae">
         <name>.text:SystemInit</name>
         <load_address>0x2fc0</load_address>
         <run_address>0x2fc0</run_address>
         <size>0x78</size>
         <input_file_ref idref="fl-3"/>
      </object_component>
      <object_component id="oc-439">
         <name>.text:_mcpy</name>
         <load_address>0x3038</load_address>
         <run_address>0x3038</run_address>
         <size>0x6e</size>
         <input_file_ref idref="fl-e5"/>
      </object_component>
      <object_component id="oc-14">
         <name>.text:decompress:lzss:__TI_decompress_lzss</name>
         <load_address>0x30a6</load_address>
         <run_address>0x30a6</run_address>
         <size>0x68</size>
         <input_file_ref idref="fl-da"/>
      </object_component>
      <object_component id="oc-44e">
         <name>.text:frexp</name>
         <load_address>0x3110</load_address>
         <run_address>0x3110</run_address>
         <size>0x64</size>
         <input_file_ref idref="fl-ed"/>
      </object_component>
      <object_component id="oc-2bd">
         <name>.text:Crystalfontz128x128_LineDrawH</name>
         <load_address>0x3174</load_address>
         <run_address>0x3174</run_address>
         <size>0x60</size>
         <input_file_ref idref="fl-4"/>
      </object_component>
      <object_component id="oc-2c3">
         <name>.text:Crystalfontz128x128_LineDrawV</name>
         <load_address>0x31d4</load_address>
         <run_address>0x31d4</run_address>
         <size>0x60</size>
         <input_file_ref idref="fl-4"/>
      </object_component>
      <object_component id="oc-37b">
         <name>.text:PCM_getCoreVoltageLevel</name>
         <load_address>0x3234</load_address>
         <run_address>0x3234</run_address>
         <size>0x5e</size>
         <input_file_ref idref="fl-1c"/>
      </object_component>
      <object_component id="oc-375">
         <name>.text:PCM_getPowerMode</name>
         <load_address>0x3292</load_address>
         <run_address>0x3292</run_address>
         <size>0x5a</size>
         <input_file_ref idref="fl-1c"/>
      </object_component>
      <object_component id="oc-32a">
         <name>.text:_pconv_f</name>
         <load_address>0x32ec</load_address>
         <run_address>0x32ec</run_address>
         <size>0x56</size>
         <input_file_ref idref="fl-e5"/>
      </object_component>
      <object_component id="oc-156">
         <name>.text:ADC14_initModule</name>
         <load_address>0x3344</load_address>
         <run_address>0x3344</run_address>
         <size>0x54</size>
         <input_file_ref idref="fl-17"/>
      </object_component>
      <object_component id="oc-126">
         <name>.text:Crystalfontz128x128_SetOrientation</name>
         <load_address>0x3398</load_address>
         <run_address>0x3398</run_address>
         <size>0x54</size>
         <input_file_ref idref="fl-4"/>
      </object_component>
      <object_component id="oc-423">
         <name>.text:ltoa</name>
         <load_address>0x33ec</load_address>
         <run_address>0x33ec</run_address>
         <size>0x54</size>
         <input_file_ref idref="fl-e8"/>
      </object_component>
      <object_component id="oc-12c">
         <name>.text:Graphics_initContext</name>
         <load_address>0x3440</load_address>
         <run_address>0x3440</run_address>
         <size>0x52</size>
         <input_file_ref idref="fl-12"/>
      </object_component>
      <object_component id="oc-433">
         <name>.text:_ecpy</name>
         <load_address>0x3492</load_address>
         <run_address>0x3492</run_address>
         <size>0x52</size>
         <input_file_ref idref="fl-e5"/>
      </object_component>
      <object_component id="oc-313">
         <name>.text:atoi</name>
         <load_address>0x34e4</load_address>
         <run_address>0x34e4</run_address>
         <size>0x4c</size>
         <input_file_ref idref="fl-e6"/>
      </object_component>
      <object_component id="oc-10e">
         <name>.text:FlashCtl_setWaitState</name>
         <load_address>0x3530</load_address>
         <run_address>0x3530</run_address>
         <size>0x48</size>
         <input_file_ref idref="fl-19"/>
      </object_component>
      <object_component id="oc-ce">
         <name>.text:Graphics_drawStringCentered</name>
         <load_address>0x3578</load_address>
         <run_address>0x3578</run_address>
         <size>0x48</size>
         <input_file_ref idref="fl-15"/>
      </object_component>
      <object_component id="oc-41e">
         <name>.text</name>
         <load_address>0x35c0</load_address>
         <run_address>0x35c0</run_address>
         <size>0x48</size>
         <input_file_ref idref="fl-f3"/>
      </object_component>
      <object_component id="oc-1a8">
         <name>.text:__TI_auto_init_nobinit_nopinit:__TI_auto_init_nobinit_nopinit</name>
         <load_address>0x3608</load_address>
         <run_address>0x3608</run_address>
         <size>0x44</size>
         <input_file_ref idref="fl-e2"/>
      </object_component>
      <object_component id="oc-2b1">
         <name>.text:Crystalfontz128x128_PixelDraw</name>
         <load_address>0x364c</load_address>
         <run_address>0x364c</run_address>
         <size>0x40</size>
         <input_file_ref idref="fl-4"/>
      </object_component>
      <object_component id="oc-394">
         <name>.text:GPIO_setAsOutputPin</name>
         <load_address>0x368c</load_address>
         <run_address>0x368c</run_address>
         <size>0x40</size>
         <input_file_ref idref="fl-1a"/>
      </object_component>
      <object_component id="oc-35f">
         <name>.text:Graphics_getNumberOfLeadingZeros</name>
         <load_address>0x36cc</load_address>
         <run_address>0x36cc</run_address>
         <size>0x40</size>
         <input_file_ref idref="fl-15"/>
      </object_component>
      <object_component id="oc-249">
         <name>.text:HAL_LCD_SpiInit</name>
         <load_address>0x370c</load_address>
         <run_address>0x370c</run_address>
         <size>0x40</size>
         <input_file_ref idref="fl-5"/>
      </object_component>
      <object_component id="oc-496">
         <name>.text:is_A_Module</name>
         <load_address>0x374c</load_address>
         <run_address>0x374c</run_address>
         <size>0x40</size>
         <input_file_ref idref="fl-1e"/>
      </object_component>
      <object_component id="oc-c8">
         <name>.text:sprintf</name>
         <load_address>0x378c</load_address>
         <run_address>0x378c</run_address>
         <size>0x40</size>
         <input_file_ref idref="fl-df"/>
      </object_component>
      <object_component id="oc-446">
         <name>.text:_fcpy</name>
         <load_address>0x37cc</load_address>
         <run_address>0x37cc</run_address>
         <size>0x3e</size>
         <input_file_ref idref="fl-e5"/>
      </object_component>
      <object_component id="oc-b6">
         <name>.text:ADC14_getEnabledInterruptStatus</name>
         <load_address>0x380c</load_address>
         <run_address>0x380c</run_address>
         <size>0x38</size>
         <input_file_ref idref="fl-17"/>
      </object_component>
      <object_component id="oc-25b">
         <name>.text:HAL_LCD_writeCommand</name>
         <load_address>0x3844</load_address>
         <run_address>0x3844</run_address>
         <size>0x38</size>
         <input_file_ref idref="fl-5"/>
      </object_component>
      <object_component id="oc-52">
         <name>.text:_c_int00_noargs:_c_int00_noargs</name>
         <load_address>0x387c</load_address>
         <run_address>0x387c</run_address>
         <size>0x38</size>
         <input_file_ref idref="fl-db"/>
      </object_component>
      <object_component id="oc-481">
         <name>.text:Graphics_drawHorizontalLineOnDisplay</name>
         <load_address>0x38b4</load_address>
         <run_address>0x38b4</run_address>
         <size>0x36</size>
         <input_file_ref idref="fl-13"/>
      </object_component>
      <object_component id="oc-17a">
         <name>.text:ADC14_enableSampleTimer</name>
         <load_address>0x38ec</load_address>
         <run_address>0x38ec</run_address>
         <size>0x34</size>
         <input_file_ref idref="fl-17"/>
      </object_component>
      <object_component id="oc-114">
         <name>.text:CS_setDCOCenteredFrequency</name>
         <load_address>0x3920</load_address>
         <run_address>0x3920</run_address>
         <size>0x34</size>
         <input_file_ref idref="fl-18"/>
      </object_component>
      <object_component id="oc-bc">
         <name>.text:ADC14_clearInterruptFlag</name>
         <load_address>0x3954</load_address>
         <run_address>0x3954</run_address>
         <size>0x30</size>
         <input_file_ref idref="fl-17"/>
      </object_component>
      <object_component id="oc-168">
         <name>.text:ADC14_enableInterrupt</name>
         <load_address>0x3984</load_address>
         <run_address>0x3984</run_address>
         <size>0x30</size>
         <input_file_ref idref="fl-17"/>
      </object_component>
      <object_component id="oc-243">
         <name>.text:HAL_LCD_PortInit</name>
         <load_address>0x39b4</load_address>
         <run_address>0x39b4</run_address>
         <size>0x30</size>
         <input_file_ref idref="fl-5"/>
      </object_component>
      <object_component id="oc-429">
         <name>.text</name>
         <load_address>0x39e4</load_address>
         <run_address>0x39e4</run_address>
         <size>0x2e</size>
         <input_file_ref idref="fl-f4"/>
      </object_component>
      <object_component id="oc-1db">
         <name>.text:ADC14_getInterruptStatus</name>
         <load_address>0x3a14</load_address>
         <run_address>0x3a14</run_address>
         <size>0x2c</size>
         <input_file_ref idref="fl-17"/>
      </object_component>
      <object_component id="oc-186">
         <name>.text:ADC14_toggleConversionTrigger</name>
         <load_address>0x3a40</load_address>
         <run_address>0x3a40</run_address>
         <size>0x2c</size>
         <input_file_ref idref="fl-17"/>
      </object_component>
      <object_component id="oc-2db">
         <name>.text:Crystalfontz128x128_ClearScreen</name>
         <load_address>0x3a6c</load_address>
         <run_address>0x3a6c</run_address>
         <size>0x2c</size>
         <input_file_ref idref="fl-4"/>
      </object_component>
      <object_component id="oc-36b">
         <name>.text:Graphics_drawPixelOnDisplay</name>
         <load_address>0x3a98</load_address>
         <run_address>0x3a98</run_address>
         <size>0x2c</size>
         <input_file_ref idref="fl-13"/>
      </object_component>
      <object_component id="oc-261">
         <name>.text:HAL_LCD_writeData</name>
         <load_address>0x3ac4</load_address>
         <run_address>0x3ac4</run_address>
         <size>0x2c</size>
         <input_file_ref idref="fl-5"/>
      </object_component>
      <object_component id="oc-180">
         <name>.text:ADC14_enableConversion</name>
         <load_address>0x3af0</load_address>
         <run_address>0x3af0</run_address>
         <size>0x28</size>
         <input_file_ref idref="fl-17"/>
      </object_component>
      <object_component id="oc-2cf">
         <name>.text:Crystalfontz128x128_ColorTranslate</name>
         <load_address>0x3b18</load_address>
         <run_address>0x3b18</run_address>
         <size>0x28</size>
         <input_file_ref idref="fl-4"/>
      </object_component>
      <object_component id="oc-255">
         <name>.text:GPIO_setOutputHighOnPin</name>
         <load_address>0x3b40</load_address>
         <run_address>0x3b40</run_address>
         <size>0x28</size>
         <input_file_ref idref="fl-1a"/>
      </object_component>
      <object_component id="oc-24f">
         <name>.text:GPIO_setOutputLowOnPin</name>
         <load_address>0x3b68</load_address>
         <run_address>0x3b68</run_address>
         <size>0x28</size>
         <input_file_ref idref="fl-1a"/>
      </object_component>
      <object_component id="oc-18c">
         <name>.text:PCM_gotoLPM0</name>
         <load_address>0x3b90</load_address>
         <run_address>0x3b90</run_address>
         <size>0x28</size>
         <input_file_ref idref="fl-1c"/>
      </object_component>
      <object_component id="oc-fc">
         <name>.text:WDT_A_holdTimer</name>
         <load_address>0x3bb8</load_address>
         <run_address>0x3bb8</run_address>
         <size>0x24</size>
         <input_file_ref idref="fl-21"/>
      </object_component>
      <object_component id="oc-c2">
         <name>.text:ADC14_getResult</name>
         <load_address>0x3bdc</load_address>
         <run_address>0x3bdc</run_address>
         <size>0x1c</size>
         <input_file_ref idref="fl-17"/>
      </object_component>
      <object_component id="oc-3a1">
         <name>.text:SPI_enableModule</name>
         <load_address>0x3bf8</load_address>
         <run_address>0x3bf8</run_address>
         <size>0x1c</size>
         <input_file_ref idref="fl-1e"/>
      </object_component>
      <object_component id="oc-33c">
         <name>.text:memccpy</name>
         <load_address>0x3c14</load_address>
         <run_address>0x3c14</run_address>
         <size>0x1c</size>
         <input_file_ref idref="fl-e9"/>
      </object_component>
      <object_component id="oc-283">
         <name>.text:Graphics_clearDisplayOnDisplay</name>
         <load_address>0x3c30</load_address>
         <run_address>0x3c30</run_address>
         <size>0x1a</size>
         <input_file_ref idref="fl-13"/>
      </object_component>
      <object_component id="oc-138">
         <name>.text:Graphics_setBackgroundColor</name>
         <load_address>0x3c4a</load_address>
         <run_address>0x3c4a</run_address>
         <size>0x1a</size>
         <input_file_ref idref="fl-12"/>
      </object_component>
      <object_component id="oc-13e">
         <name>.text:Graphics_setFont</name>
         <load_address>0x3c64</load_address>
         <run_address>0x3c64</run_address>
         <size>0x1a</size>
         <input_file_ref idref="fl-12"/>
      </object_component>
      <object_component id="oc-1f8">
         <name>.text:_outs</name>
         <load_address>0x3c7e</load_address>
         <run_address>0x3c7e</run_address>
         <size>0x18</size>
         <input_file_ref idref="fl-df"/>
      </object_component>
      <object_component id="oc-49e">
         <name>.text:EUSCI_A_SPI_enable</name>
         <load_address>0x3c96</load_address>
         <run_address>0x3c96</run_address>
         <size>0x16</size>
         <input_file_ref idref="fl-1e"/>
      </object_component>
      <object_component id="oc-4a4">
         <name>.text:EUSCI_B_SPI_enable</name>
         <load_address>0x3cac</load_address>
         <run_address>0x3cac</run_address>
         <size>0x16</size>
         <input_file_ref idref="fl-1e"/>
      </object_component>
      <object_component id="oc-132">
         <name>.text:Graphics_setForegroundColor</name>
         <load_address>0x3cc2</load_address>
         <run_address>0x3cc2</run_address>
         <size>0x16</size>
         <input_file_ref idref="fl-12"/>
      </object_component>
      <object_component id="oc-27a">
         <name>.text:Graphics_translateColorOnDisplay</name>
         <load_address>0x3cd8</load_address>
         <run_address>0x3cd8</run_address>
         <size>0x16</size>
         <input_file_ref idref="fl-13"/>
      </object_component>
      <object_component id="oc-45a">
         <name>.text:strchr</name>
         <load_address>0x3cee</load_address>
         <run_address>0x3cee</run_address>
         <size>0x16</size>
         <input_file_ref idref="fl-ea"/>
      </object_component>
      <object_component id="oc-381">
         <name>.text:PCM_getPowerState</name>
         <load_address>0x3d04</load_address>
         <run_address>0x3d04</run_address>
         <size>0x14</size>
         <input_file_ref idref="fl-1c"/>
      </object_component>
      <object_component id="oc-4e5">
         <name>.text:copysign</name>
         <load_address>0x3d18</load_address>
         <run_address>0x3d18</run_address>
         <size>0x14</size>
         <input_file_ref idref="fl-f7"/>
      </object_component>
      <object_component id="oc-30d">
         <name>.text:strlen</name>
         <load_address>0x3d2c</load_address>
         <run_address>0x3d2c</run_address>
         <size>0x14</size>
         <input_file_ref idref="fl-eb"/>
      </object_component>
      <object_component id="oc-144">
         <name>.text:Graphics_clearDisplay</name>
         <load_address>0x3d40</load_address>
         <run_address>0x3d40</run_address>
         <size>0x12</size>
         <input_file_ref idref="fl-12"/>
      </object_component>
      <object_component id="oc-40">
         <name>.text:decompress:ZI:__TI_zero_init_nomemset:__TI_zero_init_nomemset</name>
         <load_address>0x3d52</load_address>
         <run_address>0x3d52</run_address>
         <size>0x12</size>
         <input_file_ref idref="fl-d8"/>
      </object_component>
      <object_component id="oc-342">
         <name>.text:wcslen</name>
         <load_address>0x3d64</load_address>
         <run_address>0x3d64</run_address>
         <size>0x12</size>
         <input_file_ref idref="fl-ec"/>
      </object_component>
      <object_component id="oc-28f">
         <name>.text:ADCIsConversionRunning</name>
         <load_address>0x3d78</load_address>
         <run_address>0x3d78</run_address>
         <size>0x10</size>
         <input_file_ref idref="fl-17"/>
      </object_component>
      <object_component id="oc-102">
         <name>.text:Interrupt_disableMaster</name>
         <load_address>0x3d88</load_address>
         <run_address>0x3d88</run_address>
         <size>0x10</size>
         <input_file_ref idref="fl-1b"/>
      </object_component>
      <object_component id="oc-174">
         <name>.text:Interrupt_enableMaster</name>
         <load_address>0x3d98</load_address>
         <run_address>0x3d98</run_address>
         <size>0x10</size>
         <input_file_ref idref="fl-1b"/>
      </object_component>
      <object_component id="oc-108">
         <name>.text:PCM_setCoreVoltageLevel</name>
         <load_address>0x3da8</load_address>
         <run_address>0x3da8</run_address>
         <size>0x10</size>
         <input_file_ref idref="fl-1c"/>
      </object_component>
      <object_component id="oc-387">
         <name>.text:PCM_setPowerMode</name>
         <load_address>0x3db8</load_address>
         <run_address>0x3db8</run_address>
         <size>0x10</size>
         <input_file_ref idref="fl-1c"/>
      </object_component>
      <object_component id="oc-1a">
         <name>.text:decompress:none:__TI_decompress_none</name>
         <load_address>0x3dc8</load_address>
         <run_address>0x3dc8</run_address>
         <size>0xe</size>
         <input_file_ref idref="fl-d9"/>
      </object_component>
      <object_component id="oc-150">
         <name>.text:ADC14_enableModule</name>
         <load_address>0x3dd8</load_address>
         <run_address>0x3dd8</run_address>
         <size>0xc</size>
         <input_file_ref idref="fl-17"/>
      </object_component>
      <object_component id="oc-232">
         <name>.text:CPU_cpsid</name>
         <load_address>0x3de4</load_address>
         <run_address>0x3de4</run_address>
         <size>0xc</size>
         <input_file_ref idref="fl-22"/>
      </object_component>
      <object_component id="oc-29e">
         <name>.text:CPU_cpsie</name>
         <load_address>0x3df0</load_address>
         <run_address>0x3df0</run_address>
         <size>0xc</size>
         <input_file_ref idref="fl-22"/>
      </object_component>
      <object_component id="oc-64">
         <name>.text:Reset_Handler</name>
         <load_address>0x3dfc</load_address>
         <run_address>0x3dfc</run_address>
         <size>0xc</size>
         <input_file_ref idref="fl-6"/>
      </object_component>
      <object_component id="oc-2d5">
         <name>.text:Crystalfontz128x128_Flush</name>
         <load_address>0x3e08</load_address>
         <run_address>0x3e08</run_address>
         <size>0xa</size>
         <input_file_ref idref="fl-4"/>
      </object_component>
      <object_component id="oc-1fe">
         <name>.text:_outc</name>
         <load_address>0x3e12</load_address>
         <run_address>0x3e12</run_address>
         <size>0xa</size>
         <input_file_ref idref="fl-df"/>
      </object_component>
      <object_component id="oc-348">
         <name>.text:__aeabi_errno_addr</name>
         <load_address>0x3e1c</load_address>
         <run_address>0x3e1c</run_address>
         <size>0x8</size>
         <input_file_ref idref="fl-f6"/>
      </object_component>
      <object_component id="oc-2a8">
         <name>.text:CPU_wfi</name>
         <load_address>0x3e24</load_address>
         <run_address>0x3e24</run_address>
         <size>0x4</size>
         <input_file_ref idref="fl-22"/>
      </object_component>
      <object_component id="oc-96">
         <name>.text:_system_pre_init</name>
         <load_address>0x3e28</load_address>
         <run_address>0x3e28</run_address>
         <size>0x4</size>
         <input_file_ref idref="fl-e3"/>
      </object_component>
      <object_component id="oc-19c">
         <name>.text:abort:abort</name>
         <load_address>0x3e2c</load_address>
         <run_address>0x3e2c</run_address>
         <size>0x4</size>
         <input_file_ref idref="fl-dc"/>
      </object_component>
      <object_component id="oc-2e3">
         <name>.const:.string:g_pucFontFixed6x8Data</name>
         <load_address>0x3e30</load_address>
         <run_address>0x3e30</run_address>
         <size>0x2f8</size>
         <input_file_ref idref="fl-14"/>
      </object_component>
      <object_component id="oc-403">
         <name>.const:.string:_ctypes_</name>
         <load_address>0x4128</load_address>
         <run_address>0x4128</run_address>
         <size>0x101</size>
         <input_file_ref idref="fl-e7"/>
      </object_component>
      <object_component id="oc-198">
         <name>.const:g_sFontFixed6x8</name>
         <load_address>0x422c</load_address>
         <run_address>0x422c</run_address>
         <size>0xc8</size>
         <input_file_ref idref="fl-14"/>
      </object_component>
      <object_component id="oc-1ee">
         <name>.const:_ctlRegs</name>
         <load_address>0x42f4</load_address>
         <run_address>0x42f4</run_address>
         <size>0x80</size>
         <input_file_ref idref="fl-17"/>
      </object_component>
      <object_component id="oc-28a">
         <name>.const:GPIO_PORT_TO_BASE</name>
         <load_address>0x4374</load_address>
         <run_address>0x4374</run_address>
         <size>0x30</size>
         <input_file_ref idref="fl-1a"/>
      </object_component>
      <object_component id="oc-195">
         <name>.const:g_sCrystalfontz128x128_funcs</name>
         <load_address>0x43a4</load_address>
         <run_address>0x43a4</run_address>
         <size>0x20</size>
         <input_file_ref idref="fl-4"/>
      </object_component>
      <object_component id="oc-3a7">
         <name>.const:$P$T0$1</name>
         <load_address>0x43c4</load_address>
         <run_address>0x43c4</run_address>
         <size>0x1c</size>
         <input_file_ref idref="fl-5"/>
      </object_component>
      <object_component id="oc-3d8">
         <name>.const:$P$T0$1</name>
         <load_address>0x43e0</load_address>
         <run_address>0x43e0</run_address>
         <size>0x8</size>
         <input_file_ref idref="fl-4"/>
      </object_component>
      <object_component id="oc-29a">
         <name>.const:g_pulEnRegs</name>
         <load_address>0x43e8</load_address>
         <run_address>0x43e8</run_address>
         <size>0x8</size>
         <input_file_ref idref="fl-1b"/>
      </object_component>
      <object_component id="oc-54c">
         <name>.cinit..data.load</name>
         <load_address>0x43f0</load_address>
         <run_address>0x43f0</run_address>
         <size>0xd</size>
      </object_component>
      <object_component id="oc-54a">
         <name>__TI_handler_table</name>
         <load_address>0x4400</load_address>
         <run_address>0x4400</run_address>
         <size>0xc</size>
      </object_component>
      <object_component id="oc-54d">
         <name>.cinit..bss.load</name>
         <load_address>0x4410</load_address>
         <run_address>0x4410</run_address>
         <size>0x8</size>
      </object_component>
      <object_component id="oc-54b">
         <name>__TI_cinit_table</name>
         <load_address>0x4418</load_address>
         <run_address>0x4418</run_address>
         <size>0x10</size>
      </object_component>
      <object_component id="oc-51f">
         <name>.binit</name>
         <load_address>0x0</load_address>
         <run_address>0x0</run_address>
         <size>0x0</size>
      </object_component>
      <object_component id="oc-192">
         <name>.data:g_sCrystalfontz128x128</name>
         <load_address>0x2000002c</load_address>
         <run_address>0x2000002c</run_address>
         <size>0x10</size>
         <input_file_ref idref="fl-4"/>
      </object_component>
      <object_component id="oc-46a">
         <name>.data</name>
         <load_address>0x2000003c</load_address>
         <run_address>0x2000003c</run_address>
         <size>0x4</size>
         <input_file_ref idref="fl-f6"/>
      </object_component>
      <object_component id="oc-d4">
         <name>.bss:resultsBuffer</name>
         <uninitialized>true</uninitialized>
         <run_address>0x2000001c</run_address>
         <size>0x4</size>
         <input_file_ref idref="fl-2"/>
      </object_component>
      <object_component id="oc-d7">
         <name>.common:g_sContext</name>
         <uninitialized>true</uninitialized>
         <run_address>0x20000000</run_address>
         <size>0x1c</size>
      </object_component>
      <object_component id="oc-276">
         <name>.common:Lcd_Orientation</name>
         <uninitialized>true</uninitialized>
         <run_address>0x20000028</run_address>
         <size>0x1</size>
      </object_component>
      <object_component id="oc-26d">
         <name>.common:Lcd_ScreenWidth</name>
         <uninitialized>true</uninitialized>
         <run_address>0x20000022</run_address>
         <size>0x2</size>
      </object_component>
      <object_component id="oc-270">
         <name>.common:Lcd_ScreenHeigth</name>
         <uninitialized>true</uninitialized>
         <run_address>0x20000020</run_address>
         <size>0x2</size>
      </object_component>
      <object_component id="oc-271">
         <name>.common:Lcd_PenSolid</name>
         <uninitialized>true</uninitialized>
         <run_address>0x20000029</run_address>
         <size>0x1</size>
      </object_component>
      <object_component id="oc-272">
         <name>.common:Lcd_FontSolid</name>
         <uninitialized>true</uninitialized>
         <run_address>0x20000027</run_address>
         <size>0x1</size>
      </object_component>
      <object_component id="oc-273">
         <name>.common:Lcd_FlagRead</name>
         <uninitialized>true</uninitialized>
         <run_address>0x20000026</run_address>
         <size>0x1</size>
      </object_component>
      <object_component id="oc-274">
         <name>.common:Lcd_TouchTrim</name>
         <uninitialized>true</uninitialized>
         <run_address>0x20000024</run_address>
         <size>0x2</size>
      </object_component>
      <object_component id="oc-26">
         <name>.stack</name>
         <uninitialized>true</uninitialized>
         <run_address>0x2000fe00</run_address>
         <size>0x4</size>
         <input_file_ref idref="fl-db"/>
      </object_component>
      <object_component id="oc-54e">
         <name>.stack</name>
         <uninitialized>true</uninitialized>
         <run_address>0x2000fe00</run_address>
         <size>0x0</size>
      </object_component>
      <object_component id="oc-d8">
         <name>.debug_info</name>
         <load_address>0x0</load_address>
         <run_address>0x0</run_address>
         <size>0xfa9</size>
         <input_file_ref idref="fl-2"/>
      </object_component>
      <object_component id="oc-d5">
         <name>.debug_info</name>
         <load_address>0xfa9</load_address>
         <run_address>0xfa9</run_address>
         <size>0xf1</size>
         <input_file_ref idref="fl-2"/>
      </object_component>
      <object_component id="oc-9d">
         <name>.debug_info</name>
         <load_address>0x109a</load_address>
         <run_address>0x109a</run_address>
         <size>0x4e3</size>
         <input_file_ref idref="fl-2"/>
      </object_component>
      <object_component id="oc-71">
         <name>.debug_info</name>
         <load_address>0x157d</load_address>
         <run_address>0x157d</run_address>
         <size>0x281</size>
         <input_file_ref idref="fl-2"/>
      </object_component>
      <object_component id="oc-e7">
         <name>.debug_info</name>
         <load_address>0x17fe</load_address>
         <run_address>0x17fe</run_address>
         <size>0x26b</size>
         <input_file_ref idref="fl-2"/>
      </object_component>
      <object_component id="oc-222">
         <name>.debug_info</name>
         <load_address>0x1a69</load_address>
         <run_address>0x1a69</run_address>
         <size>0x1055</size>
         <input_file_ref idref="fl-2"/>
      </object_component>
      <object_component id="oc-21d">
         <name>.debug_info</name>
         <load_address>0x2abe</load_address>
         <run_address>0x2abe</run_address>
         <size>0x37e2</size>
         <input_file_ref idref="fl-2"/>
      </object_component>
      <object_component id="oc-227">
         <name>.debug_info</name>
         <load_address>0x62a0</load_address>
         <run_address>0x62a0</run_address>
         <size>0x439</size>
         <input_file_ref idref="fl-2"/>
      </object_component>
      <object_component id="oc-e0">
         <name>.debug_info</name>
         <load_address>0x66d9</load_address>
         <run_address>0x66d9</run_address>
         <size>0x8b</size>
         <input_file_ref idref="fl-2"/>
      </object_component>
      <object_component id="oc-22c">
         <name>.debug_info</name>
         <load_address>0x6764</load_address>
         <run_address>0x6764</run_address>
         <size>0x297</size>
         <input_file_ref idref="fl-2"/>
      </object_component>
      <object_component id="oc-1e2">
         <name>.debug_info</name>
         <load_address>0x69fb</load_address>
         <run_address>0x69fb</run_address>
         <size>0xef</size>
         <input_file_ref idref="fl-2"/>
      </object_component>
      <object_component id="oc-db">
         <name>.debug_info</name>
         <load_address>0x6aea</load_address>
         <run_address>0x6aea</run_address>
         <size>0xbb</size>
         <input_file_ref idref="fl-2"/>
      </object_component>
      <object_component id="oc-206">
         <name>.debug_info</name>
         <load_address>0x6ba5</load_address>
         <run_address>0x6ba5</run_address>
         <size>0x2c</size>
         <input_file_ref idref="fl-2"/>
      </object_component>
      <object_component id="oc-3ab">
         <name>.debug_info</name>
         <load_address>0x6bd1</load_address>
         <run_address>0x6bd1</run_address>
         <size>0x131</size>
         <input_file_ref idref="fl-2"/>
      </object_component>
      <object_component id="oc-af">
         <name>.debug_info</name>
         <load_address>0x6d02</load_address>
         <run_address>0x6d02</run_address>
         <size>0x143</size>
         <input_file_ref idref="fl-3"/>
      </object_component>
      <object_component id="oc-2f">
         <name>.debug_info</name>
         <load_address>0x6e45</load_address>
         <run_address>0x6e45</run_address>
         <size>0x84</size>
         <input_file_ref idref="fl-3"/>
      </object_component>
      <object_component id="oc-26e">
         <name>.debug_info</name>
         <load_address>0x6ec9</load_address>
         <run_address>0x6ec9</run_address>
         <size>0x941</size>
         <input_file_ref idref="fl-4"/>
      </object_component>
      <object_component id="oc-193">
         <name>.debug_info</name>
         <load_address>0x780a</load_address>
         <run_address>0x780a</run_address>
         <size>0x125</size>
         <input_file_ref idref="fl-4"/>
      </object_component>
      <object_component id="oc-196">
         <name>.debug_info</name>
         <load_address>0x792f</load_address>
         <run_address>0x792f</run_address>
         <size>0x131</size>
         <input_file_ref idref="fl-4"/>
      </object_component>
      <object_component id="oc-3d9">
         <name>.debug_info</name>
         <load_address>0x7a60</load_address>
         <run_address>0x7a60</run_address>
         <size>0x106</size>
         <input_file_ref idref="fl-4"/>
      </object_component>
      <object_component id="oc-121">
         <name>.debug_info</name>
         <load_address>0x7b66</load_address>
         <run_address>0x7b66</run_address>
         <size>0x3f8</size>
         <input_file_ref idref="fl-4"/>
      </object_component>
      <object_component id="oc-268">
         <name>.debug_info</name>
         <load_address>0x7f5e</load_address>
         <run_address>0x7f5e</run_address>
         <size>0x304</size>
         <input_file_ref idref="fl-4"/>
      </object_component>
      <object_component id="oc-127">
         <name>.debug_info</name>
         <load_address>0x8262</load_address>
         <run_address>0x8262</run_address>
         <size>0x260</size>
         <input_file_ref idref="fl-4"/>
      </object_component>
      <object_component id="oc-2b2">
         <name>.debug_info</name>
         <load_address>0x84c2</load_address>
         <run_address>0x84c2</run_address>
         <size>0x2a5</size>
         <input_file_ref idref="fl-4"/>
      </object_component>
      <object_component id="oc-2b8">
         <name>.debug_info</name>
         <load_address>0x8767</load_address>
         <run_address>0x8767</run_address>
         <size>0x408</size>
         <input_file_ref idref="fl-4"/>
      </object_component>
      <object_component id="oc-2be">
         <name>.debug_info</name>
         <load_address>0x8b6f</load_address>
         <run_address>0x8b6f</run_address>
         <size>0x2c0</size>
         <input_file_ref idref="fl-4"/>
      </object_component>
      <object_component id="oc-2c4">
         <name>.debug_info</name>
         <load_address>0x8e2f</load_address>
         <run_address>0x8e2f</run_address>
         <size>0x2c0</size>
         <input_file_ref idref="fl-4"/>
      </object_component>
      <object_component id="oc-2ca">
         <name>.debug_info</name>
         <load_address>0x90ef</load_address>
         <run_address>0x90ef</run_address>
         <size>0x2f1</size>
         <input_file_ref idref="fl-4"/>
      </object_component>
      <object_component id="oc-2d0">
         <name>.debug_info</name>
         <load_address>0x93e0</load_address>
         <run_address>0x93e0</run_address>
         <size>0x20e</size>
         <input_file_ref idref="fl-4"/>
      </object_component>
      <object_component id="oc-2d6">
         <name>.debug_info</name>
         <load_address>0x95ee</load_address>
         <run_address>0x95ee</run_address>
         <size>0x1c9</size>
         <input_file_ref idref="fl-4"/>
      </object_component>
      <object_component id="oc-2dc">
         <name>.debug_info</name>
         <load_address>0x97b7</load_address>
         <run_address>0x97b7</run_address>
         <size>0x239</size>
         <input_file_ref idref="fl-4"/>
      </object_component>
      <object_component id="oc-3b7">
         <name>.debug_info</name>
         <load_address>0x99f0</load_address>
         <run_address>0x99f0</run_address>
         <size>0x37e2</size>
         <input_file_ref idref="fl-4"/>
      </object_component>
      <object_component id="oc-4ad">
         <name>.debug_info</name>
         <load_address>0xd1d2</load_address>
         <run_address>0xd1d2</run_address>
         <size>0x887</size>
         <input_file_ref idref="fl-5"/>
      </object_component>
      <object_component id="oc-3a8">
         <name>.debug_info</name>
         <load_address>0xda59</load_address>
         <run_address>0xda59</run_address>
         <size>0x119</size>
         <input_file_ref idref="fl-5"/>
      </object_component>
      <object_component id="oc-244">
         <name>.debug_info</name>
         <load_address>0xdb72</load_address>
         <run_address>0xdb72</run_address>
         <size>0x270</size>
         <input_file_ref idref="fl-5"/>
      </object_component>
      <object_component id="oc-24a">
         <name>.debug_info</name>
         <load_address>0xdde2</load_address>
         <run_address>0xdde2</run_address>
         <size>0x239</size>
         <input_file_ref idref="fl-5"/>
      </object_component>
      <object_component id="oc-25d">
         <name>.debug_info</name>
         <load_address>0xe01b</load_address>
         <run_address>0xe01b</run_address>
         <size>0x230</size>
         <input_file_ref idref="fl-5"/>
      </object_component>
      <object_component id="oc-263">
         <name>.debug_info</name>
         <load_address>0xe24b</load_address>
         <run_address>0xe24b</run_address>
         <size>0x1e3</size>
         <input_file_ref idref="fl-5"/>
      </object_component>
      <object_component id="oc-78">
         <name>.debug_info</name>
         <load_address>0xe42e</load_address>
         <run_address>0xe42e</run_address>
         <size>0x2e3</size>
         <input_file_ref idref="fl-6"/>
      </object_component>
      <object_component id="oc-24">
         <name>.debug_info</name>
         <load_address>0xe711</load_address>
         <run_address>0xe711</run_address>
         <size>0x10f</size>
         <input_file_ref idref="fl-6"/>
      </object_component>
      <object_component id="oc-65">
         <name>.debug_info</name>
         <load_address>0xe820</load_address>
         <run_address>0xe820</run_address>
         <size>0x172</size>
         <input_file_ref idref="fl-6"/>
      </object_component>
      <object_component id="oc-6b">
         <name>.debug_info</name>
         <load_address>0xe992</load_address>
         <run_address>0xe992</run_address>
         <size>0x15a</size>
         <input_file_ref idref="fl-6"/>
      </object_component>
      <object_component id="oc-279">
         <name>.debug_info</name>
         <load_address>0xeaec</load_address>
         <run_address>0xeaec</run_address>
         <size>0x55d</size>
         <input_file_ref idref="fl-12"/>
      </object_component>
      <object_component id="oc-12e">
         <name>.debug_info</name>
         <load_address>0xf049</load_address>
         <run_address>0xf049</run_address>
         <size>0x1eb</size>
         <input_file_ref idref="fl-12"/>
      </object_component>
      <object_component id="oc-139">
         <name>.debug_info</name>
         <load_address>0xf234</load_address>
         <run_address>0xf234</run_address>
         <size>0x1ff</size>
         <input_file_ref idref="fl-12"/>
      </object_component>
      <object_component id="oc-13f">
         <name>.debug_info</name>
         <load_address>0xf433</load_address>
         <run_address>0xf433</run_address>
         <size>0x1cc</size>
         <input_file_ref idref="fl-12"/>
      </object_component>
      <object_component id="oc-133">
         <name>.debug_info</name>
         <load_address>0xf5ff</load_address>
         <run_address>0xf5ff</run_address>
         <size>0x1f2</size>
         <input_file_ref idref="fl-12"/>
      </object_component>
      <object_component id="oc-145">
         <name>.debug_info</name>
         <load_address>0xf7f1</load_address>
         <run_address>0xf7f1</run_address>
         <size>0x1bf</size>
         <input_file_ref idref="fl-12"/>
      </object_component>
      <object_component id="oc-3bf">
         <name>.debug_info</name>
         <load_address>0xf9b0</load_address>
         <run_address>0xf9b0</run_address>
         <size>0x3f7</size>
         <input_file_ref idref="fl-13"/>
      </object_component>
      <object_component id="oc-36f">
         <name>.debug_info</name>
         <load_address>0xfda7</load_address>
         <run_address>0xfda7</run_address>
         <size>0x1ff</size>
         <input_file_ref idref="fl-13"/>
      </object_component>
      <object_component id="oc-485">
         <name>.debug_info</name>
         <load_address>0xffa6</load_address>
         <run_address>0xffa6</run_address>
         <size>0x21d</size>
         <input_file_ref idref="fl-13"/>
      </object_component>
      <object_component id="oc-27e">
         <name>.debug_info</name>
         <load_address>0x101c3</load_address>
         <run_address>0x101c3</run_address>
         <size>0x1df</size>
         <input_file_ref idref="fl-13"/>
      </object_component>
      <object_component id="oc-287">
         <name>.debug_info</name>
         <load_address>0x103a2</load_address>
         <run_address>0x103a2</run_address>
         <size>0x1d7</size>
         <input_file_ref idref="fl-13"/>
      </object_component>
      <object_component id="oc-2e8">
         <name>.debug_info</name>
         <load_address>0x10579</load_address>
         <run_address>0x10579</run_address>
         <size>0x278</size>
         <input_file_ref idref="fl-14"/>
      </object_component>
      <object_component id="oc-2e4">
         <name>.debug_info</name>
         <load_address>0x107f1</load_address>
         <run_address>0x107f1</run_address>
         <size>0x136</size>
         <input_file_ref idref="fl-14"/>
      </object_component>
      <object_component id="oc-199">
         <name>.debug_info</name>
         <load_address>0x10927</load_address>
         <run_address>0x10927</run_address>
         <size>0x12b</size>
         <input_file_ref idref="fl-14"/>
      </object_component>
      <object_component id="oc-218">
         <name>.debug_info</name>
         <load_address>0x10a52</load_address>
         <run_address>0x10a52</run_address>
         <size>0x4b6</size>
         <input_file_ref idref="fl-15"/>
      </object_component>
      <object_component id="oc-360">
         <name>.debug_info</name>
         <load_address>0x10f08</load_address>
         <run_address>0x10f08</run_address>
         <size>0x1c1</size>
         <input_file_ref idref="fl-15"/>
      </object_component>
      <object_component id="oc-20e">
         <name>.debug_info</name>
         <load_address>0x110c9</load_address>
         <run_address>0x110c9</run_address>
         <size>0x28a</size>
         <input_file_ref idref="fl-15"/>
      </object_component>
      <object_component id="oc-213">
         <name>.debug_info</name>
         <load_address>0x11353</load_address>
         <run_address>0x11353</run_address>
         <size>0x426</size>
         <input_file_ref idref="fl-15"/>
      </object_component>
      <object_component id="oc-d0">
         <name>.debug_info</name>
         <load_address>0x11779</load_address>
         <run_address>0x11779</run_address>
         <size>0x26a</size>
         <input_file_ref idref="fl-15"/>
      </object_component>
      <object_component id="oc-488">
         <name>.debug_info</name>
         <load_address>0x119e3</load_address>
         <run_address>0x119e3</run_address>
         <size>0x537</size>
         <input_file_ref idref="fl-16"/>
      </object_component>
      <object_component id="oc-366">
         <name>.debug_info</name>
         <load_address>0x11f1a</load_address>
         <run_address>0x11f1a</run_address>
         <size>0x212</size>
         <input_file_ref idref="fl-16"/>
      </object_component>
      <object_component id="oc-298">
         <name>.debug_info</name>
         <load_address>0x1212c</load_address>
         <run_address>0x1212c</run_address>
         <size>0x702</size>
         <input_file_ref idref="fl-17"/>
      </object_component>
      <object_component id="oc-1ef">
         <name>.debug_info</name>
         <load_address>0x1282e</load_address>
         <run_address>0x1282e</run_address>
         <size>0x120</size>
         <input_file_ref idref="fl-17"/>
      </object_component>
      <object_component id="oc-1ea">
         <name>.debug_info</name>
         <load_address>0x1294e</load_address>
         <run_address>0x1294e</run_address>
         <size>0x1d5</size>
         <input_file_ref idref="fl-17"/>
      </object_component>
      <object_component id="oc-291">
         <name>.debug_info</name>
         <load_address>0x12b23</load_address>
         <run_address>0x12b23</run_address>
         <size>0x1b4</size>
         <input_file_ref idref="fl-17"/>
      </object_component>
      <object_component id="oc-152">
         <name>.debug_info</name>
         <load_address>0x12cd7</load_address>
         <run_address>0x12cd7</run_address>
         <size>0x1a9</size>
         <input_file_ref idref="fl-17"/>
      </object_component>
      <object_component id="oc-17c">
         <name>.debug_info</name>
         <load_address>0x12e80</load_address>
         <run_address>0x12e80</run_address>
         <size>0x22f</size>
         <input_file_ref idref="fl-17"/>
      </object_component>
      <object_component id="oc-158">
         <name>.debug_info</name>
         <load_address>0x130af</load_address>
         <run_address>0x130af</run_address>
         <size>0x2f6</size>
         <input_file_ref idref="fl-17"/>
      </object_component>
      <object_component id="oc-15e">
         <name>.debug_info</name>
         <load_address>0x133a5</load_address>
         <run_address>0x133a5</run_address>
         <size>0x2e4</size>
         <input_file_ref idref="fl-17"/>
      </object_component>
      <object_component id="oc-182">
         <name>.debug_info</name>
         <load_address>0x13689</load_address>
         <run_address>0x13689</run_address>
         <size>0x1d5</size>
         <input_file_ref idref="fl-17"/>
      </object_component>
      <object_component id="oc-188">
         <name>.debug_info</name>
         <load_address>0x1385e</load_address>
         <run_address>0x1385e</run_address>
         <size>0x1c6</size>
         <input_file_ref idref="fl-17"/>
      </object_component>
      <object_component id="oc-164">
         <name>.debug_info</name>
         <load_address>0x13a24</load_address>
         <run_address>0x13a24</run_address>
         <size>0x357</size>
         <input_file_ref idref="fl-17"/>
      </object_component>
      <object_component id="oc-c4">
         <name>.debug_info</name>
         <load_address>0x13d7b</load_address>
         <run_address>0x13d7b</run_address>
         <size>0x20b</size>
         <input_file_ref idref="fl-17"/>
      </object_component>
      <object_component id="oc-16a">
         <name>.debug_info</name>
         <load_address>0x13f86</load_address>
         <run_address>0x13f86</run_address>
         <size>0x1e7</size>
         <input_file_ref idref="fl-17"/>
      </object_component>
      <object_component id="oc-1dd">
         <name>.debug_info</name>
         <load_address>0x1416d</load_address>
         <run_address>0x1416d</run_address>
         <size>0x1d2</size>
         <input_file_ref idref="fl-17"/>
      </object_component>
      <object_component id="oc-b8">
         <name>.debug_info</name>
         <load_address>0x1433f</load_address>
         <run_address>0x1433f</run_address>
         <size>0x1fb</size>
         <input_file_ref idref="fl-17"/>
      </object_component>
      <object_component id="oc-be">
         <name>.debug_info</name>
         <load_address>0x1453a</load_address>
         <run_address>0x1453a</run_address>
         <size>0x1ed</size>
         <input_file_ref idref="fl-17"/>
      </object_component>
      <object_component id="oc-3c7">
         <name>.debug_info</name>
         <load_address>0x14727</load_address>
         <run_address>0x14727</run_address>
         <size>0x431a</size>
         <input_file_ref idref="fl-17"/>
      </object_component>
      <object_component id="oc-11b">
         <name>.debug_info</name>
         <load_address>0x18a41</load_address>
         <run_address>0x18a41</run_address>
         <size>0x299</size>
         <input_file_ref idref="fl-18"/>
      </object_component>
      <object_component id="oc-115">
         <name>.debug_info</name>
         <load_address>0x18cda</load_address>
         <run_address>0x18cda</run_address>
         <size>0x1e1</size>
         <input_file_ref idref="fl-18"/>
      </object_component>
      <object_component id="oc-10f">
         <name>.debug_info</name>
         <load_address>0x18ebb</load_address>
         <run_address>0x18ebb</run_address>
         <size>0x220</size>
         <input_file_ref idref="fl-19"/>
      </object_component>
      <object_component id="oc-3c3">
         <name>.debug_info</name>
         <load_address>0x190db</load_address>
         <run_address>0x190db</run_address>
         <size>0x6fd</size>
         <input_file_ref idref="fl-1a"/>
      </object_component>
      <object_component id="oc-28b">
         <name>.debug_info</name>
         <load_address>0x197d8</load_address>
         <run_address>0x197d8</run_address>
         <size>0x131</size>
         <input_file_ref idref="fl-1a"/>
      </object_component>
      <object_component id="oc-396">
         <name>.debug_info</name>
         <load_address>0x19909</load_address>
         <run_address>0x19909</run_address>
         <size>0x24e</size>
         <input_file_ref idref="fl-1a"/>
      </object_component>
      <object_component id="oc-390">
         <name>.debug_info</name>
         <load_address>0x19b57</load_address>
         <run_address>0x19b57</run_address>
         <size>0x2a1</size>
         <input_file_ref idref="fl-1a"/>
      </object_component>
      <object_component id="oc-14c">
         <name>.debug_info</name>
         <load_address>0x19df8</load_address>
         <run_address>0x19df8</run_address>
         <size>0x29f</size>
         <input_file_ref idref="fl-1a"/>
      </object_component>
      <object_component id="oc-257">
         <name>.debug_info</name>
         <load_address>0x1a097</load_address>
         <run_address>0x1a097</run_address>
         <size>0x256</size>
         <input_file_ref idref="fl-1a"/>
      </object_component>
      <object_component id="oc-251">
         <name>.debug_info</name>
         <load_address>0x1a2ed</load_address>
         <run_address>0x1a2ed</run_address>
         <size>0x254</size>
         <input_file_ref idref="fl-1a"/>
      </object_component>
      <object_component id="oc-3ce">
         <name>.debug_info</name>
         <load_address>0x1a541</load_address>
         <run_address>0x1a541</run_address>
         <size>0x68b</size>
         <input_file_ref idref="fl-1b"/>
      </object_component>
      <object_component id="oc-29b">
         <name>.debug_info</name>
         <load_address>0x1abcc</load_address>
         <run_address>0x1abcc</run_address>
         <size>0x12a</size>
         <input_file_ref idref="fl-1b"/>
      </object_component>
      <object_component id="oc-175">
         <name>.debug_info</name>
         <load_address>0x1acf6</load_address>
         <run_address>0x1acf6</run_address>
         <size>0x1d1</size>
         <input_file_ref idref="fl-1b"/>
      </object_component>
      <object_component id="oc-103">
         <name>.debug_info</name>
         <load_address>0x1aec7</load_address>
         <run_address>0x1aec7</run_address>
         <size>0x1d3</size>
         <input_file_ref idref="fl-1b"/>
      </object_component>
      <object_component id="oc-16f">
         <name>.debug_info</name>
         <load_address>0x1b09a</load_address>
         <run_address>0x1b09a</run_address>
         <size>0x215</size>
         <input_file_ref idref="fl-1b"/>
      </object_component>
      <object_component id="oc-23c">
         <name>.debug_info</name>
         <load_address>0x1b2af</load_address>
         <run_address>0x1b2af</run_address>
         <size>0x3a1</size>
         <input_file_ref idref="fl-1c"/>
      </object_component>
      <object_component id="oc-10b">
         <name>.debug_info</name>
         <load_address>0x1b650</load_address>
         <run_address>0x1b650</run_address>
         <size>0x21c</size>
         <input_file_ref idref="fl-1c"/>
      </object_component>
      <object_component id="oc-378">
         <name>.debug_info</name>
         <load_address>0x1b86c</load_address>
         <run_address>0x1b86c</run_address>
         <size>0x1e7</size>
         <input_file_ref idref="fl-1c"/>
      </object_component>
      <object_component id="oc-37e">
         <name>.debug_info</name>
         <load_address>0x1ba53</load_address>
         <run_address>0x1ba53</run_address>
         <size>0x1f5</size>
         <input_file_ref idref="fl-1c"/>
      </object_component>
      <object_component id="oc-490">
         <name>.debug_info</name>
         <load_address>0x1bc48</load_address>
         <run_address>0x1bc48</run_address>
         <size>0x342</size>
         <input_file_ref idref="fl-1c"/>
      </object_component>
      <object_component id="oc-38a">
         <name>.debug_info</name>
         <load_address>0x1bf8a</load_address>
         <run_address>0x1bf8a</run_address>
         <size>0x1fe</size>
         <input_file_ref idref="fl-1c"/>
      </object_component>
      <object_component id="oc-18f">
         <name>.debug_info</name>
         <load_address>0x1c188</load_address>
         <run_address>0x1c188</run_address>
         <size>0x1ac</size>
         <input_file_ref idref="fl-1c"/>
      </object_component>
      <object_component id="oc-384">
         <name>.debug_info</name>
         <load_address>0x1c334</load_address>
         <run_address>0x1c334</run_address>
         <size>0x1a8</size>
         <input_file_ref idref="fl-1c"/>
      </object_component>
      <object_component id="oc-49d">
         <name>.debug_info</name>
         <load_address>0x1c4dc</load_address>
         <run_address>0x1c4dc</run_address>
         <size>0x6f1</size>
         <input_file_ref idref="fl-1e"/>
      </object_component>
      <object_component id="oc-497">
         <name>.debug_info</name>
         <load_address>0x1cbcd</load_address>
         <run_address>0x1cbcd</run_address>
         <size>0x1c3</size>
         <input_file_ref idref="fl-1e"/>
      </object_component>
      <object_component id="oc-39c">
         <name>.debug_info</name>
         <load_address>0x1cd90</load_address>
         <run_address>0x1cd90</run_address>
         <size>0x227</size>
         <input_file_ref idref="fl-1e"/>
      </object_component>
      <object_component id="oc-3a2">
         <name>.debug_info</name>
         <load_address>0x1cfb7</load_address>
         <run_address>0x1cfb7</run_address>
         <size>0x231</size>
         <input_file_ref idref="fl-1e"/>
      </object_component>
      <object_component id="oc-4a5">
         <name>.debug_info</name>
         <load_address>0x1d1e8</load_address>
         <run_address>0x1d1e8</run_address>
         <size>0x1e5</size>
         <input_file_ref idref="fl-1e"/>
      </object_component>
      <object_component id="oc-49f">
         <name>.debug_info</name>
         <load_address>0x1d3cd</load_address>
         <run_address>0x1d3cd</run_address>
         <size>0x1e5</size>
         <input_file_ref idref="fl-1e"/>
      </object_component>
      <object_component id="oc-fe">
         <name>.debug_info</name>
         <load_address>0x1d5b2</load_address>
         <run_address>0x1d5b2</run_address>
         <size>0x1c5</size>
         <input_file_ref idref="fl-21"/>
      </object_component>
[...]
         <name>ADC14_getInterruptStatus</name>
         <value>0x3a15</value>
         <object_component_ref idref="oc-1db"/>
      </symbol>
      <symbol id="sm-383">
         <name>ADC14_enableSampleTimer</name>
         <value>0x38ed</value>
         <object_component_ref idref="oc-17a"/>
      </symbol>
      <symbol id="sm-384">
         <name>ADC14_enableConversion</name>
         <value>0x3af1</value>
         <object_component_ref idref="oc-180"/>
      </symbol>
      <symbol id="sm-385">
         <name>ADC14_toggleConversionTrigger</name>
         <value>0x3a41</value>
         <object_component_ref idref="oc-186"/>
      </symbol>
      <symbol id="sm-386">
         <name>ADC14_getEnabledInterruptStatus</name>
         <value>0x380d</value>
         <object_component_ref idref="oc-b6"/>
      </symbol>
      <symbol id="sm-387">
         <name>ADC14_initModule</name>
         <value>0x3345</value>
         <object_component_ref idref="oc-156"/>
      </symbol>
      <symbol id="sm-388">
         <name>ADC14_configureMultiSequenceMode</name>
         <value>0x28f1</value>
         <object_component_ref idref="oc-15c"/>
      </symbol>
      <symbol id="sm-389">
         <name>ADC14_clearInterruptFlag</name>
         <value>0x3955</value>
         <object_component_ref idref="oc-bc"/>
      </symbol>
      <symbol id="sm-38a">
         <name>ADC14_configureConversionMemory</name>
         <value>0x2999</value>
         <object_component_ref idref="oc-162"/>
      </symbol>
      <symbol id="sm-38b">
         <name>ADC14_enableModule</name>
         <value>0x3dd9</value>
         <object_component_ref idref="oc-150"/>
      </symbol>
      <symbol id="sm-38c">
         <name>ADC14_getResult</name>
         <value>0x3bdd</value>
         <object_component_ref idref="oc-c2"/>
      </symbol>
      <symbol id="sm-3bb">
         <name>CS_setDCOCenteredFrequency</name>
         <value>0x3921</value>
         <object_component_ref idref="oc-114"/>
      </symbol>
      <symbol id="sm-3bc">
         <name>CS_initClockSignal</name>
         <value>0x1df5</value>
         <object_component_ref idref="oc-11a"/>
      </symbol>
      <symbol id="sm-3cb">
         <name>FlashCtl_setWaitState</name>
         <value>0x3531</value>
         <object_component_ref idref="oc-10e"/>
      </symbol>
      <symbol id="sm-413">
         <name>GPIO_setOutputHighOnPin</name>
         <value>0x3b41</value>
         <object_component_ref idref="oc-255"/>
      </symbol>
      <symbol id="sm-414">
         <name>GPIO_setAsOutputPin</name>
         <value>0x368d</value>
         <object_component_ref idref="oc-394"/>
      </symbol>
      <symbol id="sm-415">
         <name>GPIO_setOutputLowOnPin</name>
         <value>0x3b69</value>
         <object_component_ref idref="oc-24f"/>
      </symbol>
      <symbol id="sm-416">
         <name>GPIO_setAsPeripheralModuleFunctionOutputPin</name>
         <value>0x2d31</value>
         <object_component_ref idref="oc-38e"/>
      </symbol>
      <symbol id="sm-417">
         <name>GPIO_setAsPeripheralModuleFunctionInputPin</name>
         <value>0x2ca9</value>
         <object_component_ref idref="oc-14a"/>
      </symbol>
      <symbol id="sm-446">
         <name>Interrupt_disableMaster</name>
         <value>0x3d89</value>
         <object_component_ref idref="oc-102"/>
      </symbol>
      <symbol id="sm-447">
         <name>Interrupt_enableMaster</name>
         <value>0x3d99</value>
         <object_component_ref idref="oc-174"/>
      </symbol>
      <symbol id="sm-448">
         <name>Interrupt_enableInterrupt</name>
         <value>0x2ec5</value>
         <object_component_ref idref="oc-16e"/>
      </symbol>
      <symbol id="sm-4d3">
         <name>PCM_setCoreVoltageLevel</name>
         <value>0x3da9</value>
         <object_component_ref idref="oc-108"/>
      </symbol>
      <symbol id="sm-4d4">
         <name>PCM_getCoreVoltageLevel</name>
         <value>0x3235</value>
         <object_component_ref idref="oc-37b"/>
      </symbol>
      <symbol id="sm-4d5">
         <name>PCM_getPowerMode</name>
         <value>0x3293</value>
         <object_component_ref idref="oc-375"/>
      </symbol>
      <symbol id="sm-4d6">
         <name>PCM_getPowerState</name>
         <value>0x3d05</value>
         <object_component_ref idref="oc-381"/>
      </symbol>
      <symbol id="sm-4d7">
         <name>PCM_gotoLPM0</name>
         <value>0x3b91</value>
         <object_component_ref idref="oc-18c"/>
      </symbol>
      <symbol id="sm-4d8">
         <name>PCM_setPowerMode</name>
         <value>0x3db9</value>
         <object_component_ref idref="oc-387"/>
      </symbol>
      <symbol id="sm-513">
         <name>EUSCI_B_SPI_enable</name>
         <value>0x3cad</value>
         <object_component_ref idref="oc-4a4"/>
      </symbol>
      <symbol id="sm-514">
         <name>SPI_enableModule</name>
         <value>0x3bf9</value>
         <object_component_ref idref="oc-3a1"/>
      </symbol>
      <symbol id="sm-515">
         <name>EUSCI_A_SPI_enable</name>
         <value>0x3c97</value>
         <object_component_ref idref="oc-49e"/>
      </symbol>
      <symbol id="sm-516">
         <name>SPI_initMaster</name>
         <value>0x283f</value>
         <object_component_ref idref="oc-39b"/>
      </symbol>
      <symbol id="sm-524">
         <name>WDT_A_holdTimer</name>
         <value>0x3bb9</value>
         <object_component_ref idref="oc-fc"/>
      </symbol>
      <symbol id="sm-53e">
         <name>CPU_wfi</name>
         <value>0x3e25</value>
         <object_component_ref idref="oc-2a8"/>
      </symbol>
      <symbol id="sm-53f">
         <name>CPU_cpsie</name>
         <value>0x3df1</value>
         <object_component_ref idref="oc-29e"/>
      </symbol>
      <symbol id="sm-540">
         <name>CPU_cpsid</name>
         <value>0x3de5</value>
         <object_component_ref idref="oc-232"/>
      </symbol>
      <symbol id="sm-559">
         <name>__TI_zero_init_nomemset</name>
         <value>0x3d53</value>
         <object_component_ref idref="oc-40"/>
      </symbol>
      <symbol id="sm-570">
         <name>__TI_decompress_none</name>
         <value>0x3dc9</value>
         <object_component_ref idref="oc-1a"/>
      </symbol>
      <symbol id="sm-593">
         <name>__TI_decompress_lzss</name>
         <value>0x30a7</value>
         <object_component_ref idref="oc-14"/>
      </symbol>
      <symbol id="sm-5a6">
         <name>__stack</name>
         <value>0x2000fe00</value>
         <object_component_ref idref="oc-26"/>
      </symbol>
      <symbol id="sm-5a7">
         <name>_c_int00_noargs</name>
         <value>0x387d</value>
         <object_component_ref idref="oc-52"/>
      </symbol>
      <symbol id="sm-5b2">
         <name>C$$EXIT</name>
         <value>0x3e2d</value>
         <object_component_ref idref="oc-19c"/>
      </symbol>
      <symbol id="sm-5b3">
         <name>abort</name>
         <value>0x3e2d</value>
         <object_component_ref idref="oc-19c"/>
      </symbol>
      <symbol id="sm-5dc">
         <name>sprintf</name>
         <value>0x378d</value>
         <object_component_ref idref="oc-c8"/>
      </symbol>
      <symbol id="sm-5f7">
         <name>memcpy</name>
         <value>0x2b75</value>
         <object_component_ref idref="oc-34"/>
      </symbol>
      <symbol id="sm-5f8">
         <name>__aeabi_memcpy</name>
         <value>0x2b75</value>
         <object_component_ref idref="oc-34"/>
      </symbol>
      <symbol id="sm-5f9">
         <name>__aeabi_memcpy8</name>
         <value>0x2b75</value>
         <object_component_ref idref="oc-34"/>
      </symbol>
      <symbol id="sm-5fa">
         <name>__aeabi_memcpy4</name>
         <value>0x2b75</value>
         <object_component_ref idref="oc-34"/>
      </symbol>
      <symbol id="sm-609">
         <name>__aeabi_memset</name>
         <value>0x2f47</value>
         <object_component_ref idref="oc-90"/>
      </symbol>
      <symbol id="sm-60a">
         <name>memset</name>
         <value>0x2f4d</value>
         <object_component_ref idref="oc-90"/>
      </symbol>
      <symbol id="sm-60b">
         <name>__aeabi_memset8</name>
         <value>0x2f47</value>
         <object_component_ref idref="oc-90"/>
      </symbol>
      <symbol id="sm-60c">
         <name>__aeabi_memset4</name>
         <value>0x2f47</value>
         <object_component_ref idref="oc-90"/>
      </symbol>
      <symbol id="sm-60d">
         <name>__aeabi_memclr8</name>
         <value>0x2f45</value>
         <object_component_ref idref="oc-90"/>
      </symbol>
      <symbol id="sm-60e">
         <name>__aeabi_memclr4</name>
         <value>0x2f45</value>
         <object_component_ref idref="oc-90"/>
      </symbol>
      <symbol id="sm-60f">
         <name>__aeabi_memclr</name>
         <value>0x2f45</value>
         <object_component_ref idref="oc-90"/>
      </symbol>
      <symbol id="sm-637">
         <name>__TI_auto_init_nobinit_nopinit</name>
         <value>0x3609</value>
         <object_component_ref idref="oc-1a8"/>
      </symbol>
      <symbol id="sm-641">
         <name>_system_pre_init</name>
         <value>0x3e29</value>
         <object_component_ref idref="oc-96"/>
      </symbol>
      <symbol id="sm-7a7">
         <name>__TI_printfi</name>
         <value>0xe5</value>
         <object_component_ref idref="oc-1f2"/>
      </symbol>
      <symbol id="sm-7bd">
         <name>atoi</name>
         <value>0x34e5</value>
         <object_component_ref idref="oc-313"/>
      </symbol>
      <symbol id="sm-7c8">
         <name>_ctypes_</name>
         <value>0x4128</value>
         <object_component_ref idref="oc-403"/>
      </symbol>
      <symbol id="sm-7d7">
         <name>ltoa</name>
         <value>0x33ed</value>
         <object_component_ref idref="oc-423"/>
      </symbol>
      <symbol id="sm-7e7">
         <name>memccpy</name>
         <value>0x3c15</value>
         <object_component_ref idref="oc-33c"/>
      </symbol>
      <symbol id="sm-7f7">
         <name>strchr</name>
         <value>0x3cef</value>
         <object_component_ref idref="oc-45a"/>
      </symbol>
      <symbol id="sm-805">
         <name>strlen</name>
         <value>0x3d2d</value>
         <object_component_ref idref="oc-30d"/>
      </symbol>
      <symbol id="sm-81e">
         <name>wcslen</name>
         <value>0x3d65</value>
         <object_component_ref idref="oc-342"/>
      </symbol>
      <symbol id="sm-83e">
         <name>frexpl</name>
         <value>0x3111</value>
         <object_component_ref idref="oc-44e"/>
      </symbol>
      <symbol id="sm-83f">
         <name>frexp</name>
         <value>0x3111</value>
         <object_component_ref idref="oc-44e"/>
      </symbol>
      <symbol id="sm-85c">
         <name>scalbn</name>
         <value>0x229d</value>
         <object_component_ref idref="oc-454"/>
      </symbol>
      <symbol id="sm-85d">
         <name>scalbnl</name>
         <value>0x229d</value>
         <object_component_ref idref="oc-454"/>
      </symbol>
      <symbol id="sm-85e">
         <name>ldexpl</name>
         <value>0x229d</value>
         <object_component_ref idref="oc-454"/>
      </symbol>
      <symbol id="sm-85f">
         <name>ldexp</name>
         <value>0x229d</value>
         <object_component_ref idref="oc-454"/>
      </symbol>
      <symbol id="sm-876">
         <name>__aeabi_dsub</name>
         <value>0x15d9</value>
         <object_component_ref idref="oc-42e"/>
      </symbol>
      <symbol id="sm-877">
         <name>__aeabi_dadd</name>
         <value>0x15e3</value>
         <object_component_ref idref="oc-42e"/>
      </symbol>
      <symbol id="sm-899">
         <name>__aeabi_cdcmpeq</name>
         <value>0x2db9</value>
         <object_component_ref idref="oc-31f"/>
      </symbol>
      <symbol id="sm-89a">
         <name>__aeabi_cdcmple</name>
         <value>0x2db9</value>
         <object_component_ref idref="oc-31f"/>
      </symbol>
      <symbol id="sm-89b">
         <name>__aeabi_cdrcmple</name>
         <value>0x2e3f</value>
         <object_component_ref idref="oc-419"/>
      </symbol>
      <symbol id="sm-8af">
         <name>__aeabi_ddiv</name>
         <value>0x1b89</value>
         <object_component_ref idref="oc-414"/>
      </symbol>
      <symbol id="sm-8ba">
         <name>__aeabi_dmul</name>
         <value>0x24b5</value>
         <object_component_ref idref="oc-40f"/>
      </symbol>
      <symbol id="sm-8c4">
         <name>__aeabi_d2iz</name>
         <value>0x35c1</value>
         <object_component_ref idref="oc-41e"/>
      </symbol>
      <symbol id="sm-8ce">
         <name>__aeabi_i2d</name>
         <value>0x39e5</value>
         <object_component_ref idref="oc-429"/>
      </symbol>
      <symbol id="sm-8db">
         <name>__aeabi_uldivmod</name>
         <value>0x2c11</value>
         <object_component_ref idref="oc-408"/>
      </symbol>
      <symbol id="sm-8f1">
         <name>__aeabi_errno_addr</name>
         <value>0x3e1d</value>
         <object_component_ref idref="oc-348"/>
      </symbol>
      <symbol id="sm-8f2">
         <name>errno</name>
         <value>0x2000003c</value>
         <object_component_ref idref="oc-46a"/>
      </symbol>
      <symbol id="sm-8fc">
         <name>copysign</name>
         <value>0x3d19</value>
         <object_component_ref idref="oc-4e5"/>
      </symbol>
      <symbol id="sm-8fd">
         <name>copysignl</name>
         <value>0x3d19</value>
         <object_component_ref idref="oc-4e5"/>
      </symbol>
      <symbol id="sm-907">
         <name>__aeabi_idiv0</name>
         <value>0x1cbf</value>
         <object_component_ref idref="oc-4cc"/>
      </symbol>
      <symbol id="sm-908">
         <name>__aeabi_ldiv0</name>
         <value>0x1cbf</value>
         <object_component_ref idref="oc-4cc"/>
      </symbol>
      <symbol id="sm-909">
         <name>__TI_static_base__</name>
         <value>0x0</value>
      </symbol>
      <symbol id="sm-90c">
         <name>__mpu_init</name>
         <value>0x0</value>
      </symbol>
      <symbol id="sm-90d">
         <name>_system_post_cinit</name>
         <value>0x0</value>
      </symbol>
      <symbol id="sm-90e">
         <name>NMI_Handler</name>
         <value>0x178f</value>
      </symbol>
      <symbol id="sm-90f">
         <name>HardFault_Handler</name>
         <value>0x178f</value>
      </symbol>
      <symbol id="sm-910">
         <name>MemManage_Handler</name>
         <value>0x178f</value>
      </symbol>
      <symbol id="sm-911">
         <name>BusFault_Handler</name>
         <value>0x178f</value>
      </symbol>
      <symbol id="sm-912">
         <name>UsageFault_Handler</name>
         <value>0x178f</value>
      </symbol>
      <symbol id="sm-913">
         <name>SVC_Handler</name>
         <value>0x178f</value>
      </symbol>
      <symbol id="sm-914">
         <name>DebugMon_Handler</name>
         <value>0x178f</value>
      </symbol>
      <symbol id="sm-915">
         <name>PendSV_Handler</name>
         <value>0x178f</value>
      </symbol>
      <symbol id="sm-916">
         <name>SysTick_Handler</name>
         <value>0x178f</value>
      </symbol>
      <symbol id="sm-917">
         <name>PSS_IRQHandler</name>
         <value>0x178f</value>
      </symbol>
      <symbol id="sm-918">
         <name>CS_IRQHandler</name>
         <value>0x178f</value>
      </symbol>
      <symbol id="sm-919">
         <name>PCM_IRQHandler</name>
         <value>0x178f</value>
      </symbol>
      <symbol id="sm-91a">
         <name>WDT_A_IRQHandler</name>
         <value>0x178f</value>
      </symbol>
      <symbol id="sm-91b">
         <name>FPU_IRQHandler</name>
         <value>0x178f</value>
      </symbol>
      <symbol id="sm-91c">
         <name>FLCTL_IRQHandler</name>
         <value>0x178f</value>
      </symbol>
      <symbol id="sm-91d">
         <name>COMP_E0_IRQHandler</name>
         <value>0x178f</value>
      </symbol>
      <symbol id="sm-91e">
         <name>COMP_E1_IRQHandler</name>
         <value>0x178f</value>
      </symbol>
      <symbol id="sm-91f">
         <name>TA0_0_IRQHandler</name>
         <value>0x178f</value>
      </symbol>
      <symbol id="sm-920">
         <name>TA0_N_IRQHandler</name>
         <value>0x178f</value>
      </symbol>
      <symbol id="sm-921">
         <name>TA1_0_IRQHandler</name>
         <value>0x178f</value>
      </symbol>
      <symbol id="sm-922">
         <name>TA1_N_IRQHandler</name>
         <value>0x178f</value>
      </symbol>
      <symbol id="sm-923">
         <name>TA2_0_IRQHandler</name>
         <value>0x178f</value>
      </symbol>
      <symbol id="sm-924">
         <name>TA2_N_IRQHandler</name>
         <value>0x178f</value>
      </symbol>
      <symbol id="sm-925">
         <name>TA3_0_IRQHandler</name>
         <value>0x178f</value>
      </symbol>
      <symbol id="sm-926">
         <name>TA3_N_IRQHandler</name>
         <value>0x178f</value>
      </symbol>
      <symbol id="sm-927">
         <name>EUSCIA0_IRQHandler</name>
         <value>0x178f</value>
      </symbol>
      <symbol id="sm-928">
         <name>EUSCIA1_IRQHandler</name>
         <value>0x178f</value>
      </symbol>
      <symbol id="sm-929">
         <name>EUSCIA2_IRQHandler</name>
         <value>0x178f</value>
      </symbol>
      <symbol id="sm-92a">
         <name>EUSCIA3_IRQHandler</name>
         <value>0x178f</value>
      </symbol>
      <symbol id="sm-92b">
         <name>EUSCIB0_IRQHandler</name>
         <value>0x178f</value>
      </symbol>
      <symbol id="sm-92c">
         <name>EUSCIB1_IRQHandler</name>
         <value>0x178f</value>
      </symbol>
      <symbol id="sm-92d">
         <name>EUSCIB2_IRQHandler</name>
         <value>0x178f</value>
      </symbol>
      <symbol id="sm-92e">
         <name>EUSCIB3_IRQHandler</name>
         <value>0x178f</value>
      </symbol>
      <symbol id="sm-92f">
         <name>ADC14_IRQHandler</name>
         <value>0x26ad</value>
      </symbol>
      <symbol id="sm-930">
         <name>T32_INT1_IRQHandler</name>
         <value>0x178f</value>
      </symbol>
      <symbol id="sm-931">
         <name>T32_INT2_IRQHandler</name>
         <value>0x178f</value>
      </symbol>
      <symbol id="sm-932">
         <name>T32_INTC_IRQHandler</name>
         <value>0x178f</value>
      </symbol>
      <symbol id="sm-933">
         <name>AES256_IRQHandler</name>
         <value>0x178f</value>
      </symbol>
      <symbol id="sm-934">
         <name>RTC_C_IRQHandler</name>
         <value>0x178f</value>
      </symbol>
      <symbol id="sm-935">
         <name>DMA_ERR_IRQHandler</name>
         <value>0x178f</value>
      </symbol>
      <symbol id="sm-936">
         <name>DMA_INT3_IRQHandler</name>
         <value>0x178f</value>
      </symbol>
      <symbol id="sm-937">
         <name>DMA_INT2_IRQHandler</name>
         <value>0x178f</value>
      </symbol>
      <symbol id="sm-938">
         <name>DMA_INT1_IRQHandler</name>
         <value>0x178f</value>
      </symbol>
      <symbol id="sm-939">
         <name>DMA_INT0_IRQHandler</name>
         <value>0x178f</value>
      </symbol>
      <symbol id="sm-93a">
         <name>PORT1_IRQHandler</name>
         <value>0x178f</value>
      </symbol>
      <symbol id="sm-93b">
         <name>PORT2_IRQHandler</name>
         <value>0x178f</value>
      </symbol>
      <symbol id="sm-93c">
         <name>PORT3_IRQHandler</name>
         <value>0x178f</value>
      </symbol>
      <symbol id="sm-93d">
         <name>PORT4_IRQHandler</name>
         <value>0x178f</value>
      </symbol>
      <symbol id="sm-93e">
         <name>PORT5_IRQHandler</name>
         <value>0x178f</value>
      </symbol>
      <symbol id="sm-93f">
         <name>PORT6_IRQHandler</name>
         <value>0x178f</value>
      </symbol>
   </symbol_table>
   <title>Link successful</title>
</link_info>
