******************************************************************************
                  TI ARM Linker PC v18.1.4                     
******************************************************************************
>> Linked Thu Dec  6 21:29:05 2018

OUTPUT FILE NAME:   <Thermal and LCD.out>
ENTRY POINT SYMBOL: "_c_int00_noargs"  address: 000035d1


MEMORY CONFIGURATION

         name            origin    length      used     unused   attr    fill
----------------------  --------  ---------  --------  --------  ----  --------
  MAIN                  00000000   00040000  00004030  0003bfd0  R  X
  INFO                  00200000   00004000  00000000  00004000  R  X
  SRAM_CODE             01000000   00010000  00000a3e  0000f5c2  RW X
  SRAM_DATA             20000000   00010000  00000a3e  0000f5c2  RW  


SEGMENT ALLOCATION MAP

run origin  load origin   length   init length attrs members
----------  ----------- ---------- ----------- ----- -------
00000000    00000000    00004030   00004030    r-x
  00000000    00000000    000000e4   000000e4    r-- .intvecs
  000000e4    000000e4    0000395c   0000395c    r-x .text
  00003a40    00003a40    000005b8   000005b8    r-- .const
  00003ff8    00003ff8    00000038   00000038    r-- .cinit
20000000    20000000    00000840   00000000    rw-
  20000000    20000000    00000800   00000000    rw- .sysmem
  20000800    20000800    0000002a   00000000    rw- .bss
  2000082c    2000082c    00000014   00000000    rw- .data
2000fe00    2000fe00    00000200   00000000    rw-
  2000fe00    2000fe00    00000200   00000000    rw- .stack


SECTION ALLOCATION MAP

 output                                  attributes/
section   page    origin      length       input sections
--------  ----  ----------  ----------   ----------------
.intvecs   0    00000000    000000e4     
                  00000000    000000e4     startup_msp432p401r_ccs.obj (.intvecs:retain)

.text      0    000000e4    0000395c     
                  000000e4    00000a5e     rtsv7M4_T_le_v4SPD16_eabi.lib : _printfi.c.obj (.text:__TI_printfi)
                  00000b42    0000047e     grlib.a : string.obj (.text:Graphics_drawString)
                  00000fc0    00000270     rtsv7M4_T_le_v4SPD16_eabi.lib : _printfi.c.obj (.text:_pconv_a)
                  00001230    000001d8     Crystalfontz128x128_ST7735.obj (.text:Crystalfontz128x128_PixelDrawMultiple)
                  00001408    000001d0     rtsv7M4_T_le_v4SPD16_eabi.lib : _printfi.c.obj (.text:_pconv_g)
                  000015d8    000001b6                                   : fd_add_t2.asm.obj (.text)
                  0000178e    00000002     startup_msp432p401r_ccs.obj (.text:Default_Handler)
                  00001790    00000160     msp432p4xx_driverlib.lib : adc14.o (.text:_getIndexForMemRegister)
                  000018f0    0000015c                              : pcm.o (.text:__PCM_setPowerModeAdvanced)
                  00001a4c    0000013c     rtsv7M4_T_le_v4SPD16_eabi.lib : _printfi.c.obj (.text:_pconv_e)
                  00001b88    00000136                                   : fd_div_t2.asm.obj (.text)
                  00001cbe    00000002                                   : div0.asm.obj (.text)
                  00001cc0    00000134     Crystalfontz128x128_ST7735.obj (.text:Crystalfontz128x128_SetDrawFrame)
                  00001df4    00000130     msp432p4xx_driverlib.lib : cs.o (.text:CS_initClockSignal)
                  00001f24    0000012c     Crystalfontz128x128_ST7735.obj (.text:Crystalfontz128x128_Init)
                  00002050    00000128     main.obj (.text:main)
                  00002178    00000124     rtsv7M4_T_le_v4SPD16_eabi.lib : _printfi.c.obj (.text:fcvt)
                  0000229c    00000110                                   : s_scalbn.c.obj (.text:scalbn)
                  000023ac    00000108     msp432p4xx_driverlib.lib : pcm.o (.text:__PCM_setCoreVoltageLevelAdvanced)
                  000024b4    000000fc     rtsv7M4_T_le_v4SPD16_eabi.lib : fd_mul_t2.asm.obj (.text)
                  000025b0    000000fa     grlib.a : string.obj (.text:Graphics_getStringWidth)
                  000026aa    00000002     --HOLE-- [fill = 0]
                  000026ac    000000e0     main.obj (.text:ADC14_IRQHandler)
                  0000278c    000000b1     rtsv7M4_T_le_v4SPD16_eabi.lib : _printfi.c.obj (.text:_ltostr)
                  0000283d    00000001     --HOLE-- [fill = 0]
                  0000283e    000000b0     msp432p4xx_driverlib.lib : spi.o (.text:SPI_initMaster)
                  000028ee    0000009c     Crystalfontz128x128_ST7735.obj (.text:Crystalfontz128x128_RectFill)
                  0000298a    0000009c     grlib.a : line.obj (.text:Graphics_drawLineH)
                  00002a26    0000009c     rtsv7M4_T_le_v4SPD16_eabi.lib : memcpy_t2.asm.obj (.text)
                  00002ac2    00000096                                   : ull_div_t2.asm.obj (.text)
                  00002b58    00000088     msp432p4xx_driverlib.lib : gpio.o (.text:GPIO_setAsPeripheralModuleFunctionOutputPin)
                  00002be0    00000086     rtsv7M4_T_le_v4SPD16_eabi.lib : fd_cmp_t2.asm.obj (.text:__aeabi_cdcmple)
                  00002c66    00000086                                   : fd_cmp_t2.asm.obj (.text:__aeabi_cdrcmple)
                  00002cec    0000007a                                   : memset_t2.asm.obj (.text)
                  00002d66    00000002     --HOLE-- [fill = 0]
                  00002d68    00000078     system_msp432p401r.obj (.text:SystemInit)
                  00002de0    0000006e     rtsv7M4_T_le_v4SPD16_eabi.lib : _printfi.c.obj (.text:_mcpy)
                  00002e4e    00000068                                   : copy_decompress_lzss.c.obj (.text:decompress:lzss:__TI_decompress_lzss)
                  00002eb6    00000002     --HOLE-- [fill = 0]
                  00002eb8    00000064                                   : s_frexp.c.obj (.text:frexp)
                  00002f1c    00000060     Crystalfontz128x128_ST7735.obj (.text:Crystalfontz128x128_LineDrawH)
                  00002f7c    00000060     Crystalfontz128x128_ST7735.obj (.text:Crystalfontz128x128_LineDrawV)
                  00002fdc    0000005e     msp432p4xx_driverlib.lib : pcm.o (.text:PCM_getCoreVoltageLevel)
                  0000303a    0000005a                              : pcm.o (.text:PCM_getPowerMode)
                  00003094    00000056     rtsv7M4_T_le_v4SPD16_eabi.lib : _printfi.c.obj (.text:_pconv_f)
                  000030ea    00000002     --HOLE-- [fill = 0]
                  000030ec    00000054     Crystalfontz128x128_ST7735.obj (.text:Crystalfontz128x128_SetOrientation)
                  00003140    00000054     rtsv7M4_T_le_v4SPD16_eabi.lib : ltoa.c.obj (.text:ltoa)
                  00003194    00000052     grlib.a : context.obj (.text:Graphics_initContext)
                  000031e6    00000052     rtsv7M4_T_le_v4SPD16_eabi.lib : _printfi.c.obj (.text:_ecpy)
                  00003238    0000004c                                   : atoi.c.obj (.text:atoi)
                  00003284    00000048     msp432p4xx_driverlib.lib : flash.o (.text:FlashCtl_setWaitState)
                  000032cc    00000048     grlib.a : string.obj (.text:Graphics_drawStringCentered)
                  00003314    00000048     rtsv7M4_T_le_v4SPD16_eabi.lib : fd_toi_t2.asm.obj (.text)
                  0000335c    00000044                                   : autoinit.c.obj (.text:__TI_auto_init_nobinit_nopinit:__TI_auto_init_nobinit_nopinit)
                  000033a0    00000040     Crystalfontz128x128_ST7735.obj (.text:Crystalfontz128x128_PixelDraw)
                  000033e0    00000040     msp432p4xx_driverlib.lib : gpio.o (.text:GPIO_setAsOutputPin)
                  00003420    00000040     grlib.a : string.obj (.text:Graphics_getNumberOfLeadingZeros)
                  00003460    00000040     HAL_MSP_EXP432P401R_Crystalfontz128x128_ST7735.obj (.text:HAL_LCD_SpiInit)
                  000034a0    00000040     msp432p4xx_driverlib.lib : spi.o (.text:is_A_Module)
                  000034e0    00000040     rtsv7M4_T_le_v4SPD16_eabi.lib : sprintf.c.obj (.text:sprintf)
                  00003520    0000003e                                   : _printfi.c.obj (.text:_fcpy)
                  0000355e    00000002     --HOLE-- [fill = 0]
                  00003560    00000038     msp432p4xx_driverlib.lib : adc14.o (.text:ADC14_getEnabledInterruptStatus)
                  00003598    00000038     HAL_MSP_EXP432P401R_Crystalfontz128x128_ST7735.obj (.text:HAL_LCD_writeCommand)
                  000035d0    00000038     rtsv7M4_T_le_v4SPD16_eabi.lib : boot_cortex_m.c.obj (.text:_c_int00_noargs:_c_int00_noargs)
                  00003608    00000036     grlib.a : display.obj (.text:Graphics_drawHorizontalLineOnDisplay)
                  0000363e    00000002     --HOLE-- [fill = 0]
                  00003640    00000034     msp432p4xx_driverlib.lib : cs.o (.text:CS_setDCOCenteredFrequency)
                  00003674    00000030                              : adc14.o (.text:ADC14_clearInterruptFlag)
                  000036a4    00000030     HAL_MSP_EXP432P401R_Crystalfontz128x128_ST7735.obj (.text:HAL_LCD_PortInit)
                  000036d4    0000002e     rtsv7M4_T_le_v4SPD16_eabi.lib : i_tofd_t2.asm.obj (.text)
                  00003702    00000002     --HOLE-- [fill = 0]
                  00003704    0000002c     msp432p4xx_driverlib.lib : adc14.o (.text:ADC14_getInterruptStatus)
                  00003730    0000002c     Crystalfontz128x128_ST7735.obj (.text:Crystalfontz128x128_ClearScreen)
                  0000375c    0000002c     grlib.a : display.obj (.text:Graphics_drawPixelOnDisplay)
                  00003788    0000002c     HAL_MSP_EXP432P401R_Crystalfontz128x128_ST7735.obj (.text:HAL_LCD_writeData)
                  000037b4    00000028     Crystalfontz128x128_ST7735.obj (.text:Crystalfontz128x128_ColorTranslate)
                  000037dc    00000028     msp432p4xx_driverlib.lib : gpio.o (.text:GPIO_setOutputHighOnPin)
                  00003804    00000028                              : gpio.o (.text:GPIO_setOutputLowOnPin)
                  0000382c    0000001c                              : adc14.o (.text:ADC14_getResult)
                  00003848    0000001c                              : spi.o (.text:SPI_enableModule)
                  00003864    0000001c     rtsv7M4_T_le_v4SPD16_eabi.lib : memccpy.c.obj (.text:memccpy)
                  00003880    0000001a     grlib.a : display.obj (.text:Graphics_clearDisplayOnDisplay)
                  0000389a    0000001a             : context.obj (.text:Graphics_setBackgroundColor)
                  000038b4    0000001a             : context.obj (.text:Graphics_setFont)
                  000038ce    00000018     rtsv7M4_T_le_v4SPD16_eabi.lib : sprintf.c.obj (.text:_outs)
                  000038e6    00000016     msp432p4xx_driverlib.lib : spi.o (.text:EUSCI_A_SPI_enable)
                  000038fc    00000016                              : spi.o (.text:EUSCI_B_SPI_enable)
                  00003912    00000016     grlib.a : context.obj (.text:Graphics_setForegroundColor)
                  00003928    00000016             : display.obj (.text:Graphics_translateColorOnDisplay)
                  0000393e    00000016     rtsv7M4_T_le_v4SPD16_eabi.lib : strchr.c.obj (.text:strchr)
                  00003954    00000014     msp432p4xx_driverlib.lib : pcm.o (.text:PCM_getPowerState)
                  00003968    00000014     rtsv7M4_T_le_v4SPD16_eabi.lib : s_copysign.c.obj (.text:copysign)
                  0000397c    00000014                                   : strlen.c.obj (.text:strlen)
                  00003990    00000012     grlib.a : context.obj (.text:Graphics_clearDisplay)
                  000039a2    00000012     rtsv7M4_T_le_v4SPD16_eabi.lib : copy_zero_init.c.obj (.text:decompress:ZI:__TI_zero_init_nomemset:__TI_zero_init_nomemset)
                  000039b4    00000012                                   : wcslen.c.obj (.text:wcslen)
                  000039c6    00000010     msp432p4xx_driverlib.lib : interrupt.o (.text:Interrupt_disableMaster)
                  000039d6    00000010                              : pcm.o (.text:PCM_setCoreVoltageLevel)
                  000039e6    00000010                              : pcm.o (.text:PCM_setPowerMode)
                  000039f6    0000000e     rtsv7M4_T_le_v4SPD16_eabi.lib : copy_decompress_none.c.obj (.text:decompress:none:__TI_decompress_none)
                  00003a04    0000000c     msp432p4xx_driverlib.lib : cpu.o (.text:CPU_cpsid)
                  00003a10    0000000c     startup_msp432p401r_ccs.obj (.text:Reset_Handler)
                  00003a1c    0000000a     Crystalfontz128x128_ST7735.obj (.text:Crystalfontz128x128_Flush)
                  00003a26    0000000a     rtsv7M4_T_le_v4SPD16_eabi.lib : sprintf.c.obj (.text:_outc)
                  00003a30    00000008                                   : errno.c.obj (.text:__aeabi_errno_addr)
                  00003a38    00000004                                   : pre_init.c.obj (.text:_system_pre_init)
                  00003a3c    00000004                                   : exit.c.obj (.text:abort:abort)

.const     0    00003a40    000005b8     
                  00003a40    000002f8     grlib.a : fontfixed6x8.obj (.const:.string:g_pucFontFixed6x8Data)
                  00003d38    00000101     rtsv7M4_T_le_v4SPD16_eabi.lib : ctype.c.obj (.const:.string:_ctypes_)
                  00003e39    00000003     --HOLE-- [fill = 0]
                  00003e3c    000000c8     grlib.a : fontfixed6x8.obj (.const:g_sFontFixed6x8)
                  00003f04    00000080     msp432p4xx_driverlib.lib : adc14.o (.const:_ctlRegs)
                  00003f84    00000030                              : gpio.o (.const:GPIO_PORT_TO_BASE)
                  00003fb4    00000020     Crystalfontz128x128_ST7735.obj (.const:g_sCrystalfontz128x128_funcs)
                  00003fd4    0000001c     HAL_MSP_EXP432P401R_Crystalfontz128x128_ST7735.obj (.const:$P$T0$1)
                  00003ff0    00000008     Crystalfontz128x128_ST7735.obj (.const:$P$T0$1)

.cinit     0    00003ff8    00000038     
                  00003ff8    0000000d     (.cinit..data.load) [load image, compression = lzss]
                  00004005    00000003     --HOLE-- [fill = 0]
                  00004008    0000000c     (__TI_handler_table)
                  00004014    00000004     --HOLE-- [fill = 0]
                  00004018    00000008     (.cinit..bss.load) [load image, compression = zero_init]
                  00004020    00000010     (__TI_cinit_table)

.init_array 
*          0    00000000    00000000     UNINITIALIZED

.binit     0    00000000    00000000     

.sysmem    0    20000000    00000800     UNINITIALIZED
                  20000000    00000008     rtsv7M4_T_le_v4SPD16_eabi.lib : memory.c.obj (.sysmem)
                  20000008    000007f8     --HOLE--

.bss       0    20000800    0000002a     UNINITIALIZED
                  20000800    0000001c     (.common:g_sContext)
                  2000081c    00000004     main.obj (.bss:resultsBuffer)
                  20000820    00000002     (.common:Lcd_ScreenHeigth)
                  20000822    00000002     (.common:Lcd_ScreenWidth)
                  20000824    00000002     (.common:Lcd_TouchTrim)
                  20000826    00000001     (.common:Lcd_FlagRead)
                  20000827    00000001     (.common:Lcd_FontSolid)
                  20000828    00000001     (.common:Lcd_Orientation)
                  20000829    00000001     (.common:Lcd_PenSolid)

.data      0    2000082c    00000014     UNINITIALIZED
                  2000082c    00000010     Crystalfontz128x128_ST7735.obj (.data:g_sCrystalfontz128x128)
                  2000083c    00000004     rtsv7M4_T_le_v4SPD16_eabi.lib : errno.c.obj (.data)

.stack     0    2000fe00    00000200     UNINITIALIZED
                  2000fe00    00000004     rtsv7M4_T_le_v4SPD16_eabi.lib : boot_cortex_m.c.obj (.stack)
                  2000fe04    000001fc     --HOLE--

MODULE SUMMARY

       Module                                               code    ro data   rw data
       ------                                               ----    -------   -------
    .\
       main.obj                                             520     0         64     
       system_msp432p401r.obj                               120     0         0      
    +--+----------------------------------------------------+-------+---------+---------+
       Total:                                               640     0         64     
                                                                                     
    .\LcdDriver\
       Crystalfontz128x128_ST7735.obj                       1670    40        52     
       HAL_MSP_EXP432P401R_Crystalfontz128x128_ST7735.obj   212     28        0      
    +--+----------------------------------------------------+-------+---------+---------+
       Total:                                               1882    68        52     
                                                                                     
    .\ccs\
       startup_msp432p401r_ccs.obj                          14      228       0      
    +--+----------------------------------------------------+-------+---------+---------+
       Total:                                               14      228       0      
                                                                                     
    C:/ti/simplelink_msp432p4_sdk_2_20_00_12/source/ti/devices/msp432p4xx/driverlib/ccs/msp432p4xx_driverlib.lib
       pcm.o                                                848     0         0      
       adc14.o                                              528     128       0      
       cs.o                                                 356     0         0      
       gpio.o                                               280     48        0      
       spi.o                                                312     0         0      
       flash.o                                              72      0         0      
       interrupt.o                                          16      0         0      
       cpu.o                                                12      0         0      
    +--+----------------------------------------------------+-------+---------+---------+
       Total:                                               2424    176       0      
                                                                                     
    C:/ti/simplelink_msp432p4_sdk_2_20_00_12/source/ti/grlib/lib/ccs/m4f/grlib.a
       string.obj                                           1536    0         0      
       fontfixed6x8.obj                                     0       960       0      
       context.obj                                          174     0         0      
       line.obj                                             156     0         0      
       display.obj                                          146     0         0      
    +--+----------------------------------------------------+-------+---------+---------+
       Total:                                               2012    960       0      
                                                                                     
    C:\ti\ccsv8\tools\compiler\ti-cgt-arm_18.1.4.LTS\lib\rtsv7M4_T_le_v4SPD16_eabi.lib
       _printfi.c.obj                                       4867    0         0      
       fd_add_t2.asm.obj                                    438     0         0      
       fd_div_t2.asm.obj                                    310     0         0      
       s_scalbn.c.obj                                       272     0         0      
       fd_cmp_t2.asm.obj                                    268     0         0      
       ctype.c.obj                                          0       257       0      
       fd_mul_t2.asm.obj                                    252     0         0      
       memcpy_t2.asm.obj                                    156     0         0      
       ull_div_t2.asm.obj                                   150     0         0      
       memset_t2.asm.obj                                    122     0         0      
       copy_decompress_lzss.c.obj                           104     0         0      
       s_frexp.c.obj                                        100     0         0      
       sprintf.c.obj                                        98      0         0      
       ltoa.c.obj                                           84      0         0      
       atoi.c.obj                                           76      0         0      
       fd_toi_t2.asm.obj                                    72      0         0      
       autoinit.c.obj                                       68      0         0      
       boot_cortex_m.c.obj                                  56      0         0      
       i_tofd_t2.asm.obj                                    46      0         0      
       memccpy.c.obj                                        28      0         0      
       strchr.c.obj                                         22      0         0      
       s_copysign.c.obj                                     20      0         0      
       strlen.c.obj                                         20      0         0      
       copy_zero_init.c.obj                                 18      0         0      
       wcslen.c.obj                                         18      0         0      
       errno.c.obj                                          8       0         8      
       copy_decompress_none.c.obj                           14      0         0      
       exit.c.obj                                           4       0         0      
       pre_init.c.obj                                       4       0         0      
       div0.asm.obj                                         2       0         0      
    +--+----------------------------------------------------+-------+---------+---------+
       Total:                                               7697    257       8      
                                                                                     
       Heap:                                                0       0         4096   
       Stack:                                               0       0         1024   
       Linker Generated:                                    0       49        0      
    +--+----------------------------------------------------+-------+---------+---------+
       Grand Total:                                         14669   1738      5244   


LINKER GENERATED COPY TABLES

__TI_cinit_table @ 00004020 records: 2, size/record: 8, table size: 16
	.data: load addr=00003ff8, load size=0000000d bytes, run addr=2000082c, run size=00000014 bytes, compression=lzss
	.bss: load addr=00004018, load size=00000008 bytes, run addr=20000800, run size=0000002a bytes, compression=zero_init


LINKER GENERATED HANDLER TABLE

__TI_handler_table @ 00004008 records: 3, size/record: 4, table size: 12
	index: 0, handler: __TI_decompress_lzss
	index: 1, handler: __TI_decompress_none
	index: 2, handler: __TI_zero_init


GLOBAL SYMBOLS: SORTED ALPHABETICALLY BY Name 

address   name                                       
-------   ----                                       
000026ad  ADC14_IRQHandler                           
000026ad  ADC14_IRQHandler                           
00003675  ADC14_clearInterruptFlag                   
00003561  ADC14_getEnabledInterruptStatus            
00003705  ADC14_getInterruptStatus                   
0000382d  ADC14_getResult                            
0000178f  AES256_IRQHandler                          
0000178f  BusFault_Handler                           
00003a3d  C$$EXIT                                    
0000178f  COMP_E0_IRQHandler                         
0000178f  COMP_E1_IRQHandler                         
00003a05  CPU_cpsid                                  
0000178f  CS_IRQHandler                              
00001df5  CS_initClockSignal                         
00003641  CS_setDCOCenteredFrequency                 
00001f25  Crystalfontz128x128_Init                   
00001cc1  Crystalfontz128x128_SetDrawFrame           
000030ed  Crystalfontz128x128_SetOrientation         
0000178f  DMA_ERR_IRQHandler                         
0000178f  DMA_INT0_IRQHandler                        
0000178f  DMA_INT1_IRQHandler                        
0000178f  DMA_INT2_IRQHandler                        
0000178f  DMA_INT3_IRQHandler                        
0000178f  DebugMon_Handler                           
0000178f  Default_Handler                            
0000178f  EUSCIA0_IRQHandler                         
0000178f  EUSCIA1_IRQHandler                         
0000178f  EUSCIA2_IRQHandler                         
0000178f  EUSCIA3_IRQHandler                         
0000178f  EUSCIB0_IRQHandler                         
0000178f  EUSCIB1_IRQHandler                         
0000178f  EUSCIB2_IRQHandler                         
0000178f  EUSCIB3_IRQHandler                         
000038e7  EUSCI_A_SPI_enable                         
000038fd  EUSCI_B_SPI_enable                         
0000178f  FLCTL_IRQHandler                           
0000178f  FPU_IRQHandler                             
00003285  FlashCtl_setWaitState                      
000033e1  GPIO_setAsOutputPin                        
00002b59  GPIO_setAsPeripheralModuleFunctionOutputPin
000037dd  GPIO_setOutputHighOnPin                    
00003805  GPIO_setOutputLowOnPin                     
00003991  Graphics_clearDisplay                      
00003881  Graphics_clearDisplayOnDisplay             
00003609  Graphics_drawHorizontalLineOnDisplay       
0000298b  Graphics_drawLineH                         
0000375d  Graphics_drawPixelOnDisplay                
00000b43  Graphics_drawString                        
000032cd  Graphics_drawStringCentered                
000025b1  Graphics_getStringWidth                    
00003195  Graphics_initContext                       
0000389b  Graphics_setBackgroundColor                
000038b5  Graphics_setFont                           
00003913  Graphics_setForegroundColor                
00003929  Graphics_translateColorOnDisplay           
000036a5  HAL_LCD_PortInit                           
00003461  HAL_LCD_SpiInit                            
00003599  HAL_LCD_writeCommand                       
00003789  HAL_LCD_writeData                          
0000178f  HardFault_Handler                          
000039c7  Interrupt_disableMaster                    
20000826  Lcd_FlagRead                               
20000827  Lcd_FontSolid                              
20000828  Lcd_Orientation                            
20000829  Lcd_PenSolid                               
20000820  Lcd_ScreenHeigth                           
20000822  Lcd_ScreenWidth                            
20000824  Lcd_TouchTrim                              
0000178f  MemManage_Handler                          
0000178f  NMI_Handler                                
0000178f  PCM_IRQHandler                             
00002fdd  PCM_getCoreVoltageLevel                    
0000303b  PCM_getPowerMode                           
00003955  PCM_getPowerState                          
000039d7  PCM_setCoreVoltageLevel                    
000039e7  PCM_setPowerMode                           
0000178f  PORT1_IRQHandler                           
0000178f  PORT2_IRQHandler                           
0000178f  PORT3_IRQHandler                           
0000178f  PORT4_IRQHandler                           
0000178f  PORT5_IRQHandler                           
0000178f  PORT6_IRQHandler                           
0000178f  PSS_IRQHandler                             
0000178f  PendSV_Handler                             
0000178f  RTC_C_IRQHandler                           
00003a11  Reset_Handler                              
00003849  SPI_enableModule                           
0000283f  SPI_initMaster                             
0000178f  SVC_Handler                                
0000178f  SysTick_Handler                            
00002d69  SystemInit                                 
0000178f  T32_INT1_IRQHandler                        
0000178f  T32_INT2_IRQHandler                        
0000178f  T32_INTC_IRQHandler                        
0000178f  TA0_0_IRQHandler                           
0000178f  TA0_N_IRQHandler                           
0000178f  TA1_0_IRQHandler                           
0000178f  TA1_N_IRQHandler                           
0000178f  TA2_0_IRQHandler                           
0000178f  TA2_N_IRQHandler                           
0000178f  TA3_0_IRQHandler                           
0000178f  TA3_N_IRQHandler                           
0000178f  UsageFault_Handler                         
4000480c  WDTCTL_SYM                                 
0000178f  WDT_A_IRQHandler                           
20010000  __STACK_END                                
00000200  __STACK_SIZE                               
00000800  __SYSMEM_SIZE                              
00004020  __TI_CINIT_Base                            
00004030  __TI_CINIT_Limit                           
00004008  __TI_Handler_Table_Base                    
00004014  __TI_Handler_Table_Limit                   
0000335d  __TI_auto_init_nobinit_nopinit             
00002e4f  __TI_decompress_lzss                       
000039f7  __TI_decompress_none                       
ffffffff  __TI_pprof_out_hndl                        
000000e5  __TI_printfi                               
ffffffff  __TI_prof_data_size                        
ffffffff  __TI_prof_data_start                       
00000000  __TI_static_base__                         
000039a3  __TI_zero_init_nomemset                    
00002be1  __aeabi_cdcmpeq                            
00002be1  __aeabi_cdcmple                            
00002c67  __aeabi_cdrcmple                           
00003315  __aeabi_d2iz                               
000015e3  __aeabi_dadd                               
00001b89  __aeabi_ddiv                               
000024b5  __aeabi_dmul                               
000015d9  __aeabi_dsub                               
00003a31  __aeabi_errno_addr                         
000036d5  __aeabi_i2d                                
00001cbf  __aeabi_idiv0                              
00001cbf  __aeabi_ldiv0                              
00002ced  __aeabi_memclr                             
00002ced  __aeabi_memclr4                            
00002ced  __aeabi_memclr8                            
00002a27  __aeabi_memcpy                             
00002a27  __aeabi_memcpy4                            
00002a27  __aeabi_memcpy8                            
00002cef  __aeabi_memset                             
00002cef  __aeabi_memset4                            
00002cef  __aeabi_memset8                            
00002ac3  __aeabi_uldivmod                           
ffffffff  __binit__                                  
ffffffff  __c_args__                                 
UNDEFED   __mpu_init                                 
2000fe00  __stack                                    
000035d1  _c_int00_noargs                            
00003d38  _ctypes_                                   
20000000  _sys_memory                                
UNDEFED   _system_post_cinit                         
00003a39  _system_pre_init                           
00003a3d  abort                                      
00003239  atoi                                       
ffffffff  binit                                      
00003969  copysign                                   
00003969  copysignl                                  
2000083c  errno                                      
00002eb9  frexp                                      
00002eb9  frexpl                                     
20000800  g_sContext                                 
2000082c  g_sCrystalfontz128x128                     
00003fb4  g_sCrystalfontz128x128_funcs               
00003e3c  g_sFontFixed6x8                            
00000000  interruptVectors                           
0000229d  ldexp                                      
0000229d  ldexpl                                     
00003141  ltoa                                       
00002051  main                                       
00003865  memccpy                                    
00002a27  memcpy                                     
00002cf5  memset                                     
0000229d  scalbn                                     
0000229d  scalbnl                                    
000034e1  sprintf                                    
0000393f  strchr                                     
0000397d  strlen                                     
000039b5  wcslen                                     


GLOBAL SYMBOLS: SORTED BY Symbol Address 

address   name                                       
-------   ----                                       
00000000  __TI_static_base__                         
00000000  interruptVectors                           
000000e5  __TI_printfi                               
00000200  __STACK_SIZE                               
00000800  __SYSMEM_SIZE                              
00000b43  Graphics_drawString                        
000015d9  __aeabi_dsub                               
000015e3  __aeabi_dadd                               
0000178f  AES256_IRQHandler                          
0000178f  BusFault_Handler                           
0000178f  COMP_E0_IRQHandler                         
0000178f  COMP_E1_IRQHandler                         
0000178f  CS_IRQHandler                              
0000178f  DMA_ERR_IRQHandler                         
0000178f  DMA_INT0_IRQHandler                        
0000178f  DMA_INT1_IRQHandler                        
0000178f  DMA_INT2_IRQHandler                        
0000178f  DMA_INT3_IRQHandler                        
0000178f  DebugMon_Handler                           
0000178f  Default_Handler                            
0000178f  EUSCIA0_IRQHandler                         
0000178f  EUSCIA1_IRQHandler                         
0000178f  EUSCIA2_IRQHandler                         
0000178f  EUSCIA3_IRQHandler                         
0000178f  EUSCIB0_IRQHandler                         
0000178f  EUSCIB1_IRQHandler                         
0000178f  EUSCIB2_IRQHandler                         
0000178f  EUSCIB3_IRQHandler                         
0000178f  FLCTL_IRQHandler                           
0000178f  FPU_IRQHandler                             
0000178f  HardFault_Handler                          
0000178f  MemManage_Handler                          
0000178f  NMI_Handler                                
0000178f  PCM_IRQHandler                             
0000178f  PORT1_IRQHandler                           
0000178f  PORT2_IRQHandler                           
0000178f  PORT3_IRQHandler                           
0000178f  PORT4_IRQHandler                           
0000178f  PORT5_IRQHandler                           
0000178f  PORT6_IRQHandler                           
0000178f  PSS_IRQHandler                             
0000178f  PendSV_Handler                             
0000178f  RTC_C_IRQHandler                           
0000178f  SVC_Handler                                
0000178f  SysTick_Handler                            
0000178f  T32_INT1_IRQHandler                        
0000178f  T32_INT2_IRQHandler                        
0000178f  T32_INTC_IRQHandler                        
0000178f  TA0_0_IRQHandler                           
0000178f  TA0_N_IRQHandler                           
0000178f  TA1_0_IRQHandler                           
0000178f  TA1_N_IRQHandler                           
0000178f  TA2_0_IRQHandler                           
0000178f  TA2_N_IRQHandler                           
0000178f  TA3_0_IRQHandler                           
0000178f  TA3_N_IRQHandler                           
0000178f  UsageFault_Handler                         
0000178f  WDT_A_IRQHandler                           
00001b89  __aeabi_ddiv                               
00001cbf  __aeabi_idiv0                              
00001cbf  __aeabi_ldiv0                              
00001cc1  Crystalfontz128x128_SetDrawFrame           
00001df5  CS_initClockSignal                         
00001f25  Crystalfontz128x128_Init                   
00002051  main                                       
0000229d  ldexp                                      
0000229d  ldexpl                                     
0000229d  scalbn                                     
0000229d  scalbnl                                    
000024b5  __aeabi_dmul                               
000025b1  Graphics_getStringWidth                    
000026ad  ADC14_IRQHandler                           
000026ad  ADC14_IRQHandler                           
0000283f  SPI_initMaster                             
0000298b  Graphics_drawLineH                         
00002a27  __aeabi_memcpy                             
00002a27  __aeabi_memcpy4                            
00002a27  __aeabi_memcpy8                            
00002a27  memcpy                                     
00002ac3  __aeabi_uldivmod                           
00002b59  GPIO_setAsPeripheralModuleFunctionOutputPin
00002be1  __aeabi_cdcmpeq                            
00002be1  __aeabi_cdcmple                            
00002c67  __aeabi_cdrcmple                           
00002ced  __aeabi_memclr                             
00002ced  __aeabi_memclr4                            
00002ced  __aeabi_memclr8                            
00002cef  __aeabi_memset                             
00002cef  __aeabi_memset4                            
00002cef  __aeabi_memset8                            
00002cf5  memset                                     
00002d69  SystemInit                                 
00002e4f  __TI_decompress_lzss                       
00002eb9  frexp                                      
00002eb9  frexpl                                     
00002fdd  PCM_getCoreVoltageLevel                    
0000303b  PCM_getPowerMode                           
000030ed  Crystalfontz128x128_SetOrientation         
00003141  ltoa                                       
00003195  Graphics_initContext                       
00003239  atoi                                       
00003285  FlashCtl_setWaitState                      
000032cd  Graphics_drawStringCentered                
00003315  __aeabi_d2iz                               
0000335d  __TI_auto_init_nobinit_nopinit             
000033e1  GPIO_setAsOutputPin                        
00003461  HAL_LCD_SpiInit                            
000034e1  sprintf                                    
00003561  ADC14_getEnabledInterruptStatus            
00003599  HAL_LCD_writeCommand                       
000035d1  _c_int00_noargs                            
00003609  Graphics_drawHorizontalLineOnDisplay       
00003641  CS_setDCOCenteredFrequency                 
00003675  ADC14_clearInterruptFlag                   
000036a5  HAL_LCD_PortInit                           
000036d5  __aeabi_i2d                                
00003705  ADC14_getInterruptStatus                   
0000375d  Graphics_drawPixelOnDisplay                
00003789  HAL_LCD_writeData                          
000037dd  GPIO_setOutputHighOnPin                    
00003805  GPIO_setOutputLowOnPin                     
0000382d  ADC14_getResult                            
00003849  SPI_enableModule                           
00003865  memccpy                                    
00003881  Graphics_clearDisplayOnDisplay             
0000389b  Graphics_setBackgroundColor                
000038b5  Graphics_setFont                           
000038e7  EUSCI_A_SPI_enable                         
000038fd  EUSCI_B_SPI_enable                         
00003913  Graphics_setForegroundColor                
00003929  Graphics_translateColorOnDisplay           
0000393f  strchr                                     
00003955  PCM_getPowerState                          
00003969  copysign                                   
00003969  copysignl                                  
0000397d  strlen                                     
00003991  Graphics_clearDisplay                      
000039a3  __TI_zero_init_nomemset                    
000039b5  wcslen                                     
000039c7  Interrupt_disableMaster                    
000039d7  PCM_setCoreVoltageLevel                    
000039e7  PCM_setPowerMode                           
000039f7  __TI_decompress_none                       
00003a05  CPU_cpsid                                  
00003a11  Reset_Handler                              
00003a31  __aeabi_errno_addr                         
00003a39  _system_pre_init                           
00003a3d  C$$EXIT                                    
00003a3d  abort                                      
00003d38  _ctypes_                                   
00003e3c  g_sFontFixed6x8                            
00003fb4  g_sCrystalfontz128x128_funcs               
00004008  __TI_Handler_Table_Base                    
00004014  __TI_Handler_Table_Limit                   
00004020  __TI_CINIT_Base                            
00004030  __TI_CINIT_Limit                           
20000000  _sys_memory                                
20000800  g_sContext                                 
20000820  Lcd_ScreenHeigth                           
20000822  Lcd_ScreenWidth                            
20000824  Lcd_TouchTrim                              
20000826  Lcd_FlagRead                               
20000827  Lcd_FontSolid                              
20000828  Lcd_Orientation                            
20000829  Lcd_PenSolid                               
2000082c  g_sCrystalfontz128x128                     
2000083c  errno                                      
2000fe00  __stack                                    
20010000  __STACK_END                                
4000480c  WDTCTL_SYM                                 
ffffffff  __TI_pprof_out_hndl                        
ffffffff  __TI_prof_data_size                        
ffffffff  __TI_prof_data_start                       
ffffffff  __binit__                                  
ffffffff  __c_args__                                 
ffffffff  binit                                      
UNDEFED   __mpu_init                                 
UNDEFED   _system_post_cinit                         

[178 symbols]
