******************************************************************************
                  TI ARM Linker Unix v18.1.4                   
******************************************************************************
>> Linked Fri Dec  7 16:57:03 2018

OUTPUT FILE NAME:   <Thermal and LCD.out>
ENTRY POINT SYMBOL: "_c_int00_noargs"  address: 00003619


MEMORY CONFIGURATION

         name            origin    length      used     unused   attr    fill
----------------------  --------  ---------  --------  --------  ----  --------
  MAIN                  00000000   00040000  00004078  0003bf88  R  X
  INFO                  00200000   00004000  00000000  00004000  R  X
  SRAM_CODE             01000000   00010000  00000a3e  0000f5c2  RW X
  SRAM_DATA             20000000   00010000  00000a3e  0000f5c2  RW  


SEGMENT ALLOCATION MAP

run origin  load origin   length   init length attrs members
----------  ----------- ---------- ----------- ----- -------
00000000    00000000    00004078   00004078    r-x
  00000000    00000000    000000e4   000000e4    r-- .intvecs
  000000e4    000000e4    000039a4   000039a4    r-x .text
  00003a88    00003a88    000005b8   000005b8    r-- .const
  00004040    00004040    00000038   00000038    r-- .cinit
20000000    20000000    00000840   00000000    rw-
  20000000    20000000    00000800   00000000    rw- .sysmem
  20000800    20000800    0000002a   00000000    rw- .bss
  2000082c    2000082c    00000014   00000000    rw- .data
2000fe00    2000fe00    00000200   00000000    rw-
  2000fe00    2000fe00    00000200   00000000    rw- .stack


SECTION ALLOCATION MAP

 output                                  attributes/
section   page    origin      length       input sections
--------  ----  ----------  ----------   ----------------
.intvecs   0    00000000    000000e4     
                  00000000    000000e4     startup_msp432p401r_ccs.obj (.intvecs:retain)

.text      0    000000e4    000039a4     
                  000000e4    00000a5e     rtsv7M4_T_le_v4SPD16_eabi.lib : _printfi.c.obj (.text:__TI_printfi)
                  00000b42    0000047e     grlib.a : string.obj (.text:Graphics_drawString)
                  00000fc0    00000270     rtsv7M4_T_le_v4SPD16_eabi.lib : _printfi.c.obj (.text:_pconv_a)
                  00001230    000001d8     Crystalfontz128x128_ST7735.obj (.text:Crystalfontz128x128_PixelDrawMultiple)
                  00001408    000001d0     rtsv7M4_T_le_v4SPD16_eabi.lib : _printfi.c.obj (.text:_pconv_g)
                  000015d8    000001b6                                   : fd_add_t2.asm.obj (.text)
                  0000178e    00000002     startup_msp432p401r_ccs.obj (.text:Default_Handler)
                  00001790    00000170     main.obj (.text:main)
                  00001900    00000160     msp432p4xx_driverlib.lib : adc14.o (.text:_getIndexForMemRegister)
                  00001a60    0000015c                              : pcm.o (.text:__PCM_setPowerModeAdvanced)
                  00001bbc    0000013c     rtsv7M4_T_le_v4SPD16_eabi.lib : _printfi.c.obj (.text:_pconv_e)
                  00001cf8    00000136                                   : fd_div_t2.asm.obj (.text)
                  00001e2e    00000002                                   : div0.asm.obj (.text)
                  00001e30    00000134     Crystalfontz128x128_ST7735.obj (.text:Crystalfontz128x128_SetDrawFrame)
                  00001f64    00000130     msp432p4xx_driverlib.lib : cs.o (.text:CS_initClockSignal)
                  00002094    0000012c     Crystalfontz128x128_ST7735.obj (.text:Crystalfontz128x128_Init)
                  000021c0    00000124     rtsv7M4_T_le_v4SPD16_eabi.lib : _printfi.c.obj (.text:fcvt)
                  000022e4    00000110                                   : s_scalbn.c.obj (.text:scalbn)
                  000023f4    00000108     msp432p4xx_driverlib.lib : pcm.o (.text:__PCM_setCoreVoltageLevelAdvanced)
                  000024fc    000000fc     rtsv7M4_T_le_v4SPD16_eabi.lib : fd_mul_t2.asm.obj (.text)
                  000025f8    000000fa     grlib.a : string.obj (.text:Graphics_getStringWidth)
                  000026f2    00000002     --HOLE-- [fill = 0]
                  000026f4    000000e0     main.obj (.text:ADC14_IRQHandler)
                  000027d4    000000b1     rtsv7M4_T_le_v4SPD16_eabi.lib : _printfi.c.obj (.text:_ltostr)
                  00002885    00000001     --HOLE-- [fill = 0]
                  00002886    000000b0     msp432p4xx_driverlib.lib : spi.o (.text:SPI_initMaster)
                  00002936    0000009c     Crystalfontz128x128_ST7735.obj (.text:Crystalfontz128x128_RectFill)
                  000029d2    0000009c     grlib.a : line.obj (.text:Graphics_drawLineH)
                  00002a6e    0000009c     rtsv7M4_T_le_v4SPD16_eabi.lib : memcpy_t2.asm.obj (.text)
                  00002b0a    00000096                                   : ull_div_t2.asm.obj (.text)
                  00002ba0    00000088     msp432p4xx_driverlib.lib : gpio.o (.text:GPIO_setAsPeripheralModuleFunctionOutputPin)
                  00002c28    00000086     rtsv7M4_T_le_v4SPD16_eabi.lib : fd_cmp_t2.asm.obj (.text:__aeabi_cdcmple)
                  00002cae    00000086                                   : fd_cmp_t2.asm.obj (.text:__aeabi_cdrcmple)
                  00002d34    0000007a                                   : memset_t2.asm.obj (.text)
                  00002dae    00000002     --HOLE-- [fill = 0]
                  00002db0    00000078     system_msp432p401r.obj (.text:SystemInit)
                  00002e28    0000006e     rtsv7M4_T_le_v4SPD16_eabi.lib : _printfi.c.obj (.text:_mcpy)
                  00002e96    00000068                                   : copy_decompress_lzss.c.obj (.text:decompress:lzss:__TI_decompress_lzss)
                  00002efe    00000002     --HOLE-- [fill = 0]
                  00002f00    00000064                                   : s_frexp.c.obj (.text:frexp)
                  00002f64    00000060     Crystalfontz128x128_ST7735.obj (.text:Crystalfontz128x128_LineDrawH)
                  00002fc4    00000060     Crystalfontz128x128_ST7735.obj (.text:Crystalfontz128x128_LineDrawV)
                  00003024    0000005e     msp432p4xx_driverlib.lib : pcm.o (.text:PCM_getCoreVoltageLevel)
                  00003082    0000005a                              : pcm.o (.text:PCM_getPowerMode)
                  000030dc    00000056     rtsv7M4_T_le_v4SPD16_eabi.lib : _printfi.c.obj (.text:_pconv_f)
                  00003132    00000002     --HOLE-- [fill = 0]
                  00003134    00000054     Crystalfontz128x128_ST7735.obj (.text:Crystalfontz128x128_SetOrientation)
                  00003188    00000054     rtsv7M4_T_le_v4SPD16_eabi.lib : ltoa.c.obj (.text:ltoa)
                  000031dc    00000052     grlib.a : context.obj (.text:Graphics_initContext)
                  0000322e    00000052     rtsv7M4_T_le_v4SPD16_eabi.lib : _printfi.c.obj (.text:_ecpy)
                  00003280    0000004c                                   : atoi.c.obj (.text:atoi)
                  000032cc    00000048     msp432p4xx_driverlib.lib : flash.o (.text:FlashCtl_setWaitState)
                  00003314    00000048     grlib.a : string.obj (.text:Graphics_drawStringCentered)
                  0000335c    00000048     rtsv7M4_T_le_v4SPD16_eabi.lib : fd_toi_t2.asm.obj (.text)
                  000033a4    00000044                                   : autoinit.c.obj (.text:__TI_auto_init_nobinit_nopinit:__TI_auto_init_nobinit_nopinit)
                  000033e8    00000040     Crystalfontz128x128_ST7735.obj (.text:Crystalfontz128x128_PixelDraw)
                  00003428    00000040     msp432p4xx_driverlib.lib : gpio.o (.text:GPIO_setAsOutputPin)
                  00003468    00000040     grlib.a : string.obj (.text:Graphics_getNumberOfLeadingZeros)
                  000034a8    00000040     HAL_MSP_EXP432P401R_Crystalfontz128x128_ST7735.obj (.text:HAL_LCD_SpiInit)
                  000034e8    00000040     msp432p4xx_driverlib.lib : spi.o (.text:is_A_Module)
                  00003528    00000040     rtsv7M4_T_le_v4SPD16_eabi.lib : sprintf.c.obj (.text:sprintf)
                  00003568    0000003e                                   : _printfi.c.obj (.text:_fcpy)
                  000035a6    00000002     --HOLE-- [fill = 0]
                  000035a8    00000038     msp432p4xx_driverlib.lib : adc14.o (.text:ADC14_getEnabledInterruptStatus)
                  000035e0    00000038     HAL_MSP_EXP432P401R_Crystalfontz128x128_ST7735.obj (.text:HAL_LCD_writeCommand)
                  00003618    00000038     rtsv7M4_T_le_v4SPD16_eabi.lib : boot_cortex_m.c.obj (.text:_c_int00_noargs:_c_int00_noargs)
                  00003650    00000036     grlib.a : display.obj (.text:Graphics_drawHorizontalLineOnDisplay)
                  00003686    00000002     --HOLE-- [fill = 0]
                  00003688    00000034     msp432p4xx_driverlib.lib : cs.o (.text:CS_setDCOCenteredFrequency)
                  000036bc    00000030                              : adc14.o (.text:ADC14_clearInterruptFlag)
                  000036ec    00000030     HAL_MSP_EXP432P401R_Crystalfontz128x128_ST7735.obj (.text:HAL_LCD_PortInit)
                  0000371c    0000002e     rtsv7M4_T_le_v4SPD16_eabi.lib : i_tofd_t2.asm.obj (.text)
                  0000374a    00000002     --HOLE-- [fill = 0]
                  0000374c    0000002c     msp432p4xx_driverlib.lib : adc14.o (.text:ADC14_getInterruptStatus)
                  00003778    0000002c     Crystalfontz128x128_ST7735.obj (.text:Crystalfontz128x128_ClearScreen)
                  000037a4    0000002c     grlib.a : display.obj (.text:Graphics_drawPixelOnDisplay)
                  000037d0    0000002c     HAL_MSP_EXP432P401R_Crystalfontz128x128_ST7735.obj (.text:HAL_LCD_writeData)
                  000037fc    00000028     Crystalfontz128x128_ST7735.obj (.text:Crystalfontz128x128_ColorTranslate)
                  00003824    00000028     msp432p4xx_driverlib.lib : gpio.o (.text:GPIO_setOutputHighOnPin)
                  0000384c    00000028                              : gpio.o (.text:GPIO_setOutputLowOnPin)
                  00003874    0000001c                              : adc14.o (.text:ADC14_getResult)
                  00003890    0000001c                              : spi.o (.text:SPI_enableModule)
                  000038ac    0000001c     rtsv7M4_T_le_v4SPD16_eabi.lib : memccpy.c.obj (.text:memccpy)
                  000038c8    0000001a     grlib.a : display.obj (.text:Graphics_clearDisplayOnDisplay)
                  000038e2    0000001a             : context.obj (.text:Graphics_setBackgroundColor)
                  000038fc    0000001a             : context.obj (.text:Graphics_setFont)
                  00003916    00000018     rtsv7M4_T_le_v4SPD16_eabi.lib : sprintf.c.obj (.text:_outs)
                  0000392e    00000016     msp432p4xx_driverlib.lib : spi.o (.text:EUSCI_A_SPI_enable)
                  00003944    00000016                              : spi.o (.text:EUSCI_B_SPI_enable)
                  0000395a    00000016     grlib.a : context.obj (.text:Graphics_setForegroundColor)
                  00003970    00000016             : display.obj (.text:Graphics_translateColorOnDisplay)
                  00003986    00000016     rtsv7M4_T_le_v4SPD16_eabi.lib : strchr.c.obj (.text:strchr)
                  0000399c    00000014     msp432p4xx_driverlib.lib : pcm.o (.text:PCM_getPowerState)
                  000039b0    00000014     rtsv7M4_T_le_v4SPD16_eabi.lib : s_copysign.c.obj (.text:copysign)
                  000039c4    00000014                                   : strlen.c.obj (.text:strlen)
                  000039d8    00000012     grlib.a : context.obj (.text:Graphics_clearDisplay)
                  000039ea    00000012     rtsv7M4_T_le_v4SPD16_eabi.lib : copy_zero_init.c.obj (.text:decompress:ZI:__TI_zero_init_nomemset:__TI_zero_init_nomemset)
                  000039fc    00000012                                   : wcslen.c.obj (.text:wcslen)
                  00003a0e    00000010     msp432p4xx_driverlib.lib : interrupt.o (.text:Interrupt_disableMaster)
                  00003a1e    00000010                              : pcm.o (.text:PCM_setCoreVoltageLevel)
                  00003a2e    00000010                              : pcm.o (.text:PCM_setPowerMode)
                  00003a3e    0000000e     rtsv7M4_T_le_v4SPD16_eabi.lib : copy_decompress_none.c.obj (.text:decompress:none:__TI_decompress_none)
                  00003a4c    0000000c     msp432p4xx_driverlib.lib : cpu.o (.text:CPU_cpsid)
                  00003a58    0000000c     startup_msp432p401r_ccs.obj (.text:Reset_Handler)
                  00003a64    0000000a     Crystalfontz128x128_ST7735.obj (.text:Crystalfontz128x128_Flush)
                  00003a6e    0000000a     rtsv7M4_T_le_v4SPD16_eabi.lib : sprintf.c.obj (.text:_outc)
                  00003a78    00000008                                   : errno.c.obj (.text:__aeabi_errno_addr)
                  00003a80    00000004                                   : pre_init.c.obj (.text:_system_pre_init)
                  00003a84    00000004                                   : exit.c.obj (.text:abort:abort)

.const     0    00003a88    000005b8     
                  00003a88    000002f8     grlib.a : fontfixed6x8.obj (.const:.string:g_pucFontFixed6x8Data)
                  00003d80    00000101     rtsv7M4_T_le_v4SPD16_eabi.lib : ctype.c.obj (.const:.string:_ctypes_)
                  00003e81    00000003     --HOLE-- [fill = 0]
                  00003e84    000000c8     grlib.a : fontfixed6x8.obj (.const:g_sFontFixed6x8)
                  00003f4c    00000080     msp432p4xx_driverlib.lib : adc14.o (.const:_ctlRegs)
                  00003fcc    00000030                              : gpio.o (.const:GPIO_PORT_TO_BASE)
                  00003ffc    00000020     Crystalfontz128x128_ST7735.obj (.const:g_sCrystalfontz128x128_funcs)
                  0000401c    0000001c     HAL_MSP_EXP432P401R_Crystalfontz128x128_ST7735.obj (.const:$P$T0$1)
                  00004038    00000008     Crystalfontz128x128_ST7735.obj (.const:$P$T0$1)

.cinit     0    00004040    00000038     
                  00004040    0000000d     (.cinit..data.load) [load image, compression = lzss]
                  0000404d    00000003     --HOLE-- [fill = 0]
                  00004050    0000000c     (__TI_handler_table)
                  0000405c    00000004     --HOLE-- [fill = 0]
                  00004060    00000008     (.cinit..bss.load) [load image, compression = zero_init]
                  00004068    00000010     (__TI_cinit_table)

.init_array 
*          0    00000000    00000000     UNINITIALIZED

.binit     0    00000000    00000000     

.sysmem    0    20000000    00000800     UNINITIALIZED
                  20000000    00000008     rtsv7M4_T_le_v4SPD16_eabi.lib : memory.c.obj (.sysmem)
                  20000008    000007f8     --HOLE--

.bss       0    20000800    0000002a     UNINITIALIZED
                  20000800    0000001c     (.common:g_sContext)
                  2000081c    00000004     main.obj (.bss:resultsBuffer)
                  20000820    00000002     (.common:Lcd_ScreenHeigth)
                  20000822    00000002     (.common:Lcd_ScreenWidth)
                  20000824    00000002     (.common:Lcd_TouchTrim)
                  20000826    00000001     (.common:Lcd_FlagRead)
                  20000827    00000001     (.common:Lcd_FontSolid)
                  20000828    00000001     (.common:Lcd_Orientation)
                  20000829    00000001     (.common:Lcd_PenSolid)

.data      0    2000082c    00000014     UNINITIALIZED
                  2000082c    00000010     Crystalfontz128x128_ST7735.obj (.data:g_sCrystalfontz128x128)
                  2000083c    00000004     rtsv7M4_T_le_v4SPD16_eabi.lib : errno.c.obj (.data)

.stack     0    2000fe00    00000200     UNINITIALIZED
                  2000fe00    00000004     rtsv7M4_T_le_v4SPD16_eabi.lib : boot_cortex_m.c.obj (.stack)
                  2000fe04    000001fc     --HOLE--

MODULE SUMMARY

       Module                                               code    ro data   rw data
       ------                                               ----    -------   -------
    ./
       main.obj                                             592     0         64     
       system_msp432p401r.obj                               120     0         0      
    +--+----------------------------------------------------+-------+---------+---------+
       Total:                                               712     0         64     
                                                                                     
    ./LcdDriver/
       Crystalfontz128x128_ST7735.obj                       1670    40        52     
       HAL_MSP_EXP432P401R_Crystalfontz128x128_ST7735.obj   212     28        0      
    +--+----------------------------------------------------+-------+---------+---------+
       Total:                                               1882    68        52     
                                                                                     
    ./ccs/
       startup_msp432p401r_ccs.obj                          14      228       0      
    +--+----------------------------------------------------+-------+---------+---------+
       Total:                                               14      228       0      
                                                                                     
    /Applications/ti/ccsv8/tools/compiler/ti-cgt-arm_18.1.4.LTS/lib/rtsv7M4_T_le_v4SPD16_eabi.lib
       _printfi.c.obj                                       4867    0         0      
       fd_add_t2.asm.obj                                    438     0         0      
       fd_div_t2.asm.obj                                    310     0         0      
       s_scalbn.c.obj                                       272     0         0      
       fd_cmp_t2.asm.obj                                    268     0         0      
       ctype.c.obj                                          0       257       0      
       fd_mul_t2.asm.obj                                    252     0         0      
       memcpy_t2.asm.obj                                    156     0         0      
       ull_div_t2.asm.obj                                   150     0         0      
       memset_t2.asm.obj                                    122     0         0      
       copy_decompress_lzss.c.obj                           104     0         0      
       s_frexp.c.obj                                        100     0         0      
       sprintf.c.obj                                        98      0         0      
       ltoa.c.obj                                           84      0         0      
       atoi.c.obj                                           76      0         0      
       fd_toi_t2.asm.obj                                    72      0         0      
       autoinit.c.obj                                       68      0         0      
       boot_cortex_m.c.obj                                  56      0         0      
       i_tofd_t2.asm.obj                                    46      0         0      
       memccpy.c.obj                                        28      0         0      
       strchr.c.obj                                         22      0         0      
       s_copysign.c.obj                                     20      0         0      
       strlen.c.obj                                         20      0         0      
       copy_zero_init.c.obj                                 18      0         0      
       wcslen.c.obj                                         18      0         0      
       errno.c.obj                                          8       0         8      
       copy_decompress_none.c.obj                           14      0         0      
       exit.c.obj                                           4       0         0      
       pre_init.c.obj                                       4       0         0      
       div0.asm.obj                                         2       0         0      
    +--+----------------------------------------------------+-------+---------+---------+
       Total:                                               7697    257       8      
                                                                                     
    /Users/LuisDavidRuiz/ti/simplelink_msp432p4_sdk_2_30_00_14/source/ti/devices/msp432p4xx/driverlib/ccs/msp432p4xx_driverlib.lib
       pcm.o                                                848     0         0      
       adc14.o                                              528     128       0      
       cs.o                                                 356     0         0      
       gpio.o                                               280     48        0      
       spi.o                                                312     0         0      
       flash.o                                              72      0         0      
       interrupt.o                                          16      0         0      
       cpu.o                                                12      0         0      
    +--+----------------------------------------------------+-------+---------+---------+
       Total:                                               2424    176       0      
                                                                                     
    /Users/LuisDavidRuiz/ti/simplelink_msp432p4_sdk_2_30_00_14/source/ti/grlib/lib/ccs/m4f/grlib.a
       string.obj                                           1536    0         0      
       fontfixed6x8.obj                                     0       960       0      
       context.obj                                          174     0         0      
       line.obj                                             156     0         0      
       display.obj                                          146     0         0      
    +--+----------------------------------------------------+-------+---------+---------+
       Total:                                               2012    960       0      
                                                                                     
       Heap:                                                0       0         4096   
       Stack:                                               0       0         1024   
       Linker Generated:                                    0       49        0      
    +--+----------------------------------------------------+-------+---------+---------+
       Grand Total:                                         14741   1738      5244   


LINKER GENERATED COPY TABLES

__TI_cinit_table @ 00004068 records: 2, size/record: 8, table size: 16
	.data: load addr=00004040, load size=0000000d bytes, run addr=2000082c, run size=00000014 bytes, compression=lzss
	.bss: load addr=00004060, load size=00000008 bytes, run addr=20000800, run size=0000002a bytes, compression=zero_init


LINKER GENERATED HANDLER TABLE

__TI_handler_table @ 00004050 records: 3, size/record: 4, table size: 12
	index: 0, handler: __TI_decompress_lzss
	index: 1, handler: __TI_decompress_none
	index: 2, handler: __TI_zero_init


GLOBAL SYMBOLS: SORTED ALPHABETICALLY BY Name 

address   name                                       
-------   ----                                       
000026f5  ADC14_IRQHandler                           
000026f5  ADC14_IRQHandler                           
000036bd  ADC14_clearInterruptFlag                   
000035a9  ADC14_getEnabledInterruptStatus            
0000374d  ADC14_getInterruptStatus                   
00003875  ADC14_getResult                            
0000178f  AES256_IRQHandler                          
0000178f  BusFault_Handler                           
00003a85  C$$EXIT                                    
0000178f  COMP_E0_IRQHandler                         
0000178f  COMP_E1_IRQHandler                         
00003a4d  CPU_cpsid                                  
0000178f  CS_IRQHandler                              
00001f65  CS_initClockSignal                         
00003689  CS_setDCOCenteredFrequency                 
00002095  Crystalfontz128x128_Init                   
00001e31  Crystalfontz128x128_SetDrawFrame           
00003135  Crystalfontz128x128_SetOrientation         
0000178f  DMA_ERR_IRQHandler                         
0000178f  DMA_INT0_IRQHandler                        
0000178f  DMA_INT1_IRQHandler                        
0000178f  DMA_INT2_IRQHandler                        
0000178f  DMA_INT3_IRQHandler                        
0000178f  DebugMon_Handler                           
0000178f  Default_Handler                            
0000178f  EUSCIA0_IRQHandler                         
0000178f  EUSCIA1_IRQHandler                         
0000178f  EUSCIA2_IRQHandler                         
0000178f  EUSCIA3_IRQHandler                         
0000178f  EUSCIB0_IRQHandler                         
0000178f  EUSCIB1_IRQHandler                         
0000178f  EUSCIB2_IRQHandler                         
0000178f  EUSCIB3_IRQHandler                         
0000392f  EUSCI_A_SPI_enable                         
00003945  EUSCI_B_SPI_enable                         
0000178f  FLCTL_IRQHandler                           
0000178f  FPU_IRQHandler                             
000032cd  FlashCtl_setWaitState                      
00003429  GPIO_setAsOutputPin                        
00002ba1  GPIO_setAsPeripheralModuleFunctionOutputPin
00003825  GPIO_setOutputHighOnPin                    
0000384d  GPIO_setOutputLowOnPin                     
000039d9  Graphics_clearDisplay                      
000038c9  Graphics_clearDisplayOnDisplay             
00003651  Graphics_drawHorizontalLineOnDisplay       
000029d3  Graphics_drawLineH                         
000037a5  Graphics_drawPixelOnDisplay                
00000b43  Graphics_drawString                        
00003315  Graphics_drawStringCentered                
000025f9  Graphics_getStringWidth                    
000031dd  Graphics_initContext                       
000038e3  Graphics_setBackgroundColor                
000038fd  Graphics_setFont                           
0000395b  Graphics_setForegroundColor                
00003971  Graphics_translateColorOnDisplay           
000036ed  HAL_LCD_PortInit                           
000034a9  HAL_LCD_SpiInit                            
000035e1  HAL_LCD_writeCommand                       
000037d1  HAL_LCD_writeData                          
0000178f  HardFault_Handler                          
00003a0f  Interrupt_disableMaster                    
20000826  Lcd_FlagRead                               
20000827  Lcd_FontSolid                              
20000828  Lcd_Orientation                            
20000829  Lcd_PenSolid                               
20000820  Lcd_ScreenHeigth                           
20000822  Lcd_ScreenWidth                            
20000824  Lcd_TouchTrim                              
0000178f  MemManage_Handler                          
0000178f  NMI_Handler                                
0000178f  PCM_IRQHandler                             
00003025  PCM_getCoreVoltageLevel                    
00003083  PCM_getPowerMode                           
0000399d  PCM_getPowerState                          
00003a1f  PCM_setCoreVoltageLevel                    
00003a2f  PCM_setPowerMode                           
0000178f  PORT1_IRQHandler                           
0000178f  PORT2_IRQHandler                           
0000178f  PORT3_IRQHandler                           
0000178f  PORT4_IRQHandler                           
0000178f  PORT5_IRQHandler                           
0000178f  PORT6_IRQHandler                           
0000178f  PSS_IRQHandler                             
0000178f  PendSV_Handler                             
0000178f  RTC_C_IRQHandler                           
00003a59  Reset_Handler                              
00003891  SPI_enableModule                           
00002887  SPI_initMaster                             
0000178f  SVC_Handler                                
0000178f  SysTick_Handler                            
00002db1  SystemInit                                 
0000178f  T32_INT1_IRQHandler                        
0000178f  T32_INT2_IRQHandler                        
0000178f  T32_INTC_IRQHandler                        
0000178f  TA0_0_IRQHandler                           
0000178f  TA0_N_IRQHandler                           
0000178f  TA1_0_IRQHandler                           
0000178f  TA1_N_IRQHandler                           
0000178f  TA2_0_IRQHandler                           
0000178f  TA2_N_IRQHandler                           
0000178f  TA3_0_IRQHandler                           
0000178f  TA3_N_IRQHandler                           
0000178f  UsageFault_Handler                         
4000480c  WDTCTL_SYM                                 
0000178f  WDT_A_IRQHandler                           
20010000  __STACK_END                                
00000200  __STACK_SIZE                               
00000800  __SYSMEM_SIZE                              
00004068  __TI_CINIT_Base                            
00004078  __TI_CINIT_Limit                           
00004050  __TI_Handler_Table_Base                    
0000405c  __TI_Handler_Table_Limit                   
000033a5  __TI_auto_init_nobinit_nopinit             
00002e97  __TI_decompress_lzss                       
00003a3f  __TI_decompress_none                       
ffffffff  __TI_pprof_out_hndl                        
000000e5  __TI_printfi                               
ffffffff  __TI_prof_data_size                        
ffffffff  __TI_prof_data_start                       
00000000  __TI_static_base__                         
000039eb  __TI_zero_init_nomemset                    
00002c29  __aeabi_cdcmpeq                            
00002c29  __aeabi_cdcmple                            
00002caf  __aeabi_cdrcmple                           
0000335d  __aeabi_d2iz                               
000015e3  __aeabi_dadd                               
00001cf9  __aeabi_ddiv                               
000024fd  __aeabi_dmul                               
000015d9  __aeabi_dsub                               
00003a79  __aeabi_errno_addr                         
0000371d  __aeabi_i2d                                
00001e2f  __aeabi_idiv0                              
00001e2f  __aeabi_ldiv0                              
00002d35  __aeabi_memclr                             
00002d35  __aeabi_memclr4                            
00002d35  __aeabi_memclr8                            
00002a6f  __aeabi_memcpy                             
00002a6f  __aeabi_memcpy4                            
00002a6f  __aeabi_memcpy8                            
00002d37  __aeabi_memset                             
00002d37  __aeabi_memset4                            
00002d37  __aeabi_memset8                            
00002b0b  __aeabi_uldivmod                           
ffffffff  __binit__                                  
ffffffff  __c_args__                                 
UNDEFED   __mpu_init                                 
2000fe00  __stack                                    
00003619  _c_int00_noargs                            
00003d80  _ctypes_                                   
20000000  _sys_memory                                
UNDEFED   _system_post_cinit                         
00003a81  _system_pre_init                           
00003a85  abort                                      
00003281  atoi                                       
ffffffff  binit                                      
000039b1  copysign                                   
000039b1  copysignl                                  
2000083c  errno                                      
00002f01  frexp                                      
00002f01  frexpl                                     
20000800  g_sContext                                 
2000082c  g_sCrystalfontz128x128                     
00003ffc  g_sCrystalfontz128x128_funcs               
00003e84  g_sFontFixed6x8                            
00000000  interruptVectors                           
000022e5  ldexp                                      
000022e5  ldexpl                                     
00003189  ltoa                                       
00001791  main                                       
000038ad  memccpy                                    
00002a6f  memcpy                                     
00002d3d  memset                                     
000022e5  scalbn                                     
000022e5  scalbnl                                    
00003529  sprintf                                    
00003987  strchr                                     
000039c5  strlen                                     
000039fd  wcslen                                     


GLOBAL SYMBOLS: SORTED BY Symbol Address 

address   name                                       
-------   ----                                       
00000000  __TI_static_base__                         
00000000  interruptVectors                           
000000e5  __TI_printfi                               
00000200  __STACK_SIZE                               
00000800  __SYSMEM_SIZE                              
00000b43  Graphics_drawString                        
000015d9  __aeabi_dsub                               
000015e3  __aeabi_dadd                               
0000178f  AES256_IRQHandler                          
0000178f  BusFault_Handler                           
0000178f  COMP_E0_IRQHandler                         
0000178f  COMP_E1_IRQHandler                         
0000178f  CS_IRQHandler                              
0000178f  DMA_ERR_IRQHandler                         
0000178f  DMA_INT0_IRQHandler                        
0000178f  DMA_INT1_IRQHandler                        
0000178f  DMA_INT2_IRQHandler                        
0000178f  DMA_INT3_IRQHandler                        
0000178f  DebugMon_Handler                           
0000178f  Default_Handler                            
0000178f  EUSCIA0_IRQHandler                         
0000178f  EUSCIA1_IRQHandler                         
0000178f  EUSCIA2_IRQHandler                         
0000178f  EUSCIA3_IRQHandler                         
0000178f  EUSCIB0_IRQHandler                         
0000178f  EUSCIB1_IRQHandler                         
0000178f  EUSCIB2_IRQHandler                         
0000178f  EUSCIB3_IRQHandler                         
0000178f  FLCTL_IRQHandler                           
0000178f  FPU_IRQHandler                             
0000178f  HardFault_Handler                          
0000178f  MemManage_Handler                          
0000178f  NMI_Handler                                
0000178f  PCM_IRQHandler                             
0000178f  PORT1_IRQHandler                           
0000178f  PORT2_IRQHandler                           
0000178f  PORT3_IRQHandler                           
0000178f  PORT4_IRQHandler                           
0000178f  PORT5_IRQHandler                           
0000178f  PORT6_IRQHandler                           
0000178f  PSS_IRQHandler                             
0000178f  PendSV_Handler                             
0000178f  RTC_C_IRQHandler                           
0000178f  SVC_Handler                                
0000178f  SysTick_Handler                            
0000178f  T32_INT1_IRQHandler                        
0000178f  T32_INT2_IRQHandler                        
0000178f  T32_INTC_IRQHandler                        
0000178f  TA0_0_IRQHandler                           
0000178f  TA0_N_IRQHandler                           
0000178f  TA1_0_IRQHandler                           
0000178f  TA1_N_IRQHandler                           
0000178f  TA2_0_IRQHandler                           
0000178f  TA2_N_IRQHandler                           
0000178f  TA3_0_IRQHandler                           
0000178f  TA3_N_IRQHandler                           
0000178f  UsageFault_Handler                         
0000178f  WDT_A_IRQHandler                           
00001791  main                                       
00001cf9  __aeabi_ddiv                               
00001e2f  __aeabi_idiv0                              
00001e2f  __aeabi_ldiv0                              
00001e31  Crystalfontz128x128_SetDrawFrame           
00001f65  CS_initClockSignal                         
00002095  Crystalfontz128x128_Init                   
000022e5  ldexp                                      
000022e5  ldexpl                                     
000022e5  scalbn                                     
000022e5  scalbnl                                    
000024fd  __aeabi_dmul                               
000025f9  Graphics_getStringWidth                    
000026f5  ADC14_IRQHandler                           
000026f5  ADC14_IRQHandler                           
00002887  SPI_initMaster                             
000029d3  Graphics_drawLineH                         
00002a6f  __aeabi_memcpy                             
00002a6f  __aeabi_memcpy4                            
00002a6f  __aeabi_memcpy8                            
00002a6f  memcpy                                     
00002b0b  __aeabi_uldivmod                           
00002ba1  GPIO_setAsPeripheralModuleFunctionOutputPin
00002c29  __aeabi_cdcmpeq                            
00002c29  __aeabi_cdcmple                            
00002caf  __aeabi_cdrcmple                           
00002d35  __aeabi_memclr                             
00002d35  __aeabi_memclr4                            
00002d35  __aeabi_memclr8                            
00002d37  __aeabi_memset                             
00002d37  __aeabi_memset4                            
00002d37  __aeabi_memset8                            
00002d3d  memset                                     
00002db1  SystemInit                                 
00002e97  __TI_decompress_lzss                       
00002f01  frexp                                      
00002f01  frexpl                                     
00003025  PCM_getCoreVoltageLevel                    
00003083  PCM_getPowerMode                           
00003135  Crystalfontz128x128_SetOrientation         
00003189  ltoa                                       
000031dd  Graphics_initContext                       
00003281  atoi                                       
000032cd  FlashCtl_setWaitState                      
00003315  Graphics_drawStringCentered                
0000335d  __aeabi_d2iz                               
000033a5  __TI_auto_init_nobinit_nopinit             
00003429  GPIO_setAsOutputPin                        
000034a9  HAL_LCD_SpiInit                            
00003529  sprintf                                    
000035a9  ADC14_getEnabledInterruptStatus            
000035e1  HAL_LCD_writeCommand                       
00003619  _c_int00_noargs                            
00003651  Graphics_drawHorizontalLineOnDisplay       
00003689  CS_setDCOCenteredFrequency                 
000036bd  ADC14_clearInterruptFlag                   
000036ed  HAL_LCD_PortInit                           
0000371d  __aeabi_i2d                                
0000374d  ADC14_getInterruptStatus                   
000037a5  Graphics_drawPixelOnDisplay                
000037d1  HAL_LCD_writeData                          
00003825  GPIO_setOutputHighOnPin                    
0000384d  GPIO_setOutputLowOnPin                     
00003875  ADC14_getResult                            
00003891  SPI_enableModule                           
000038ad  memccpy                                    
000038c9  Graphics_clearDisplayOnDisplay             
000038e3  Graphics_setBackgroundColor                
000038fd  Graphics_setFont                           
0000392f  EUSCI_A_SPI_enable                         
00003945  EUSCI_B_SPI_enable                         
0000395b  Graphics_setForegroundColor                
00003971  Graphics_translateColorOnDisplay           
00003987  strchr                                     
0000399d  PCM_getPowerState                          
000039b1  copysign                                   
000039b1  copysignl                                  
000039c5  strlen                                     
000039d9  Graphics_clearDisplay                      
000039eb  __TI_zero_init_nomemset                    
000039fd  wcslen                                     
00003a0f  Interrupt_disableMaster                    
00003a1f  PCM_setCoreVoltageLevel                    
00003a2f  PCM_setPowerMode                           
00003a3f  __TI_decompress_none                       
00003a4d  CPU_cpsid                                  
00003a59  Reset_Handler                              
00003a79  __aeabi_errno_addr                         
00003a81  _system_pre_init                           
00003a85  C$$EXIT                                    
00003a85  abort                                      
00003d80  _ctypes_                                   
00003e84  g_sFontFixed6x8                            
00003ffc  g_sCrystalfontz128x128_funcs               
00004050  __TI_Handler_Table_Base                    
0000405c  __TI_Handler_Table_Limit                   
00004068  __TI_CINIT_Base                            
00004078  __TI_CINIT_Limit                           
20000000  _sys_memory                                
20000800  g_sContext                                 
20000820  Lcd_ScreenHeigth                           
20000822  Lcd_ScreenWidth                            
20000824  Lcd_TouchTrim                              
20000826  Lcd_FlagRead                               
20000827  Lcd_FontSolid                              
20000828  Lcd_Orientation                            
20000829  Lcd_PenSolid                               
2000082c  g_sCrystalfontz128x128                     
2000083c  errno                                      
2000fe00  __stack                                    
20010000  __STACK_END                                
4000480c  WDTCTL_SYM                                 
ffffffff  __TI_pprof_out_hndl                        
ffffffff  __TI_prof_data_size                        
ffffffff  __TI_prof_data_start                       
ffffffff  __binit__                                  
ffffffff  __c_args__                                 
ffffffff  binit                                      
UNDEFED   __mpu_init                                 
UNDEFED   _system_post_cinit                         

[178 symbols]
